Archive member included to satisfy reference by file (symbol)

C:/ST/STM32CubeIDE_1.17.0/STM32CubeIDE/plugins/com.st.stm32cube.ide.mcu.externaltools.gnu-tools-for-stm32.12.3.rel1.win32_1.1.0.202410251130/tools/bin/../lib/gcc/arm-none-eabi/12.3.1/../../../../arm-none-eabi/lib/thumb/v7e-m+fp/hard\libc_nano.a(libc_a-exit.o)
                              C:/ST/STM32CubeIDE_1.17.0/STM32CubeIDE/plugins/com.st.stm32cube.ide.mcu.externaltools.gnu-tools-for-stm32.12.3.rel1.win32_1.1.0.202410251130/tools/bin/../lib/gcc/arm-none-eabi/12.3.1/../../../../arm-none-eabi/lib/thumb/v7e-m+fp/hard/crt0.o (exit)
C:/ST/STM32CubeIDE_1.17.0/STM32CubeIDE/plugins/com.st.stm32cube.ide.mcu.externaltools.gnu-tools-for-stm32.12.3.rel1.win32_1.1.0.202410251130/tools/bin/../lib/gcc/arm-none-eabi/12.3.1/../../../../arm-none-eabi/lib/thumb/v7e-m+fp/hard\libc_nano.a(libc_a-findfp.o)
                              C:/ST/STM32CubeIDE_1.17.0/STM32CubeIDE/plugins/com.st.stm32cube.ide.mcu.externaltools.gnu-tools-for-stm32.12.3.rel1.win32_1.1.0.202410251130/tools/bin/../lib/gcc/arm-none-eabi/12.3.1/../../../../arm-none-eabi/lib/thumb/v7e-m+fp/hard\libc_nano.a(libc_a-exit.o) (__stdio_exit_handler)
C:/ST/STM32CubeIDE_1.17.0/STM32CubeIDE/plugins/com.st.stm32cube.ide.mcu.externaltools.gnu-tools-for-stm32.12.3.rel1.win32_1.1.0.202410251130/tools/bin/../lib/gcc/arm-none-eabi/12.3.1/../../../../arm-none-eabi/lib/thumb/v7e-m+fp/hard\libc_nano.a(libc_a-fwalk.o)
                              C:/ST/STM32CubeIDE_1.17.0/STM32CubeIDE/plugins/com.st.stm32cube.ide.mcu.externaltools.gnu-tools-for-stm32.12.3.rel1.win32_1.1.0.202410251130/tools/bin/../lib/gcc/arm-none-eabi/12.3.1/../../../../arm-none-eabi/lib/thumb/v7e-m+fp/hard\libc_nano.a(libc_a-findfp.o) (_fwalk_sglue)
C:/ST/STM32CubeIDE_1.17.0/STM32CubeIDE/plugins/com.st.stm32cube.ide.mcu.externaltools.gnu-tools-for-stm32.12.3.rel1.win32_1.1.0.202410251130/tools/bin/../lib/gcc/arm-none-eabi/12.3.1/../../../../arm-none-eabi/lib/thumb/v7e-m+fp/hard\libc_nano.a(libc_a-stdio.o)
                              C:/ST/STM32CubeIDE_1.17.0/STM32CubeIDE/plugins/com.st.stm32cube.ide.mcu.externaltools.gnu-tools-for-stm32.12.3.rel1.win32_1.1.0.202410251130/tools/bin/../lib/gcc/arm-none-eabi/12.3.1/../../../../arm-none-eabi/lib/thumb/v7e-m+fp/hard\libc_nano.a(libc_a-findfp.o) (__sread)
C:/ST/STM32CubeIDE_1.17.0/STM32CubeIDE/plugins/com.st.stm32cube.ide.mcu.externaltools.gnu-tools-for-stm32.12.3.rel1.win32_1.1.0.202410251130/tools/bin/../lib/gcc/arm-none-eabi/12.3.1/../../../../arm-none-eabi/lib/thumb/v7e-m+fp/hard\libc_nano.a(libc_a-memset.o)
                              C:/ST/STM32CubeIDE_1.17.0/STM32CubeIDE/plugins/com.st.stm32cube.ide.mcu.externaltools.gnu-tools-for-stm32.12.3.rel1.win32_1.1.0.202410251130/tools/bin/../lib/gcc/arm-none-eabi/12.3.1/../../../../arm-none-eabi/lib/thumb/v7e-m+fp/hard/crt0.o (memset)
C:/ST/STM32CubeIDE_1.17.0/STM32CubeIDE/plugins/com.st.stm32cube.ide.mcu.externaltools.gnu-tools-for-stm32.12.3.rel1.win32_1.1.0.202410251130/tools/bin/../lib/gcc/arm-none-eabi/12.3.1/../../../../arm-none-eabi/lib/thumb/v7e-m+fp/hard\libc_nano.a(libc_a-closer.o)
                              C:/ST/STM32CubeIDE_1.17.0/STM32CubeIDE/plugins/com.st.stm32cube.ide.mcu.externaltools.gnu-tools-for-stm32.12.3.rel1.win32_1.1.0.202410251130/tools/bin/../lib/gcc/arm-none-eabi/12.3.1/../../../../arm-none-eabi/lib/thumb/v7e-m+fp/hard\libc_nano.a(libc_a-stdio.o) (_close_r)
C:/ST/STM32CubeIDE_1.17.0/STM32CubeIDE/plugins/com.st.stm32cube.ide.mcu.externaltools.gnu-tools-for-stm32.12.3.rel1.win32_1.1.0.202410251130/tools/bin/../lib/gcc/arm-none-eabi/12.3.1/../../../../arm-none-eabi/lib/thumb/v7e-m+fp/hard\libc_nano.a(libc_a-reent.o)
                              C:/ST/STM32CubeIDE_1.17.0/STM32CubeIDE/plugins/com.st.stm32cube.ide.mcu.externaltools.gnu-tools-for-stm32.12.3.rel1.win32_1.1.0.202410251130/tools/bin/../lib/gcc/arm-none-eabi/12.3.1/../../../../arm-none-eabi/lib/thumb/v7e-m+fp/hard\libc_nano.a(libc_a-closer.o) (errno)
C:/ST/STM32CubeIDE_1.17.0/STM32CubeIDE/plugins/com.st.stm32cube.ide.mcu.externaltools.gnu-tools-for-stm32.12.3.rel1.win32_1.1.0.202410251130/tools/bin/../lib/gcc/arm-none-eabi/12.3.1/../../../../arm-none-eabi/lib/thumb/v7e-m+fp/hard\libc_nano.a(libc_a-impure.o)
                              C:/ST/STM32CubeIDE_1.17.0/STM32CubeIDE/plugins/com.st.stm32cube.ide.mcu.externaltools.gnu-tools-for-stm32.12.3.rel1.win32_1.1.0.202410251130/tools/bin/../lib/gcc/arm-none-eabi/12.3.1/../../../../arm-none-eabi/lib/thumb/v7e-m+fp/hard\libc_nano.a(libc_a-reent.o) (_impure_ptr)
C:/ST/STM32CubeIDE_1.17.0/STM32CubeIDE/plugins/com.st.stm32cube.ide.mcu.externaltools.gnu-tools-for-stm32.12.3.rel1.win32_1.1.0.202410251130/tools/bin/../lib/gcc/arm-none-eabi/12.3.1/../../../../arm-none-eabi/lib/thumb/v7e-m+fp/hard\libc_nano.a(libc_a-lseekr.o)
[...]
Memory Configuration

Name             Origin             Length             Attributes
CCMRAM           0x10000000         0x00010000         xrw
RAM              0x20000000         0x00030000         xrw
FLASH            0x08000000         0x00100000         xr
*default*        0x00000000         0xffffffff

Linker script and memory map

LOAD C:/ST/STM32CubeIDE_1.17.0/STM32CubeIDE/plugins/com.st.stm32cube.ide.mcu.externaltools.gnu-tools-for-stm32.12.3.rel1.win32_1.1.0.202410251130/tools/bin/../lib/gcc/arm-none-eabi/12.3.1/thumb/v7e-m+fp/hard/crti.o
LOAD C:/ST/STM32CubeIDE_1.17.0/STM32CubeIDE/plugins/com.st.stm32cube.ide.mcu.externaltools.gnu-tools-for-stm32.12.3.rel1.win32_1.1.0.202410251130/tools/bin/../lib/gcc/arm-none-eabi/12.3.1/thumb/v7e-m+fp/hard/crtbegin.o
LOAD C:/ST/STM32CubeIDE_1.17.0/STM32CubeIDE/plugins/com.st.stm32cube.ide.mcu.externaltools.gnu-tools-for-stm32.12.3.rel1.win32_1.1.0.202410251130/tools/bin/../lib/gcc/arm-none-eabi/12.3.1/../../../../arm-none-eabi/lib/thumb/v7e-m+fp/hard/crt0.o
LOAD ./Core/Src/main.o
LOAD ./Core/Src/stm32f4xx_hal_msp.o
LOAD ./Core/Src/stm32f4xx_it.o
LOAD ./Core/Src/syscalls.o
LOAD ./Core/Src/sysmem.o
LOAD ./Core/Src/system_stm32f4xx.o
LOAD ./Core/Startup/startup_stm32f429igtx.o
LOAD ./Drivers/STM32F4xx_HAL_Driver/stm32f4xx_hal.o
LOAD ./Drivers/STM32F4xx_HAL_Driver/stm32f4xx_hal_cortex.o
LOAD ./Drivers/STM32F4xx_HAL_Driver/stm32f4xx_hal_dma.o
LOAD ./Drivers/STM32F4xx_HAL_Driver/stm32f4xx_hal_dma_ex.o
LOAD ./Drivers/STM32F4xx_HAL_Driver/stm32f4xx_hal_eth.o
LOAD ./Drivers/STM32F4xx_HAL_Driver/stm32f4xx_hal_exti.o
LOAD ./Drivers/STM32F4xx_HAL_Driver/stm32f4xx_hal_flash.o
LOAD ./Drivers/STM32F4xx_HAL_Driver/stm32f4xx_hal_flash_ex.o
LOAD ./Drivers/STM32F4xx_HAL_Driver/stm32f4xx_hal_flash_ramfunc.o
LOAD ./Drivers/STM32F4xx_HAL_Driver/stm32f4xx_hal_gpio.o
LOAD ./Drivers/STM32F4xx_HAL_Driver/stm32f4xx_hal_pwr.o
LOAD ./Drivers/STM32F4xx_HAL_Driver/stm32f4xx_hal_pwr_ex.o
LOAD ./Drivers/STM32F4xx_HAL_Driver/stm32f4xx_hal_rcc.o
LOAD ./Drivers/STM32F4xx_HAL_Driver/stm32f4xx_hal_rcc_ex.o
LOAD ./Drivers/STM32F4xx_HAL_Driver/stm32f4xx_hal_tim.o
LOAD ./Drivers/STM32F4xx_HAL_Driver/stm32f4xx_hal_tim_ex.o
LOAD ./Drivers/STM32F4xx_HAL_Driver/stm32f4xx_hal_uart.o
START GROUP
LOAD C:/ST/STM32CubeIDE_1.17.0/STM32CubeIDE/plugins/com.st.stm32cube.ide.mcu.externaltools.gnu-tools-for-stm32.12.3.rel1.win32_1.1.0.202410251130/tools/bin/../lib/gcc/arm-none-eabi/12.3.1/../../../../arm-none-eabi/lib/thumb/v7e-m+fp/hard\libc_nano.a
LOAD C:/ST/STM32CubeIDE_1.17.0/STM32CubeIDE/plugins/com.st.stm32cube.ide.mcu.externaltools.gnu-tools-for-stm32.12.3.rel1.win32_1.1.0.202410251130/tools/bin/../lib/gcc/arm-none-eabi/12.3.1/../../../../arm-none-eabi/lib/thumb/v7e-m+fp/hard\libm.a
END GROUP
START GROUP
LOAD C:/ST/STM32CubeIDE_1.17.0/STM32CubeIDE/plugins/com.st.stm32cube.ide.mcu.externaltools.gnu-tools-for-stm32.12.3.rel1.win32_1.1.0.202410251130/tools/bin/../lib/gcc/arm-none-eabi/12.3.1/thumb/v7e-m+fp/hard\libgcc.a
LOAD C:/ST/STM32CubeIDE_1.17.0/STM32CubeIDE/plugins/com.st.stm32cube.ide.mcu.externaltools.gnu-tools-for-stm32.12.3.rel1.win32_1.1.0.202410251130/tools/bin/../lib/gcc/arm-none-eabi/12.3.1/../../../../arm-none-eabi/lib/thumb/v7e-m+fp/hard\libc_nano.a
END GROUP
START GROUP
LOAD C:/ST/STM32CubeIDE_1.17.0/STM32CubeIDE/plugins/com.st.stm32cube.ide.mcu.externaltools.gnu-tools-for-stm32.12.3.rel1.win32_1.1.0.202410251130/tools/bin/../lib/gcc/arm-none-eabi/12.3.1/thumb/v7e-m+fp/hard\libgcc.a
LOAD C:/ST/STM32CubeIDE_1.17.0/STM32CubeIDE/plugins/com.st.stm32cube.ide.mcu.externaltools.gnu-tools-for-stm32.12.3.rel1.win32_1.1.0.202410251130/tools/bin/../lib/gcc/arm-none-eabi/12.3.1/../../../../arm-none-eabi/lib/thumb/v7e-m+fp/hard\libc_nano.a
LOAD C:/ST/STM32CubeIDE_1.17.0/STM32CubeIDE/plugins/com.st.stm32cube.ide.mcu.externaltools.gnu-tools-for-stm32.12.3.rel1.win32_1.1.0.202410251130/tools/bin/../lib/gcc/arm-none-eabi/12.3.1/../../../../arm-none-eabi/lib/thumb/v7e-m+fp/hard\libnosys.a
END GROUP
START GROUP
LOAD C:/ST/STM32CubeIDE_1.17.0/STM32CubeIDE/plugins/com.st.stm32cube.ide.mcu.externaltools.gnu-tools-for-stm32.12.3.rel1.win32_1.1.0.202410251130/tools/bin/../lib/gcc/arm-none-eabi/12.3.1/thumb/v7e-m+fp/hard\libgcc.a
LOAD C:/ST/STM32CubeIDE_1.17.0/STM32CubeIDE/plugins/com.st.stm32cube.ide.mcu.externaltools.gnu-tools-for-stm32.12.3.rel1.win32_1.1.0.202410251130/tools/bin/../lib/gcc/arm-none-eabi/12.3.1/../../../../arm-none-eabi/lib/thumb/v7e-m+fp/hard\libc_nano.a
LOAD C:/ST/STM32CubeIDE_1.17.0/STM32CubeIDE/plugins/com.st.stm32cube.ide.mcu.externaltools.gnu-tools-for-stm32.12.3.rel1.win32_1.1.0.202410251130/tools/bin/../lib/gcc/arm-none-eabi/12.3.1/../../../../arm-none-eabi/lib/thumb/v7e-m+fp/hard\libnosys.a
END GROUP
LOAD C:/ST/STM32CubeIDE_1.17.0/STM32CubeIDE/plugins/com.st.stm32cube.ide.mcu.externaltools.gnu-tools-for-stm32.12.3.rel1.win32_1.1.0.202410251130/tools/bin/../lib/gcc/arm-none-eabi/12.3.1/thumb/v7e-m+fp/hard/crtend.o
LOAD C:/ST/STM32CubeIDE_1.17.0/STM32CubeIDE/plugins/com.st.stm32cube.ide.mcu.externaltools.gnu-tools-for-stm32.12.3.rel1.win32_1.1.0.202410251130/tools/bin/../lib/gcc/arm-none-eabi/12.3.1/thumb/v7e-m+fp/hard/crtn.o
                0x20030000                        _estack = (ORIGIN (RAM) + LENGTH (RAM))
                0x00000200                        _Min_Heap_Size = 0x200
                0x00000400                        _Min_Stack_Size = 0x400

.isr_vector     0x08000000      0x1ac
                0x08000000                        . = ALIGN (0x4)
 *(.isr_vector)
 .isr_vector    0x08000000      0x1ac ./Core/Startup/startup_stm32f429igtx.o
                0x08000000                g_pfnVectors
                0x080001ac                        . = ALIGN (0x4)

.text           0x080001ac     0x3ee8
                0x080001ac                        . = ALIGN (0x4)
 *(.text)
 .text          0x080001ac       0x40 C:/ST/STM32CubeIDE_1.17.0/STM32CubeIDE/plugins/com.st.stm32cube.ide.mcu.externaltools.gnu-tools-for-stm32.12.3.rel1.win32_1.1.0.202410251130/tools/bin/../lib/gcc/arm-none-eabi/12.3.1/thumb/v7e-m+fp/hard/crtbegin.o
 .text          0x080001ec       0x30 C:/ST/STM32CubeIDE_1.17.0/STM32CubeIDE/plugins/com.st.stm32cube.ide.mcu.externaltools.gnu-tools-for-stm32.12.3.rel1.win32_1.1.0.202410251130/tools/bin/../lib/gcc/arm-none-eabi/12.3.1/thumb/v7e-m+fp/hard\libgcc.a(_aeabi_uldivmod.o)
                0x080001ec                __aeabi_uldivmod
 .text          0x0800021c      0x2bc C:/ST/STM32CubeIDE_1.17.0/STM32CubeIDE/plugins/com.st.stm32cube.ide.mcu.externaltools.gnu-tools-for-stm32.12.3.rel1.win32_1.1.0.202410251130/tools/bin/../lib/gcc/arm-none-eabi/12.3.1/thumb/v7e-m+fp/hard\libgcc.a(_udivmoddi4.o)
                0x0800021c                __udivmoddi4
 .text          0x080004d8        0x4 C:/ST/STM32CubeIDE_1.17.0/STM32CubeIDE/plugins/com.st.stm32cube.ide.mcu.externaltools.gnu-tools-for-stm32.12.3.rel1.win32_1.1.0.202410251130/tools/bin/../lib/gcc/arm-none-eabi/12.3.1/thumb/v7e-m+fp/hard\libgcc.a(_dvmd_tls.o)
                0x080004d8                __aeabi_idiv0
                0x080004d8                __aeabi_ldiv0
 *(.text*)
 .text.main     0x080004dc       0x36 ./Core/Src/main.o
                0x080004dc                main
 *fill*         0x08000512        0x2 
 .text.SystemClock_Config
                0x08000514       0xe0 ./Core/Src/main.o
                0x08000514                SystemClock_Config
 .text.MX_NVIC_Init
                0x080005f4       0x98 ./Core/Src/main.o
 .text.MX_ETH_Init
                0x0800068c       0x9c ./Core/Src/main.o
 .text.MX_TIM1_Init
                0x08000728       0xd0 ./Core/Src/main.o
 .text.MX_TIM5_Init
                0x080007f8       0xc8 ./Core/Src/main.o
 .text.MX_USART2_UART_Init
                0x080008c0       0x54 ./Core/Src/main.o
 .text.MX_GPIO_Init
                0x08000914       0xdc ./Core/Src/main.o
 .text.Error_Handler
                0x080009f0        0xc ./Core/Src/main.o
                0x080009f0                Error_Handler
 .text.HAL_MspInit
                0x080009fc       0x50 ./Core/Src/stm32f4xx_hal_msp.o
                0x080009fc                HAL_MspInit
 .text.HAL_ETH_MspInit
                0x08000a4c      0x14c ./Core/Src/stm32f4xx_hal_msp.o
                0x08000a4c                HAL_ETH_MspInit
 .text.HAL_TIM_Base_MspInit
                0x08000b98       0x70 ./Core/Src/stm32f4xx_hal_msp.o
                0x08000b98                HAL_TIM_Base_MspInit
 .text.HAL_UART_MspInit
                0x08000c08       0xd0 ./Core/Src/stm32f4xx_hal_msp.o
                0x08000c08                HAL_UART_MspInit
 .text.NMI_Handler
                0x08000cd8        0x8 ./Core/Src/stm32f4xx_it.o
                0x08000cd8                NMI_Handler
 .text.HardFault_Handler
                0x08000ce0        0x8 ./Core/Src/stm32f4xx_it.o
                0x08000ce0                HardFault_Handler
 .text.MemManage_Handler
                0x08000ce8        0x8 ./Core/Src/stm32f4xx_it.o
                0x08000ce8                MemManage_Handler
 .text.BusFault_Handler
                0x08000cf0        0x8 ./Core/Src/stm32f4xx_it.o
                0x08000cf0                BusFault_Handler
 .text.UsageFault_Handler
                0x08000cf8        0x8 ./Core/Src/stm32f4xx_it.o
                0x08000cf8                UsageFault_Handler
 .text.SVC_Handler
                0x08000d00        0xe ./Core/Src/stm32f4xx_it.o
                0x08000d00                SVC_Handler
 .text.DebugMon_Handler
                0x08000d0e        0xe ./Core/Src/stm32f4xx_it.o
                0x08000d0e                DebugMon_Handler
 .text.PendSV_Handler
                0x08000d1c        0xe ./Core/Src/stm32f4xx_it.o
                0x08000d1c                PendSV_Handler
 .text.SysTick_Handler
                0x08000d2a        0xc ./Core/Src/stm32f4xx_it.o
                0x08000d2a                SysTick_Handler
 .text.RCC_IRQHandler
                0x08000d36       0x1c ./Core/Src/stm32f4xx_it.o
                0x08000d36                RCC_IRQHandler
 *fill*         0x08000d52        0x2 
 .text.TIM1_BRK_TIM9_IRQHandler
                0x08000d54       0x14 ./Core/Src/stm32f4xx_it.o
                0x08000d54                TIM1_BRK_TIM9_IRQHandler
 .text.TIM1_UP_TIM10_IRQHandler
                0x08000d68       0x14 ./Core/Src/stm32f4xx_it.o
                0x08000d68                TIM1_UP_TIM10_IRQHandler
 .text.TIM1_TRG_COM_TIM11_IRQHandler
                0x08000d7c       0x14 ./Core/Src/stm32f4xx_it.o
                0x08000d7c                TIM1_TRG_COM_TIM11_IRQHandler
 .text.TIM1_CC_IRQHandler
                0x08000d90       0x14 ./Core/Src/stm32f4xx_it.o
                0x08000d90                TIM1_CC_IRQHandler
 .text.USART2_IRQHandler
                0x08000da4       0x14 ./Core/Src/stm32f4xx_it.o
                0x08000da4                USART2_IRQHandler
 .text.TIM5_IRQHandler
                0x08000db8       0x14 ./Core/Src/stm32f4xx_it.o
                0x08000db8                TIM5_IRQHandler
 .text.ETH_IRQHandler
                0x08000dcc       0x14 ./Core/Src/stm32f4xx_it.o
                0x08000dcc                ETH_IRQHandler
 .text.ETH_WKUP_IRQHandler
                0x08000de0       0x14 ./Core/Src/stm32f4xx_it.o
                0x08000de0                ETH_WKUP_IRQHandler
 .text.SystemInit
                0x08000df4       0x24 ./Core/Src/system_stm32f4xx.o
                0x08000df4                SystemInit
 .text.Reset_Handler
                0x08000e18       0x50 ./Core/Startup/startup_stm32f429igtx.o
                0x08000e18                Reset_Handler
 .text.Default_Handler
                0x08000e68        0x2 ./Core/Startup/startup_stm32f429igtx.o
                0x08000e68                RTC_Alarm_IRQHandler
                0x08000e68                HASH_RNG_IRQHandler
                0x08000e68                EXTI2_IRQHandler
                0x08000e68                TIM8_CC_IRQHandler
                0x08000e68                UART8_IRQHandler
                0x08000e68                SPI4_IRQHandler
                0x08000e68                DMA2_Stream5_IRQHandler
                0x08000e68                DMA1_Stream5_IRQHandler
                0x08000e68                PVD_IRQHandler
                0x08000e68                SDIO_IRQHandler
                0x08000e68                TAMP_STAMP_IRQHandler
                0x08000e68                CAN2_RX1_IRQHandler
                0x08000e68                EXTI3_IRQHandler
                0x08000e68                TIM8_TRG_COM_TIM14_IRQHandler
                0x08000e68                TIM8_UP_TIM13_IRQHandler
                0x08000e68                I2C3_ER_IRQHandler
                0x08000e68                EXTI0_IRQHandler
                0x08000e68                I2C2_EV_IRQHandler
                0x08000e68                DMA1_Stream2_IRQHandler
                0x08000e68                CAN1_RX0_IRQHandler
                0x08000e68                FPU_IRQHandler
                0x08000e68                OTG_HS_WKUP_IRQHandler
                0x08000e68                LTDC_ER_IRQHandler
                0x08000e68                CAN2_SCE_IRQHandler
                0x08000e68                DMA2_Stream2_IRQHandler
                0x08000e68                SPI1_IRQHandler
                0x08000e68                TIM6_DAC_IRQHandler
                0x08000e68                DCMI_IRQHandler
                0x08000e68                CAN2_RX0_IRQHandler
                0x08000e68                DMA2_Stream3_IRQHandler
                0x08000e68                USART6_IRQHandler
                0x08000e68                USART3_IRQHandler
                0x08000e68                CAN1_RX1_IRQHandler
                0x08000e68                UART5_IRQHandler
                0x08000e68                DMA2_Stream0_IRQHandler
                0x08000e68                TIM4_IRQHandler
                0x08000e68                I2C1_EV_IRQHandler
                0x08000e68                DMA1_Stream6_IRQHandler
                0x08000e68                DMA1_Stream1_IRQHandler
                0x08000e68                UART4_IRQHandler
                0x08000e68                TIM3_IRQHandler
                0x08000e68                TIM8_BRK_TIM12_IRQHandler
                0x08000e68                Default_Handler
                0x08000e68                EXTI15_10_IRQHandler
                0x08000e68                ADC_IRQHandler
                0x08000e68                DMA1_Stream7_IRQHandler
                0x08000e68                SPI5_IRQHandler
                0x08000e68                TIM7_IRQHandler
                0x08000e68                CAN2_TX_IRQHandler
                0x08000e68                DMA2_Stream7_IRQHandler
                0x08000e68                I2C3_EV_IRQHandler
                0x08000e68                EXTI9_5_IRQHandler
                0x08000e68                RTC_WKUP_IRQHandler
                0x08000e68                LTDC_IRQHandler
                0x08000e68                SPI2_IRQHandler
                0x08000e68                OTG_HS_EP1_IN_IRQHandler
                0x08000e68                DMA1_Stream0_IRQHandler
                0x08000e68                CAN1_TX_IRQHandler
                0x08000e68                EXTI4_IRQHandler
                0x08000e68                OTG_HS_EP1_OUT_IRQHandler
                0x08000e68                WWDG_IRQHandler
                0x08000e68                SPI6_IRQHandler
                0x08000e68                TIM2_IRQHandler
                0x08000e68                OTG_FS_WKUP_IRQHandler
                0x08000e68                OTG_HS_IRQHandler
                0x08000e68                DMA2D_IRQHandler
                0x08000e68                EXTI1_IRQHandler
                0x08000e68                UART7_IRQHandler
                0x08000e68                I2C2_ER_IRQHandler
                0x08000e68                DMA2_Stream1_IRQHandler
                0x08000e68                CAN1_SCE_IRQHandler
                0x08000e68                FLASH_IRQHandler
                0x08000e68                DMA2_Stream4_IRQHandler
                0x08000e68                USART1_IRQHandler
                0x08000e68                OTG_FS_IRQHandler
                0x08000e68                SPI3_IRQHandler
                0x08000e68                DMA1_Stream4_IRQHandler
                0x08000e68                I2C1_ER_IRQHandler
                0x08000e68                FMC_IRQHandler
                0x08000e68                DMA2_Stream6_IRQHandler
                0x08000e68                SAI1_IRQHandler
                0x08000e68                DMA1_Stream3_IRQHandler
 *fill*         0x08000e6a        0x2 
 .text.HAL_Init
                0x08000e6c       0x44 ./Drivers/STM32F4xx_HAL_Driver/stm32f4xx_hal.o
                0x08000e6c                HAL_Init
 .text.HAL_InitTick
                0x08000eb0       0x60 ./Drivers/STM32F4xx_HAL_Driver/stm32f4xx_hal.o
                0x08000eb0                HAL_InitTick
 .text.HAL_IncTick
                0x08000f10       0x28 ./Drivers/STM32F4xx_HAL_Driver/stm32f4xx_hal.o
                0x08000f10                HAL_IncTick
 .text.HAL_GetTick
                0x08000f38       0x18 ./Drivers/STM32F4xx_HAL_Driver/stm32f4xx_hal.o
                0x08000f38                HAL_GetTick
 .text.HAL_Delay
                0x08000f50       0x48 ./Drivers/STM32F4xx_HAL_Driver/stm32f4xx_hal.o
                0x08000f50                HAL_Delay
 .text.__NVIC_SetPriorityGrouping
                0x08000f98       0x48 ./Drivers/STM32F4xx_HAL_Driver/stm32f4xx_hal_cortex.o
 .text.__NVIC_GetPriorityGrouping
                0x08000fe0       0x1c ./Drivers/STM32F4xx_HAL_Driver/stm32f4xx_hal_cortex.o
 .text.__NVIC_EnableIRQ
                0x08000ffc       0x3c ./Drivers/STM32F4xx_HAL_Driver/stm32f4xx_hal_cortex.o
 .text.__NVIC_SetPriority
                0x08001038       0x54 ./Drivers/STM32F4xx_HAL_Driver/stm32f4xx_hal_cortex.o
 .text.NVIC_EncodePriority
                0x0800108c       0x66 ./Drivers/STM32F4xx_HAL_Driver/stm32f4xx_hal_cortex.o
 *fill*         0x080010f2        0x2 
 .text.SysTick_Config
                0x080010f4       0x44 ./Drivers/STM32F4xx_HAL_Driver/stm32f4xx_hal_cortex.o
 .text.HAL_NVIC_SetPriorityGrouping
                0x08001138       0x16 ./Drivers/STM32F4xx_HAL_Driver/stm32f4xx_hal_cortex.o
                0x08001138                HAL_NVIC_SetPriorityGrouping
 .text.HAL_NVIC_SetPriority
                0x0800114e       0x38 ./Drivers/STM32F4xx_HAL_Driver/stm32f4xx_hal_cortex.o
                0x0800114e                HAL_NVIC_SetPriority
 .text.HAL_NVIC_EnableIRQ
                0x08001186       0x1c ./Drivers/STM32F4xx_HAL_Driver/stm32f4xx_hal_cortex.o
                0x08001186                HAL_NVIC_EnableIRQ
 .text.HAL_SYSTICK_Config
                0x080011a2       0x18 ./Drivers/STM32F4xx_HAL_Driver/stm32f4xx_hal_cortex.o
                0x080011a2                HAL_SYSTICK_Config
 .text.HAL_DMA_Abort
                0x080011ba       0xe0 ./Drivers/STM32F4xx_HAL_Driver/stm32f4xx_hal_dma.o
                0x080011ba                HAL_DMA_Abort
 .text.HAL_DMA_Abort_IT
                0x0800129a       0x44 ./Drivers/STM32F4xx_HAL_Driver/stm32f4xx_hal_dma.o
                0x0800129a                HAL_DMA_Abort_IT
 *fill*         0x080012de        0x2 
 .text.HAL_ETH_Init
                0x080012e0      0x138 ./Drivers/STM32F4xx_HAL_Driver/stm32f4xx_hal_eth.o
                0x080012e0                HAL_ETH_Init
 .text.HAL_ETH_IRQHandler
                0x08001418      0x164 ./Drivers/STM32F4xx_HAL_Driver/stm32f4xx_hal_eth.o
                0x08001418                HAL_ETH_IRQHandler
 .text.HAL_ETH_TxCpltCallback
                0x0800157c       0x14 ./Drivers/STM32F4xx_HAL_Driver/stm32f4xx_hal_eth.o
                0x0800157c                HAL_ETH_TxCpltCallback
 .text.HAL_ETH_RxCpltCallback
                0x08001590       0x14 ./Drivers/STM32F4xx_HAL_Driver/stm32f4xx_hal_eth.o
                0x08001590                HAL_ETH_RxCpltCallback
 .text.HAL_ETH_ErrorCallback
                0x080015a4       0x14 ./Drivers/STM32F4xx_HAL_Driver/stm32f4xx_hal_eth.o
                0x080015a4                HAL_ETH_ErrorCallback
 .text.HAL_ETH_PMTCallback
                0x080015b8       0x14 ./Drivers/STM32F4xx_HAL_Driver/stm32f4xx_hal_eth.o
                0x080015b8                HAL_ETH_PMTCallback
 .text.HAL_ETH_WakeUpCallback
                0x080015cc       0x14 ./Drivers/STM32F4xx_HAL_Driver/stm32f4xx_hal_eth.o
                0x080015cc                HAL_ETH_WakeUpCallback
 .text.ETH_SetMACConfig
                0x080015e0      0x168 ./Drivers/STM32F4xx_HAL_Driver/stm32f4xx_hal_eth.o
 .text.ETH_SetDMAConfig
                0x08001748      0x114 ./Drivers/STM32F4xx_HAL_Driver/stm32f4xx_hal_eth.o
 .text.ETH_MACDMAConfig
                0x0800185c       0xea ./Drivers/STM32F4xx_HAL_Driver/stm32f4xx_hal_eth.o
 *fill*         0x08001946        0x2 
 .text.ETH_MACAddressConfig
                0x08001948       0x70 ./Drivers/STM32F4xx_HAL_Driver/stm32f4xx_hal_eth.o
 .text.ETH_DMATxDescListInit
                0x080019b8       0xb2 ./Drivers/STM32F4xx_HAL_Driver/stm32f4xx_hal_eth.o
 .text.ETH_DMARxDescListInit
                0x08001a6a       0xde ./Drivers/STM32F4xx_HAL_Driver/stm32f4xx_hal_eth.o
 .text.HAL_GPIO_Init
                0x08001b48      0x358 ./Drivers/STM32F4xx_HAL_Driver/stm32f4xx_hal_gpio.o
                0x08001b48                HAL_GPIO_Init
 .text.HAL_GPIO_WritePin
                0x08001ea0       0x32 ./Drivers/STM32F4xx_HAL_Driver/stm32f4xx_hal_gpio.o
                0x08001ea0                HAL_GPIO_WritePin
 *fill*         0x08001ed2        0x2 
 .text.HAL_PWREx_EnableOverDrive
                0x08001ed4       0xa0 ./Drivers/STM32F4xx_HAL_Driver/stm32f4xx_hal_pwr_ex.o
                0x08001ed4                HAL_PWREx_EnableOverDrive
 .text.HAL_RCC_OscConfig
                0x08001f74      0x4f0 ./Drivers/STM32F4xx_HAL_Driver/stm32f4xx_hal_rcc.o
                0x08001f74                HAL_RCC_OscConfig
 .text.HAL_RCC_ClockConfig
                0x08002464      0x1cc ./Drivers/STM32F4xx_HAL_Driver/stm32f4xx_hal_rcc.o
                0x08002464                HAL_RCC_ClockConfig
 .text.HAL_RCC_GetSysClockFreq
                0x08002630      0x18c ./Drivers/STM32F4xx_HAL_Driver/stm32f4xx_hal_rcc.o
                0x08002630                HAL_RCC_GetSysClockFreq
 .text.HAL_RCC_GetHCLKFreq
                0x080027bc       0x18 ./Drivers/STM32F4xx_HAL_Driver/stm32f4xx_hal_rcc.o
                0x080027bc                HAL_RCC_GetHCLKFreq
 .text.HAL_RCC_GetPCLK1Freq
                0x080027d4       0x28 ./Drivers/STM32F4xx_HAL_Driver/stm32f4xx_hal_rcc.o
                0x080027d4                HAL_RCC_GetPCLK1Freq
 .text.HAL_RCC_GetPCLK2Freq
                0x080027fc       0x28 ./Drivers/STM32F4xx_HAL_Driver/stm32f4xx_hal_rcc.o
                0x080027fc                HAL_RCC_GetPCLK2Freq
 .text.HAL_TIM_Base_Init
                0x08002824       0x9e ./Drivers/STM32F4xx_HAL_Driver/stm32f4xx_hal_tim.o
                0x08002824                HAL_TIM_Base_Init
 .text.HAL_TIM_IRQHandler
                0x080028c2      0x1e0 ./Drivers/STM32F4xx_HAL_Driver/stm32f4xx_hal_tim.o
                0x080028c2                HAL_TIM_IRQHandler
 .text.HAL_TIM_ConfigClockSource
                0x08002aa2      0x18e ./Drivers/STM32F4xx_HAL_Driver/stm32f4xx_hal_tim.o
                0x08002aa2                HAL_TIM_ConfigClockSource
 .text.HAL_TIM_SlaveConfigSynchro
                0x08002c30       0x84 ./Drivers/STM32F4xx_HAL_Driver/stm32f4xx_hal_tim.o
                0x08002c30                HAL_TIM_SlaveConfigSynchro
 .text.HAL_TIM_PeriodElapsedCallback
                0x08002cb4       0x14 ./Drivers/STM32F4xx_HAL_Driver/stm32f4xx_hal_tim.o
                0x08002cb4                HAL_TIM_PeriodElapsedCallback
 .text.HAL_TIM_OC_DelayElapsedCallback
                0x08002cc8       0x14 ./Drivers/STM32F4xx_HAL_Driver/stm32f4xx_hal_tim.o
                0x08002cc8                HAL_TIM_OC_DelayElapsedCallback
 .text.HAL_TIM_IC_CaptureCallback
                0x08002cdc       0x14 ./Drivers/STM32F4xx_HAL_Driver/stm32f4xx_hal_tim.o
                0x08002cdc                HAL_TIM_IC_CaptureCallback
 .text.HAL_TIM_PWM_PulseFinishedCallback
                0x08002cf0       0x14 ./Drivers/STM32F4xx_HAL_Driver/stm32f4xx_hal_tim.o
                0x08002cf0                HAL_TIM_PWM_PulseFinishedCallback
 .text.HAL_TIM_TriggerCallback
                0x08002d04       0x14 ./Drivers/STM32F4xx_HAL_Driver/stm32f4xx_hal_tim.o
                0x08002d04                HAL_TIM_TriggerCallback
 .text.TIM_Base_SetConfig
                0x08002d18      0x158 ./Drivers/STM32F4xx_HAL_Driver/stm32f4xx_hal_tim.o
                0x08002d18                TIM_Base_SetConfig
 .text.TIM_SlaveTimer_SetConfig
                0x08002e70      0x122 ./Drivers/STM32F4xx_HAL_Driver/stm32f4xx_hal_tim.o
 .text.TIM_TI1_ConfigInputStage
                0x08002f92       0x5e ./Drivers/STM32F4xx_HAL_Driver/stm32f4xx_hal_tim.o
 .text.TIM_TI2_ConfigInputStage
                0x08002ff0       0x60 ./Drivers/STM32F4xx_HAL_Driver/stm32f4xx_hal_tim.o
 .text.TIM_ITRx_SetConfig
                0x08003050       0x36 ./Drivers/STM32F4xx_HAL_Driver/stm32f4xx_hal_tim.o
 .text.TIM_ETR_SetConfig
                0x08003086       0x40 ./Drivers/STM32F4xx_HAL_Driver/stm32f4xx_hal_tim.o
                0x08003086                TIM_ETR_SetConfig
 *fill*         0x080030c6        0x2 
 .text.HAL_TIMEx_MasterConfigSynchronization
                0x080030c8       0xf8 ./Drivers/STM32F4xx_HAL_Driver/stm32f4xx_hal_tim_ex.o
                0x080030c8                HAL_TIMEx_MasterConfigSynchronization
 .text.HAL_TIMEx_CommutCallback
                0x080031c0       0x14 ./Drivers/STM32F4xx_HAL_Driver/stm32f4xx_hal_tim_ex.o
                0x080031c0                HAL_TIMEx_CommutCallback
 .text.HAL_TIMEx_BreakCallback
                0x080031d4       0x14 ./Drivers/STM32F4xx_HAL_Driver/stm32f4xx_hal_tim_ex.o
                0x080031d4                HAL_TIMEx_BreakCallback
 .text.HAL_UART_Init
                0x080031e8       0xa0 ./Drivers/STM32F4xx_HAL_Driver/stm32f4xx_hal_uart.o
                0x080031e8                HAL_UART_Init
 .text.HAL_UART_IRQHandler
                0x08003288      0x524 ./Drivers/STM32F4xx_HAL_Driver/stm32f4xx_hal_uart.o
                0x08003288                HAL_UART_IRQHandler
 .text.HAL_UART_TxCpltCallback
                0x080037ac       0x14 ./Drivers/STM32F4xx_HAL_Driver/stm32f4xx_hal_uart.o
                0x080037ac                HAL_UART_TxCpltCallback
 .text.HAL_UART_RxCpltCallback
                0x080037c0       0x14 ./Drivers/STM32F4xx_HAL_Driver/stm32f4xx_hal_uart.o
                0x080037c0                HAL_UART_RxCpltCallback
 .text.HAL_UART_ErrorCallback
                0x080037d4       0x14 ./Drivers/STM32F4xx_HAL_Driver/stm32f4xx_hal_uart.o
                0x080037d4                HAL_UART_ErrorCallback
 .text.HAL_UARTEx_RxEventCallback
                0x080037e8       0x18 ./Drivers/STM32F4xx_HAL_Driver/stm32f4xx_hal_uart.o
                0x080037e8                HAL_UARTEx_RxEventCallback
 .text.UART_EndRxTransfer
                0x08003800       0xc6 ./Drivers/STM32F4xx_HAL_Driver/stm32f4xx_hal_uart.o
 .text.UART_DMAAbortOnError
                0x080038c6       0x28 ./Drivers/STM32F4xx_HAL_Driver/stm32f4xx_hal_uart.o
 .text.UART_Transmit_IT
                0x080038ee       0xa0 ./Drivers/STM32F4xx_HAL_Driver/stm32f4xx_hal_uart.o
 .text.UART_EndTransmit_IT
                0x0800398e       0x30 ./Drivers/STM32F4xx_HAL_Driver/stm32f4xx_hal_uart.o
 .text.UART_Receive_IT
                0x080039be      0x17c ./Drivers/STM32F4xx_HAL_Driver/stm32f4xx_hal_uart.o
 *fill*         0x08003b3a        0x2 
 .text.UART_SetConfig
                0x08003b3c      0x4e8 ./Drivers/STM32F4xx_HAL_Driver/stm32f4xx_hal_uart.o
 .text.memset   0x08004024       0x10 C:/ST/STM32CubeIDE_1.17.0/STM32CubeIDE/plugins/com.st.stm32cube.ide.mcu.externaltools.gnu-tools-for-stm32.12.3.rel1.win32_1.1.0.202410251130/tools/bin/../lib/gcc/arm-none-eabi/12.3.1/../../../../arm-none-eabi/lib/thumb/v7e-m+fp/hard\libc_nano.a(libc_a-memset.o)
                0x08004024                memset
 .text.__libc_init_array
                0x08004034       0x48 C:/ST/STM32CubeIDE_1.17.0/STM32CubeIDE/plugins/com.st.stm32cube.ide.mcu.externaltools.gnu-tools-for-stm32.12.3.rel1.win32_1.1.0.202410251130/tools/bin/../lib/gcc/arm-none-eabi/12.3.1/../../../../arm-none-eabi/lib/thumb/v7e-m+fp/hard\libc_nano.a(libc_a-init.o)
                0x08004034                __libc_init_array
 *(.glue_7)
 .glue_7        0x0800407c        0x0 linker stubs
 *(.glue_7t)
 .glue_7t       0x0800407c        0x0 linker stubs
 *(.eh_frame)
 .eh_frame      0x0800407c        0x0 C:/ST/STM32CubeIDE_1.17.0/STM32CubeIDE/plugins/com.st.stm32cube.ide.mcu.externaltools.gnu-tools-for-stm32.12.3.rel1.win32_1.1.0.202410251130/tools/bin/../lib/gcc/arm-none-eabi/12.3.1/thumb/v7e-m+fp/hard/crtbegin.o
 *(.init)
 .init          0x0800407c        0x4 C:/ST/STM32CubeIDE_1.17.0/STM32CubeIDE/plugins/com.st.stm32cube.ide.mcu.externaltools.gnu-tools-for-stm32.12.3.rel1.win32_1.1.0.202410251130/tools/bin/../lib/gcc/arm-none-eabi/12.3.1/thumb/v7e-m+fp/hard/crti.o
                0x0800407c                _init
 .init          0x08004080        0x8 C:/ST/STM32CubeIDE_1.17.0/STM32CubeIDE/plugins/com.st.stm32cube.ide.mcu.externaltools.gnu-tools-for-stm32.12.3.rel1.win32_1.1.0.202410251130/tools/bin/../lib/gcc/arm-none-eabi/12.3.1/thumb/v7e-m+fp/hard/crtn.o
 *(.fini)
 .fini          0x08004088        0x4 C:/ST/STM32CubeIDE_1.17.0/STM32CubeIDE/plugins/com.st.stm32cube.ide.mcu.externaltools.gnu-tools-for-stm32.12.3.rel1.win32_1.1.0.202410251130/tools/bin/../lib/gcc/arm-none-eabi/12.3.1/thumb/v7e-m+fp/hard/crti.o
                0x08004088                _fini
 .fini          0x0800408c        0x8 C:/ST/STM32CubeIDE_1.17.0/STM32CubeIDE/plugins/com.st.stm32cube.ide.mcu.externaltools.gnu-tools-for-stm32.12.3.rel1.win32_1.1.0.202410251130/tools/bin/../lib/gcc/arm-none-eabi/12.3.1/thumb/v7e-m+fp/hard/crtn.o
                0x08004094                        . = ALIGN (0x4)
                0x08004094                        _etext = .

.vfp11_veneer   0x08004094        0x0
 .vfp11_veneer  0x08004094        0x0 linker stubs

.v4_bx          0x08004094        0x0
 .v4_bx         0x08004094        0x0 linker stubs

.iplt           0x08004094        0x0
 .iplt          0x08004094        0x0 C:/ST/STM32CubeIDE_1.17.0/STM32CubeIDE/plugins/com.st.stm32cube.ide.mcu.externaltools.gnu-tools-for-stm32.12.3.rel1.win32_1.1.0.202410251130/tools/bin/../lib/gcc/arm-none-eabi/12.3.1/thumb/v7e-m+fp/hard/crtbegin.o

.rodata         0x08004094       0x18
                0x08004094                        . = ALIGN (0x4)
 *(.rodata)
 *(.rodata*)
 .rodata.AHBPrescTable
                0x08004094       0x10 ./Core/Src/system_stm32f4xx.o
                0x08004094                AHBPrescTable
 .rodata.APBPrescTable
                0x080040a4        0x8 ./Core/Src/system_stm32f4xx.o
                0x080040a4                APBPrescTable
                0x080040ac                        . = ALIGN (0x4)

.ARM.extab      0x080040ac        0x0
                0x080040ac                        . = ALIGN (0x4)
 *(.ARM.extab* .gnu.linkonce.armextab.*)
                0x080040ac                        . = ALIGN (0x4)

.ARM            0x080040ac        0x8
                0x080040ac                        . = ALIGN (0x4)
                0x080040ac                        __exidx_start = .
 *(.ARM.exidx*)
 .ARM.exidx     0x080040ac        0x8 C:/ST/STM32CubeIDE_1.17.0/STM32CubeIDE/plugins/com.st.stm32cube.ide.mcu.externaltools.gnu-tools-for-stm32.12.3.rel1.win32_1.1.0.202410251130/tools/bin/../lib/gcc/arm-none-eabi/12.3.1/thumb/v7e-m+fp/hard\libgcc.a(_udivmoddi4.o)
                0x080040b4                        __exidx_end = .
                0x080040b4                        . = ALIGN (0x4)

.preinit_array  0x080040b4        0x0
                0x080040b4                        . = ALIGN (0x4)
                0x080040b4                        PROVIDE (__preinit_array_start = .)
 *(.preinit_array*)
                0x080040b4                        PROVIDE (__preinit_array_end = .)
                0x080040b4                        . = ALIGN (0x4)

.init_array     0x080040b4        0x4
                0x080040b4                        . = ALIGN (0x4)
                0x080040b4                        PROVIDE (__init_array_start = .)
 *(SORT_BY_NAME(.init_array.*))
 *(.init_array*)
 .init_array    0x080040b4        0x4 C:/ST/STM32CubeIDE_1.17.0/STM32CubeIDE/plugins/com.st.stm32cube.ide.mcu.externaltools.gnu-tools-for-stm32.12.3.rel1.win32_1.1.0.202410251130/tools/bin/../lib/gcc/arm-none-eabi/12.3.1/thumb/v7e-m+fp/hard/crtbegin.o
                0x080040b8                        PROVIDE (__init_array_end = .)
                0x080040b8                        . = ALIGN (0x4)

.fini_array     0x080040b8        0x4
                0x080040b8                        . = ALIGN (0x4)
                [!provide]                        PROVIDE (__fini_array_start = .)
 *(SORT_BY_NAME(.fini_array.*))
 *(.fini_array*)
 .fini_array    0x080040b8        0x4 C:/ST/STM32CubeIDE_1.17.0/STM32CubeIDE/plugins/com.st.stm32cube.ide.mcu.externaltools.gnu-tools-for-stm32.12.3.rel1.win32_1.1.0.202410251130/tools/bin/../lib/gcc/arm-none-eabi/12.3.1/thumb/v7e-m+fp/hard/crtbegin.o
                [!provide]                        PROVIDE (__fini_array_end = .)
                0x080040bc                        . = ALIGN (0x4)
                0x080040bc                        _sidata = LOADADDR (.data)

.rel.dyn        0x080040bc        0x0
 .rel.iplt      0x080040bc        0x0 C:/ST/STM32CubeIDE_1.17.0/STM32CubeIDE/plugins/com.st.stm32cube.ide.mcu.externaltools.gnu-tools-for-stm32.12.3.rel1.win32_1.1.0.202410251130/tools/bin/../lib/gcc/arm-none-eabi/12.3.1/thumb/v7e-m+fp/hard/crtbegin.o

.data           0x20000000        0xc load address 0x080040bc
                0x20000000                        . = ALIGN (0x4)
                0x20000000                        _sdata = .
 *(.data)
 *(.data*)
 .data.SystemCoreClock
                0x20000000        0x4 ./Core/Src/system_stm32f4xx.o
                0x20000000                SystemCoreClock
 .data.uwTickPrio
                0x20000004        0x4 ./Drivers/STM32F4xx_HAL_Driver/stm32f4xx_hal.o
                0x20000004                uwTickPrio
 .data.uwTickFreq
                0x20000008        0x1 ./Drivers/STM32F4xx_HAL_Driver/stm32f4xx_hal.o
                0x20000008                uwTickFreq
 *(.RamFunc)
 *(.RamFunc*)
                0x2000000c                        . = ALIGN (0x4)
 *fill*         0x20000009        0x3 
                0x2000000c                        _edata = .
                0x080040c8                        _siccmram = LOADADDR (.ccmram)

.igot.plt       0x2000000c        0x0 load address 0x080040c8
 .igot.plt      0x2000000c        0x0 C:/ST/STM32CubeIDE_1.17.0/STM32CubeIDE/plugins/com.st.stm32cube.ide.mcu.externaltools.gnu-tools-for-stm32.12.3.rel1.win32_1.1.0.202410251130/tools/bin/../lib/gcc/arm-none-eabi/12.3.1/thumb/v7e-m+fp/hard/crtbegin.o

.ccmram         0x10000000        0x0 load address 0x080040c8
                0x10000000                        . = ALIGN (0x4)
                0x10000000                        _sccmram = .
 *(.ccmram)
 *(.ccmram*)
                0x10000000                        . = ALIGN (0x4)
                0x10000000                        _eccmram = .
                0x10000000                        . = ALIGN (0x4)

.bss            0x2000000c      0x328
                0x2000000c                        _sbss = .
                0x2000000c                        __bss_start__ = _sbss
 *(.bss)
 .bss           0x2000000c       0x1c C:/ST/STM32CubeIDE_1.17.0/STM32CubeIDE/plugins/com.st.stm32cube.ide.mcu.externaltools.gnu-tools-for-stm32.12.3.rel1.win32_1.1.0.202410251130/tools/bin/../lib/gcc/arm-none-eabi/12.3.1/thumb/v7e-m+fp/hard/crtbegin.o
 *(.bss*)
 .bss.TxConfig  0x20000028       0x38 ./Core/Src/main.o
                0x20000028                TxConfig
 .bss.DMARxDscrTab
                0x20000060       0xa0 ./Core/Src/main.o
                0x20000060                DMARxDscrTab
 .bss.DMATxDscrTab
                0x20000100       0xa0 ./Core/Src/main.o
                0x20000100                DMATxDscrTab
 .bss.heth      0x200001a0       0xb0 ./Core/Src/main.o
                0x200001a0                heth
 .bss.htim1     0x20000250       0x48 ./Core/Src/main.o
                0x20000250                htim1
 .bss.htim5     0x20000298       0x48 ./Core/Src/main.o
                0x20000298                htim5
 .bss.huart2    0x200002e0       0x48 ./Core/Src/main.o
                0x200002e0                huart2
 .bss.MACAddr.0
                0x20000328        0x6 ./Core/Src/main.o
 *fill*         0x2000032e        0x2 
 .bss.uwTick    0x20000330        0x4 ./Drivers/STM32F4xx_HAL_Driver/stm32f4xx_hal.o
                0x20000330                uwTick
 *(COMMON)
                0x20000334                        . = ALIGN (0x4)
                0x20000334                        _ebss = .
                0x20000334                        __bss_end__ = _ebss

._user_heap_stack
                0x20000334      0x604
                0x20000338                        . = ALIGN (0x8)
 *fill*         0x20000334        0x4 
                [!provide]                        PROVIDE (end = .)
                0x20000338                        PROVIDE (_end = .)
                0x20000538                        . = (. + _Min_Heap_Size)
 *fill*         0x20000338      0x200 
                0x20000938                        . = (. + _Min_Stack_Size)
 *fill*         0x20000538      0x400 
                0x20000938                        . = ALIGN (0x8)

/DISCARD/
 libc.a(*)
 libm.a(*)
 libgcc.a(*)

.ARM.attributes
                0x00000000       0x30
 *(.ARM.attributes)
 .ARM.attributes
                0x00000000       0x22 C:/ST/STM32CubeIDE_1.17.0/STM32CubeIDE/plugins/com.st.stm32cube.ide.mcu.externaltools.gnu-tools-for-stm32.12.3.rel1.win32_1.1.0.202410251130/tools/bin/../lib/gcc/arm-none-eabi/12.3.1/thumb/v7e-m+fp/hard/crti.o
 .ARM.attributes
                0x00000022       0x34 C:/ST/STM32CubeIDE_1.17.0/STM32CubeIDE/plugins/com.st.stm32cube.ide.mcu.externaltools.gnu-tools-for-stm32.12.3.rel1.win32_1.1.0.202410251130/tools/bin/../lib/gcc/arm-none-eabi/12.3.1/thumb/v7e-m+fp/hard/crtbegin.o
 .ARM.attributes
                0x00000056       0x34 ./Core/Src/main.o
 .ARM.attributes
                0x0000008a       0x34 ./Core/Src/stm32f4xx_hal_msp.o
 .ARM.attributes
                0x000000be       0x34 ./Core/Src/stm32f4xx_it.o
 .ARM.attributes
                0x000000f2       0x34 ./Core/Src/system_stm32f4xx.o
 .ARM.attributes
                0x00000126       0x21 ./Core/Startup/startup_stm32f429igtx.o
 .ARM.attributes
                0x00000147       0x34 ./Drivers/STM32F4xx_HAL_Driver/stm32f4xx_hal.o
 .ARM.attributes
                0x0000017b       0x34 ./Drivers/STM32F4xx_HAL_Driver/stm32f4xx_hal_cortex.o
 .ARM.attributes
                0x000001af       0x34 ./Drivers/STM32F4xx_HAL_Driver/stm32f4xx_hal_dma.o
 .ARM.attributes
                0x000001e3       0x34 ./Drivers/STM32F4xx_HAL_Driver/stm32f4xx_hal_eth.o
 .ARM.attributes
                0x00000217       0x34 ./Drivers/STM32F4xx_HAL_Driver/stm32f4xx_hal_gpio.o
 .ARM.attributes
                0x0000024b       0x34 ./Drivers/STM32F4xx_HAL_Driver/stm32f4xx_hal_pwr_ex.o
 .ARM.attributes
                0x0000027f       0x34 ./Drivers/STM32F4xx_HAL_Driver/stm32f4xx_hal_rcc.o
 .ARM.attributes
                0x000002b3       0x34 ./Drivers/STM32F4xx_HAL_Driver/stm32f4xx_hal_tim.o
 .ARM.attributes
                0x000002e7       0x34 ./Drivers/STM32F4xx_HAL_Driver/stm32f4xx_hal_tim_ex.o
 .ARM.attributes
                0x0000031b       0x34 ./Drivers/STM32F4xx_HAL_Driver/stm32f4xx_hal_uart.o
 .ARM.attributes
                0x0000034f       0x34 C:/ST/STM32CubeIDE_1.17.0/STM32CubeIDE/plugins/com.st.stm32cube.ide.mcu.externaltools.gnu-tools-for-stm32.12.3.rel1.win32_1.1.0.202410251130/tools/bin/../lib/gcc/arm-none-eabi/12.3.1/../../../../arm-none-eabi/lib/thumb/v7e-m+fp/hard\libc_nano.a(libc_a-memset.o)
 .ARM.attributes
                0x00000383       0x34 C:/ST/STM32CubeIDE_1.17.0/STM32CubeIDE/plugins/com.st.stm32cube.ide.mcu.externaltools.gnu-tools-for-stm32.12.3.rel1.win32_1.1.0.202410251130/tools/bin/../lib/gcc/arm-none-eabi/12.3.1/../../../../arm-none-eabi/lib/thumb/v7e-m+fp/hard\libc_nano.a(libc_a-init.o)
 .ARM.attributes
                0x000003b7       0x22 C:/ST/STM32CubeIDE_1.17.0/STM32CubeIDE/plugins/com.st.stm32cube.ide.mcu.externaltools.gnu-tools-for-stm32.12.3.rel1.win32_1.1.0.202410251130/tools/bin/../lib/gcc/arm-none-eabi/12.3.1/thumb/v7e-m+fp/hard\libgcc.a(_aeabi_uldivmod.o)
 .ARM.attributes
                0x000003d9       0x34 C:/ST/STM32CubeIDE_1.17.0/STM32CubeIDE/plugins/com.st.stm32cube.ide.mcu.externaltools.gnu-tools-for-stm32.12.3.rel1.win32_1.1.0.202410251130/tools/bin/../lib/gcc/arm-none-eabi/12.3.1/thumb/v7e-m+fp/hard\libgcc.a(_udivmoddi4.o)
 .ARM.attributes
                0x0000040d       0x22 C:/ST/STM32CubeIDE_1.17.0/STM32CubeIDE/plugins/com.st.stm32cube.ide.mcu.externaltools.gnu-tools-for-stm32.12.3.rel1.win32_1.1.0.202410251130/tools/bin/../lib/gcc/arm-none-eabi/12.3.1/thumb/v7e-m+fp/hard\libgcc.a(_dvmd_tls.o)
 .ARM.attributes
                0x0000042f       0x22 C:/ST/STM32CubeIDE_1.17.0/STM32CubeIDE/plugins/com.st.stm32cube.ide.mcu.externaltools.gnu-tools-for-stm32.12.3.rel1.win32_1.1.0.202410251130/tools/bin/../lib/gcc/arm-none-eabi/12.3.1/thumb/v7e-m+fp/hard/crtn.o
OUTPUT(LED_Breath.elf elf32-littlearm)
LOAD linker stubs
LOAD C:/ST/STM32CubeIDE_1.17.0/STM32CubeIDE/plugins/com.st.stm32cube.ide.mcu.externaltools.gnu-tools-for-stm32.12.3.rel1.win32_1.1.0.202410251130/tools/bin/../lib/gcc/arm-none-eabi/12.3.1/../../../../arm-none-eabi/lib/thumb/v7e-m+fp/hard\libc.a
LOAD C:/ST/STM32CubeIDE_1.17.0/STM32CubeIDE/plugins/com.st.stm32cube.ide.mcu.externaltools.gnu-tools-for-stm32.12.3.rel1.win32_1.1.0.202410251130/tools/bin/../lib/gcc/arm-none-eabi/12.3.1/../../../../arm-none-eabi/lib/thumb/v7e-m+fp/hard\libm.a
LOAD C:/ST/STM32CubeIDE_1.17.0/STM32CubeIDE/plugins/com.st.stm32cube.ide.mcu.externaltools.gnu-tools-for-stm32.12.3.rel1.win32_1.1.0.202410251130/tools/bin/../lib/gcc/arm-none-eabi/12.3.1/thumb/v7e-m+fp/hard\libgcc.a

.debug_info     0x00000000    0x114e3
 .debug_info    0x00000000     0x1e49 ./Core/Src/main.o
 .debug_info    0x00001e49     0x18bd ./Core/Src/stm32f4xx_hal_msp.o
 .debug_info    0x00003706     0x128c ./Core/Src/stm32f4xx_it.o
 .debug_info    0x00004992      0x52e ./Core/Src/system_stm32f4xx.o
 .debug_info    0x00004ec0       0x30 ./Core/Startup/startup_stm32f429igtx.o
 .debug_info    0x00004ef0      0x9ba ./Drivers/STM32F4xx_HAL_Driver/stm32f4xx_hal.o
 .debug_info    0x000058aa      0xdc2 ./Drivers/STM32F4xx_HAL_Driver/stm32f4xx_hal_cortex.o
 .debug_info    0x0000666c      0x8e7 ./Drivers/STM32F4xx_HAL_Driver/stm32f4xx_hal_dma.o
 .debug_info    0x00006f53     0x2169 ./Drivers/STM32F4xx_HAL_Driver/stm32f4xx_hal_eth.o
 .debug_info    0x000090bc      0x6db ./Drivers/STM32F4xx_HAL_Driver/stm32f4xx_hal_gpio.o
 .debug_info    0x00009797      0x6be ./Drivers/STM32F4xx_HAL_Driver/stm32f4xx_hal_pwr_ex.o
 .debug_info    0x00009e55      0x8c7 ./Drivers/STM32F4xx_HAL_Driver/stm32f4xx_hal_rcc.o
 .debug_info    0x0000a71c     0x299d ./Drivers/STM32F4xx_HAL_Driver/stm32f4xx_hal_tim.o
 .debug_info    0x0000d0b9     0x14db ./Drivers/STM32F4xx_HAL_Driver/stm32f4xx_hal_tim_ex.o
 .debug_info    0x0000e594     0x2f4f ./Drivers/STM32F4xx_HAL_Driver/stm32f4xx_hal_uart.o

.debug_abbrev   0x00000000     0x2216
 .debug_abbrev  0x00000000      0x308 ./Core/Src/main.o
 .debug_abbrev  0x00000308      0x269 ./Core/Src/stm32f4xx_hal_msp.o
 .debug_abbrev  0x00000571      0x213 ./Core/Src/stm32f4xx_it.o
 .debug_abbrev  0x00000784      0x11a ./Core/Src/system_stm32f4xx.o
 .debug_abbrev  0x0000089e       0x24 ./Core/Startup/startup_stm32f429igtx.o
 .debug_abbrev  0x000008c2      0x214 ./Drivers/STM32F4xx_HAL_Driver/stm32f4xx_hal.o
 .debug_abbrev  0x00000ad6      0x31d ./Drivers/STM32F4xx_HAL_Driver/stm32f4xx_hal_cortex.o
 .debug_abbrev  0x00000df3      0x264 ./Drivers/STM32F4xx_HAL_Driver/stm32f4xx_hal_dma.o
 .debug_abbrev  0x00001057      0x35c ./Drivers/STM32F4xx_HAL_Driver/stm32f4xx_hal_eth.o
 .debug_abbrev  0x000013b3      0x1d4 ./Drivers/STM32F4xx_HAL_Driver/stm32f4xx_hal_gpio.o
 .debug_abbrev  0x00001587      0x1cf ./Drivers/STM32F4xx_HAL_Driver/stm32f4xx_hal_pwr_ex.o
 .debug_abbrev  0x00001756      0x2b7 ./Drivers/STM32F4xx_HAL_Driver/stm32f4xx_hal_rcc.o
 .debug_abbrev  0x00001a0d      0x278 ./Drivers/STM32F4xx_HAL_Driver/stm32f4xx_hal_tim.o
 .debug_abbrev  0x00001c85      0x283 ./Drivers/STM32F4xx_HAL_Driver/stm32f4xx_hal_tim_ex.o
 .debug_abbrev  0x00001f08      0x30e ./Drivers/STM32F4xx_HAL_Driver/stm32f4xx_hal_uart.o

.debug_aranges  0x00000000      0xec8
 .debug_aranges
                0x00000000       0x60 ./Core/Src/main.o
 .debug_aranges
                0x00000060       0x50 ./Core/Src/stm32f4xx_hal_msp.o
 .debug_aranges
                0x000000b0       0xa8 ./Core/Src/stm32f4xx_it.o
 .debug_aranges
                0x00000158       0x28 ./Core/Src/system_stm32f4xx.o
 .debug_aranges
                0x00000180       0x28 ./Core/Startup/startup_stm32f429igtx.o
 .debug_aranges
                0x000001a8      0x100 ./Drivers/STM32F4xx_HAL_Driver/stm32f4xx_hal.o
 .debug_aranges
                0x000002a8      0x130 ./Drivers/STM32F4xx_HAL_Driver/stm32f4xx_hal_cortex.o
 .debug_aranges
                0x000003d8       0x90 ./Drivers/STM32F4xx_HAL_Driver/stm32f4xx_hal_dma.o
 .debug_aranges
                0x00000468      0x1e0 ./Drivers/STM32F4xx_HAL_Driver/stm32f4xx_hal_eth.o
 .debug_aranges
                0x00000648       0x58 ./Drivers/STM32F4xx_HAL_Driver/stm32f4xx_hal_gpio.o
 .debug_aranges
                0x000006a0       0x60 ./Drivers/STM32F4xx_HAL_Driver/stm32f4xx_hal_pwr_ex.o
 .debug_aranges
                0x00000700       0x88 ./Drivers/STM32F4xx_HAL_Driver/stm32f4xx_hal_rcc.o
 .debug_aranges
                0x00000788      0x3d0 ./Drivers/STM32F4xx_HAL_Driver/stm32f4xx_hal_tim.o
 .debug_aranges
                0x00000b58      0x168 ./Drivers/STM32F4xx_HAL_Driver/stm32f4xx_hal_tim_ex.o
 .debug_aranges
                0x00000cc0      0x208 ./Drivers/STM32F4xx_HAL_Driver/stm32f4xx_hal_uart.o

.debug_rnglists
                0x00000000      0xb9c
 .debug_rnglists
                0x00000000       0x49 ./Core/Src/main.o
 .debug_rnglists
                0x00000049       0x39 ./Core/Src/stm32f4xx_hal_msp.o
 .debug_rnglists
                0x00000082       0x79 ./Core/Src/stm32f4xx_it.o
 .debug_rnglists
                0x000000fb       0x1a ./Core/Src/system_stm32f4xx.o
 .debug_rnglists
                0x00000115       0x19 ./Core/Startup/startup_stm32f429igtx.o
 .debug_rnglists
                0x0000012e       0xbb ./Drivers/STM32F4xx_HAL_Driver/stm32f4xx_hal.o
 .debug_rnglists
                0x000001e9       0xe0 ./Drivers/STM32F4xx_HAL_Driver/stm32f4xx_hal_cortex.o
 .debug_rnglists
                0x000002c9       0x70 ./Drivers/STM32F4xx_HAL_Driver/stm32f4xx_hal_dma.o
 .debug_rnglists
                0x00000339      0x17c ./Drivers/STM32F4xx_HAL_Driver/stm32f4xx_hal_eth.o
 .debug_rnglists
                0x000004b5       0x3f ./Drivers/STM32F4xx_HAL_Driver/stm32f4xx_hal_gpio.o
 .debug_rnglists
                0x000004f4       0x47 ./Drivers/STM32F4xx_HAL_Driver/stm32f4xx_hal_pwr_ex.o
 .debug_rnglists
                0x0000053b       0x66 ./Drivers/STM32F4xx_HAL_Driver/stm32f4xx_hal_rcc.o
 .debug_rnglists
                0x000005a1      0x31a ./Drivers/STM32F4xx_HAL_Driver/stm32f4xx_hal_tim.o
 .debug_rnglists
                0x000008bb      0x125 ./Drivers/STM32F4xx_HAL_Driver/stm32f4xx_hal_tim_ex.o
 .debug_rnglists
                0x000009e0      0x1bc ./Drivers/STM32F4xx_HAL_Driver/stm32f4xx_hal_uart.o

.debug_macro    0x00000000    0x2448b
 .debug_macro   0x00000000      0x2c3 ./Core/Src/main.o
 .debug_macro   0x000002c3      0xab4 ./Core/Src/main.o
 .debug_macro   0x00000d77      0x2a1 ./Core/Src/main.o
 .debug_macro   0x00001018       0x2e ./Core/Src/main.o
 .debug_macro   0x00001046       0x28 ./Core/Src/main.o
 .debug_macro   0x0000106e       0x22 ./Core/Src/main.o
 .debug_macro   0x00001090       0x8e ./Core/Src/main.o
 .debug_macro   0x0000111e       0x51 ./Core/Src/main.o
 .debug_macro   0x0000116f      0x103 ./Core/Src/main.o
 .debug_macro   0x00001272       0x6a ./Core/Src/main.o
 .debug_macro   0x000012dc      0x1df ./Core/Src/main.o
 .debug_macro   0x000014bb       0x1c ./Core/Src/main.o
 .debug_macro   0x000014d7       0x22 ./Core/Src/main.o
 .debug_macro   0x000014f9       0xfb ./Core/Src/main.o
 .debug_macro   0x000015f4     0x1011 ./Core/Src/main.o
 .debug_macro   0x00002605      0x11f ./Core/Src/main.o
 .debug_macro   0x00002724    0x17fd8 ./Core/Src/main.o
 .debug_macro   0x0001a6fc       0x6d ./Core/Src/main.o
 .debug_macro   0x0001a769     0x3711 ./Core/Src/main.o
 .debug_macro   0x0001de7a      0x189 ./Core/Src/main.o
 .debug_macro   0x0001e003       0x5c ./Core/Src/main.o
 .debug_macro   0x0001e05f      0xcba ./Core/Src/main.o
 .debug_macro   0x0001ed19      0x9e9 ./Core/Src/main.o
 .debug_macro   0x0001f702      0x115 ./Core/Src/main.o
 .debug_macro   0x0001f817      0x156 ./Core/Src/main.o
 .debug_macro   0x0001f96d       0xa5 ./Core/Src/main.o
 .debug_macro   0x0001fa12      0x182 ./Core/Src/main.o
 .debug_macro   0x0001fb94      0x287 ./Core/Src/main.o
 .debug_macro   0x0001fe1b       0x5f ./Core/Src/main.o
 .debug_macro   0x0001fe7a      0x236 ./Core/Src/main.o
 .debug_macro   0x000200b0      0xb99 ./Core/Src/main.o
 .debug_macro   0x00020c49      0x132 ./Core/Src/main.o
 .debug_macro   0x00020d7b      0x41d ./Core/Src/main.o
 .debug_macro   0x00021198       0x2e ./Core/Src/main.o
 .debug_macro   0x000211c6      0x127 ./Core/Src/main.o
 .debug_macro   0x000212ed       0xe2 ./Core/Src/main.o
 .debug_macro   0x000213cf       0x89 ./Core/Src/main.o
 .debug_macro   0x00021458      0x8ed ./Core/Src/main.o
 .debug_macro   0x00021d45       0x4d ./Core/Src/main.o
 .debug_macro   0x00021d92      0x2aa ./Core/Src/main.o
 .debug_macro   0x0002203c      0x134 ./Core/Src/main.o
 .debug_macro   0x00022170       0x61 ./Core/Src/main.o
 .debug_macro   0x000221d1       0x2a ./Core/Src/main.o
 .debug_macro   0x000221fb       0x43 ./Core/Src/main.o
 .debug_macro   0x0002223e       0x34 ./Core/Src/main.o
 .debug_macro   0x00022272       0x16 ./Core/Src/main.o
 .debug_macro   0x00022288       0x43 ./Core/Src/main.o
 .debug_macro   0x000222cb       0x34 ./Core/Src/main.o
 .debug_macro   0x000222ff       0x10 ./Core/Src/main.o
 .debug_macro   0x0002230f       0x58 ./Core/Src/main.o
 .debug_macro   0x00022367       0x8e ./Core/Src/main.o
 .debug_macro   0x000223f5       0x1c ./Core/Src/main.o
 .debug_macro   0x00022411      0x177 ./Core/Src/main.o
 .debug_macro   0x00022588      0x369 ./Core/Src/main.o
 .debug_macro   0x000228f1       0x10 ./Core/Src/main.o
 .debug_macro   0x00022901       0x35 ./Core/Src/main.o
 .debug_macro   0x00022936       0x20 ./Core/Src/main.o
 .debug_macro   0x00022956      0x19b ./Core/Src/main.o
 .debug_macro   0x00022af1      0x1e2 ./Core/Src/stm32f4xx_hal_msp.o
 .debug_macro   0x00022cd3      0x1ec ./Core/Src/stm32f4xx_it.o
 .debug_macro   0x00022ebf      0x1d8 ./Core/Src/system_stm32f4xx.o
 .debug_macro   0x00023097      0x238 ./Drivers/STM32F4xx_HAL_Driver/stm32f4xx_hal.o
 .debug_macro   0x000232cf      0x1d8 ./Drivers/STM32F4xx_HAL_Driver/stm32f4xx_hal_cortex.o
 .debug_macro   0x000234a7      0x1de ./Drivers/STM32F4xx_HAL_Driver/stm32f4xx_hal_dma.o
 .debug_macro   0x00023685      0x2b2 ./Drivers/STM32F4xx_HAL_Driver/stm32f4xx_hal_eth.o
 .debug_macro   0x00023937      0x1de ./Drivers/STM32F4xx_HAL_Driver/stm32f4xx_hal_gpio.o
 .debug_macro   0x00023b15      0x1f0 ./Drivers/STM32F4xx_HAL_Driver/stm32f4xx_hal_pwr_ex.o
 .debug_macro   0x00023d05      0x1fc ./Drivers/STM32F4xx_HAL_Driver/stm32f4xx_hal_rcc.o
 .debug_macro   0x00023f01      0x1d9 ./Drivers/STM32F4xx_HAL_Driver/stm32f4xx_hal_tim.o
 .debug_macro   0x000240da      0x1d8 ./Drivers/STM32F4xx_HAL_Driver/stm32f4xx_hal_tim_ex.o
 .debug_macro   0x000242b2      0x1d9 ./Drivers/STM32F4xx_HAL_Driver/stm32f4xx_hal_uart.o

.debug_line     0x00000000    0x113d5
 .debug_line    0x00000000      0xbcd ./Core/Src/main.o
 .debug_line    0x00000bcd      0x97a ./Core/Src/stm32f4xx_hal_msp.o
 .debug_line    0x00001547      0x9df ./Core/Src/stm32f4xx_it.o
 .debug_line    0x00001f26      0x8c6 ./Core/Src/system_stm32f4xx.o
 .debug_line    0x000027ec       0x7a ./Core/Startup/startup_stm32f429igtx.o
 .debug_line    0x00002866      0xb9e ./Drivers/STM32F4xx_HAL_Driver/stm32f4xx_hal.o
 .debug_line    0x00003404      0xe5a ./Drivers/STM32F4xx_HAL_Driver/stm32f4xx_hal_cortex.o
 .debug_line    0x0000425e     0x10d8 ./Drivers/STM32F4xx_HAL_Driver/stm32f4xx_hal_dma.o
 .debug_line    0x00005336     0x1b5d ./Drivers/STM32F4xx_HAL_Driver/stm32f4xx_hal_eth.o
 .debug_line    0x00006e93      0xd1c ./Drivers/STM32F4xx_HAL_Driver/stm32f4xx_hal_gpio.o
 .debug_line    0x00007baf      0xa91 ./Drivers/STM32F4xx_HAL_Driver/stm32f4xx_hal_pwr_ex.o
 .debug_line    0x00008640      0xef1 ./Drivers/STM32F4xx_HAL_Driver/stm32f4xx_hal_rcc.o
 .debug_line    0x00009531     0x390c ./Drivers/STM32F4xx_HAL_Driver/stm32f4xx_hal_tim.o
 .debug_line    0x0000ce3d     0x1b5e ./Drivers/STM32F4xx_HAL_Driver/stm32f4xx_hal_tim_ex.o
 .debug_line    0x0000e99b     0x2a3a ./Drivers/STM32F4xx_HAL_Driver/stm32f4xx_hal_uart.o

.debug_str      0x00000000    0xdff67
 .debug_str     0x00000000    0xdbe6b ./Core/Src/main.o
                              0xdc2b5 (size before relaxing)
 .debug_str     0x000dbe6b       0xd2 ./Core/Src/stm32f4xx_hal_msp.o
                              0xd849e (size before relaxing)
 .debug_str     0x000dbf3d      0x1ab ./Core/Src/stm32f4xx_it.o
                              0xd7ef7 (size before relaxing)
 .debug_str     0x000dc0e8       0xdb ./Core/Src/system_stm32f4xx.o
                              0xd726d (size before relaxing)
 .debug_str     0x000dc1c3       0x44 ./Core/Startup/startup_stm32f429igtx.o
                                 0x82 (size before relaxing)
 .debug_str     0x000dc207      0x68b ./Drivers/STM32F4xx_HAL_Driver/stm32f4xx_hal.o
                              0xd7ec9 (size before relaxing)
 .debug_str     0x000dc892      0x39f ./Drivers/STM32F4xx_HAL_Driver/stm32f4xx_hal_cortex.o
                              0xd7bf7 (size before relaxing)
 .debug_str     0x000dcc31      0x34b ./Drivers/STM32F4xx_HAL_Driver/stm32f4xx_hal_dma.o
                              0xd76ad (size before relaxing)
 .debug_str     0x000dcf7c     0x1270 ./Drivers/STM32F4xx_HAL_Driver/stm32f4xx_hal_eth.o
                              0xd8b87 (size before relaxing)
 .debug_str     0x000de1ec      0x11a ./Drivers/STM32F4xx_HAL_Driver/stm32f4xx_hal_gpio.o
                              0xd7421 (size before relaxing)
 .debug_str     0x000de306      0x166 ./Drivers/STM32F4xx_HAL_Driver/stm32f4xx_hal_pwr_ex.o
                              0xd747e (size before relaxing)
 .debug_str     0x000de46c      0x258 ./Drivers/STM32F4xx_HAL_Driver/stm32f4xx_hal_rcc.o
                              0xd76da (size before relaxing)
 .debug_str     0x000de6c4      0xda2 ./Drivers/STM32F4xx_HAL_Driver/stm32f4xx_hal_tim.o
                              0xd861d (size before relaxing)
 .debug_str     0x000df466      0x4cc ./Drivers/STM32F4xx_HAL_Driver/stm32f4xx_hal_tim_ex.o
                              0xd7e29 (size before relaxing)
 .debug_str     0x000df932      0x635 ./Drivers/STM32F4xx_HAL_Driver/stm32f4xx_hal_uart.o
                              0xd7ca8 (size before relaxing)

.comment        0x00000000       0x43
 .comment       0x00000000       0x43 ./Core/Src/main.o
                                 0x44 (size before relaxing)
 .comment       0x00000043       0x44 ./Core/Src/stm32f4xx_hal_msp.o
 .comment       0x00000043       0x44 ./Core/Src/stm32f4xx_it.o
 .comment       0x00000043       0x44 ./Core/Src/system_stm32f4xx.o
 .comment       0x00000043       0x44 ./Drivers/STM32F4xx_HAL_Driver/stm32f4xx_hal.o
 .comment       0x00000043       0x44 ./Drivers/STM32F4xx_HAL_Driver/stm32f4xx_hal_cortex.o
 .comment       0x00000043       0x44 ./Drivers/STM32F4xx_HAL_Driver/stm32f4xx_hal_dma.o
 .comment       0x00000043       0x44 ./Drivers/STM32F4xx_HAL_Driver/stm32f4xx_hal_eth.o
 .comment       0x00000043       0x44 ./Drivers/STM32F4xx_HAL_Driver/stm32f4xx_hal_gpio.o
 .comment       0x00000043       0x44 ./Drivers/STM32F4xx_HAL_Driver/stm32f4xx_hal_pwr_ex.o
 .comment       0x00000043       0x44 ./Drivers/STM32F4xx_HAL_Driver/stm32f4xx_hal_rcc.o
 .comment       0x00000043       0x44 ./Drivers/STM32F4xx_HAL_Driver/stm32f4xx_hal_tim.o
 .comment       0x00000043       0x44 ./Drivers/STM32F4xx_HAL_Driver/stm32f4xx_hal_tim_ex.o
 .comment       0x00000043       0x44 ./Drivers/STM32F4xx_HAL_Driver/stm32f4xx_hal_uart.o

.debug_frame    0x00000000     0x3ecc
 .debug_frame   0x00000000      0x12c ./Core/Src/main.o
 .debug_frame   0x0000012c      0x114 ./Core/Src/stm32f4xx_hal_msp.o
 .debug_frame   0x00000240      0x20c ./Core/Src/stm32f4xx_it.o
 .debug_frame   0x0000044c       0x58 ./Core/Src/system_stm32f4xx.o
 .debug_frame   0x000004a4      0x3b4 ./Drivers/STM32F4xx_HAL_Driver/stm32f4xx_hal.o
 .debug_frame   0x00000858      0x508 ./Drivers/STM32F4xx_HAL_Driver/stm32f4xx_hal_cortex.o
 .debug_frame   0x00000d60      0x250 ./Drivers/STM32F4xx_HAL_Driver/stm32f4xx_hal_dma.o
 .debug_frame   0x00000fb0      0x898 ./Drivers/STM32F4xx_HAL_Driver/stm32f4xx_hal_eth.o
 .debug_frame   0x00001848      0x14c ./Drivers/STM32F4xx_HAL_Driver/stm32f4xx_hal_gpio.o
 .debug_frame   0x00001994      0x14c ./Drivers/STM32F4xx_HAL_Driver/stm32f4xx_hal_pwr_ex.o
 .debug_frame   0x00001ae0      0x1f4 ./Drivers/STM32F4xx_HAL_Driver/stm32f4xx_hal_rcc.o
 .debug_frame   0x00001cd4     0x11c0 ./Drivers/STM32F4xx_HAL_Driver/stm32f4xx_hal_tim.o
 .debug_frame   0x00002e94      0x638 ./Drivers/STM32F4xx_HAL_Driver/stm32f4xx_hal_tim_ex.o
 .debug_frame   0x000034cc      0x954 ./Drivers/STM32F4xx_HAL_Driver/stm32f4xx_hal_uart.o
 .debug_frame   0x00003e20       0x20 C:/ST/STM32CubeIDE_1.17.0/STM32CubeIDE/plugins/com.st.stm32cube.ide.mcu.externaltools.gnu-tools-for-stm32.12.3.rel1.win32_1.1.0.202410251130/tools/bin/../lib/gcc/arm-none-eabi/12.3.1/../../../../arm-none-eabi/lib/thumb/v7e-m+fp/hard\libc_nano.a(libc_a-memset.o)
 .debug_frame   0x00003e40       0x2c C:/ST/STM32CubeIDE_1.17.0/STM32CubeIDE/plugins/com.st.stm32cube.ide.mcu.externaltools.gnu-tools-for-stm32.12.3.rel1.win32_1.1.0.202410251130/tools/bin/../lib/gcc/arm-none-eabi/12.3.1/../../../../arm-none-eabi/lib/thumb/v7e-m+fp/hard\libc_nano.a(libc_a-init.o)
 .debug_frame   0x00003e6c       0x2c C:/ST/STM32CubeIDE_1.17.0/STM32CubeIDE/plugins/com.st.stm32cube.ide.mcu.externaltools.gnu-tools-for-stm32.12.3.rel1.win32_1.1.0.202410251130/tools/bin/../lib/gcc/arm-none-eabi/12.3.1/thumb/v7e-m+fp/hard\libgcc.a(_aeabi_uldivmod.o)
 .debug_frame   0x00003e98       0x34 C:/ST/STM32CubeIDE_1.17.0/STM32CubeIDE/plugins/com.st.stm32cube.ide.mcu.externaltools.gnu-tools-for-stm32.12.3.rel1.win32_1.1.0.202410251130/tools/bin/../lib/gcc/arm-none-eabi/12.3.1/thumb/v7e-m+fp/hard\libgcc.a(_udivmoddi4.o)

.debug_line_str
                0x00000000       0x66
 .debug_line_str
                0x00000000       0x66 ./Core/Startup/startup_stm32f429igtx.o
