Archive member included to satisfy reference by file (symbol)

C:/ST/STM32CubeIDE_1.17.0/STM32CubeIDE/plugins/com.st.stm32cube.ide.mcu.externaltools.gnu-tools-for-stm32.12.3.rel1.win32_1.1.0.202410251130/tools/bin/../lib/gcc/arm-none-eabi/12.3.1/../../../../arm-none-eabi/lib/thumb/v7e-m+fp/hard\libc_nano.a(libc_a-exit.o)
                              C:/ST/STM32CubeIDE_1.17.0/STM32CubeIDE/plugins/com.st.stm32cube.ide.mcu.externaltools.gnu-tools-for-stm32.12.3.rel1.win32_1.1.0.202410251130/tools/bin/../lib/gcc/arm-none-eabi/12.3.1/../../../../arm-none-eabi/lib/thumb/v7e-m+fp/hard/crt0.o (exit)
C:/ST/STM32CubeIDE_1.17.0/STM32CubeIDE/plugins/com.st.stm32cube.ide.mcu.externaltools.gnu-tools-for-stm32.12.3.rel1.win32_1.1.0.202410251130/tools/bin/../lib/gcc/arm-none-eabi/12.3.1/../../../../arm-none-eabi/lib/thumb/v7e-m+fp/hard\libc_nano.a(libc_a-malloc.o)
                              ./Middlewares/USB_Host_Library/usbh_cdc.o (malloc)
C:/ST/STM32CubeIDE_1.17.0/STM32CubeIDE/plugins/com.st.stm32cube.ide.mcu.externaltools.gnu-tools-for-stm32.12.3.rel1.win32_1.1.0.202410251130/tools/bin/../lib/gcc/arm-none-eabi/12.3.1/../../../../arm-none-eabi/lib/thumb/v7e-m+fp/hard\libc_nano.a(libc_a-mallocr.o)
                              C:/ST/STM32CubeIDE_1.17.0/STM32CubeIDE/plugins/com.st.stm32cube.ide.mcu.externaltools.gnu-tools-for-stm32.12.3.rel1.win32_1.1.0.202410251130/tools/bin/../lib/gcc/arm-none-eabi/12.3.1/../../../../arm-none-eabi/lib/thumb/v7e-m+fp/hard\libc_nano.a(libc_a-malloc.o) (_malloc_r)
C:/ST/STM32CubeIDE_1.17.0/STM32CubeIDE/plugins/com.st.stm32cube.ide.mcu.externaltools.gnu-tools-for-stm32.12.3.rel1.win32_1.1.0.202410251130/tools/bin/../lib/gcc/arm-none-eabi/12.3.1/../../../../arm-none-eabi/lib/thumb/v7e-m+fp/hard\libc_nano.a(libc_a-mlock.o)
                              C:/ST/STM32CubeIDE_1.17.0/STM32CubeIDE/plugins/com.st.stm32cube.ide.mcu.externaltools.gnu-tools-for-stm32.12.3.rel1.win32_1.1.0.202410251130/tools/bin/../lib/gcc/arm-none-eabi/12.3.1/../../../../arm-none-eabi/lib/thumb/v7e-m+fp/hard\libc_nano.a(libc_a-mallocr.o) (__malloc_lock)
C:/ST/STM32CubeIDE_1.17.0/STM32CubeIDE/plugins/com.st.stm32cube.ide.mcu.externaltools.gnu-tools-for-stm32.12.3.rel1.win32_1.1.0.202410251130/tools/bin/../lib/gcc/arm-none-eabi/12.3.1/../../../../arm-none-eabi/lib/thumb/v7e-m+fp/hard\libc_nano.a(libc_a-findfp.o)
                              C:/ST/STM32CubeIDE_1.17.0/STM32CubeIDE/plugins/com.st.stm32cube.ide.mcu.externaltools.gnu-tools-for-stm32.12.3.rel1.win32_1.1.0.202410251130/tools/bin/../lib/gcc/arm-none-eabi/12.3.1/../../../../arm-none-eabi/lib/thumb/v7e-m+fp/hard\libc_nano.a(libc_a-exit.o) (__stdio_exit_handler)
C:/ST/STM32CubeIDE_1.17.0/STM32CubeIDE/plugins/com.st.stm32cube.ide.mcu.externaltools.gnu-tools-for-stm32.12.3.rel1.win32_1.1.0.202410251130/tools/bin/../lib/gcc/arm-none-eabi/12.3.1/../../../../arm-none-eabi/lib/thumb/v7e-m+fp/hard\libc_nano.a(libc_a-fwalk.o)
                              C:/ST/STM32CubeIDE_1.17.0/STM32CubeIDE/plugins/com.st.stm32cube.ide.mcu.externaltools.gnu-tools-for-stm32.12.3.rel1.win32_1.1.0.202410251130/tools/bin/../lib/gcc/arm-none-eabi/12.3.1/../../../../arm-none-eabi/lib/thumb/v7e-m+fp/hard\libc_nano.a(libc_a-findfp.o) (_fwalk_sglue)
C:/ST/STM32CubeIDE_1.17.0/STM32CubeIDE/plugins/com.st.stm32cube.ide.mcu.externaltools.gnu-tools-for-stm32.12.3.rel1.win32_1.1.0.202410251130/tools/bin/../lib/gcc/arm-none-eabi/12.3.1/../../../../arm-none-eabi/lib/thumb/v7e-m+fp/hard\libc_nano.a(libc_a-stdio.o)
                              C:/ST/STM32CubeIDE_1.17.0/STM32CubeIDE/plugins/com.st.stm32cube.ide.mcu.externaltools.gnu-tools-for-stm32.12.3.rel1.win32_1.1.0.202410251130/tools/bin/../lib/gcc/arm-none-eabi/12.3.1/../../../../arm-none-eabi/lib/thumb/v7e-m+fp/hard\libc_nano.a(libc_a-findfp.o) (__sread)
C:/ST/STM32CubeIDE_1.17.0/STM32CubeIDE/plugins/com.st.stm32cube.ide.mcu.externaltools.gnu-tools-for-stm32.12.3.rel1.win32_1.1.0.202410251130/tools/bin/../lib/gcc/arm-none-eabi/12.3.1/../../../../arm-none-eabi/lib/thumb/v7e-m+fp/hard\libc_nano.a(libc_a-memset.o)
                              C:/ST/STM32CubeIDE_1.17.0/STM32CubeIDE/plugins/com.st.stm32cube.ide.mcu.externaltools.gnu-tools-for-stm32.12.3.rel1.win32_1.1.0.202410251130/tools/bin/../lib/gcc/arm-none-eabi/12.3.1/../../../../arm-none-eabi/lib/thumb/v7e-m+fp/hard/crt0.o (memset)
C:/ST/STM32CubeIDE_1.17.0/STM32CubeIDE/plugins/com.st.stm32cube.ide.mcu.externaltools.gnu-tools-for-stm32.12.3.rel1.win32_1.1.0.202410251130/tools/bin/../lib/gcc/arm-none-eabi/12.3.1/../../../../arm-none-eabi/lib/thumb/v7e-m+fp/hard\libc_nano.a(libc_a-closer.o)
                              C:/ST/STM32CubeIDE_1.17.0/STM32CubeIDE/plugins/com.st.stm32cube.ide.mcu.externaltools.gnu-tools-for-stm32.12.3.rel1.win32_1.1.0.202410251130/tools/bin/../lib/gcc/arm-none-eabi/12.3.1/../../../../arm-none-eabi/lib/thumb/v7e-m+fp/hard\libc_nano.a(libc_a-stdio.o) (_close_r)
[...]
Memory Configuration

Name             Origin             Length             Attributes
CCMRAM           0x10000000         0x00010000         xrw
RAM              0x20000000         0x00030000         xrw
FLASH            0x08000000         0x00200000         xr
*default*        0x00000000         0xffffffff

Linker script and memory map

LOAD C:/ST/STM32CubeIDE_1.17.0/STM32CubeIDE/plugins/com.st.stm32cube.ide.mcu.externaltools.gnu-tools-for-stm32.12.3.rel1.win32_1.1.0.202410251130/tools/bin/../lib/gcc/arm-none-eabi/12.3.1/thumb/v7e-m+fp/hard/crti.o
LOAD C:/ST/STM32CubeIDE_1.17.0/STM32CubeIDE/plugins/com.st.stm32cube.ide.mcu.externaltools.gnu-tools-for-stm32.12.3.rel1.win32_1.1.0.202410251130/tools/bin/../lib/gcc/arm-none-eabi/12.3.1/thumb/v7e-m+fp/hard/crtbegin.o
LOAD C:/ST/STM32CubeIDE_1.17.0/STM32CubeIDE/plugins/com.st.stm32cube.ide.mcu.externaltools.gnu-tools-for-stm32.12.3.rel1.win32_1.1.0.202410251130/tools/bin/../lib/gcc/arm-none-eabi/12.3.1/../../../../arm-none-eabi/lib/thumb/v7e-m+fp/hard/crt0.o
LOAD ./Core/Src/crc.o
LOAD ./Core/Src/dma2d.o
LOAD ./Core/Src/fmc.o
LOAD ./Core/Src/freertos.o
LOAD ./Core/Src/gpio.o
LOAD ./Core/Src/i2c.o
LOAD ./Core/Src/ltdc.o
LOAD ./Core/Src/main.o
LOAD ./Core/Src/spi.o
LOAD ./Core/Src/stm32f4xx_hal_msp.o
LOAD ./Core/Src/stm32f4xx_hal_timebase_tim.o
LOAD ./Core/Src/stm32f4xx_it.o
LOAD ./Core/Src/syscalls.o
LOAD ./Core/Src/sysmem.o
LOAD ./Core/Src/system_stm32f4xx.o
LOAD ./Core/Src/tim.o
LOAD ./Core/Src/usart.o
LOAD ./Core/Startup/startup_stm32f429zitx.o
LOAD ./Drivers/STM32F4xx_HAL_Driver/stm32f4xx_hal.o
LOAD ./Drivers/STM32F4xx_HAL_Driver/stm32f4xx_hal_cortex.o
LOAD ./Drivers/STM32F4xx_HAL_Driver/stm32f4xx_hal_crc.o
LOAD ./Drivers/STM32F4xx_HAL_Driver/stm32f4xx_hal_dma.o
LOAD ./Drivers/STM32F4xx_HAL_Driver/stm32f4xx_hal_dma2d.o
LOAD ./Drivers/STM32F4xx_HAL_Driver/stm32f4xx_hal_dma_ex.o
LOAD ./Drivers/STM32F4xx_HAL_Driver/stm32f4xx_hal_dsi.o
LOAD ./Drivers/STM32F4xx_HAL_Driver/stm32f4xx_hal_exti.o
LOAD ./Drivers/STM32F4xx_HAL_Driver/stm32f4xx_hal_flash.o
LOAD ./Drivers/STM32F4xx_HAL_Driver/stm32f4xx_hal_flash_ex.o
LOAD ./Drivers/STM32F4xx_HAL_Driver/stm32f4xx_hal_flash_ramfunc.o
LOAD ./Drivers/STM32F4xx_HAL_Driver/stm32f4xx_hal_gpio.o
LOAD ./Drivers/STM32F4xx_HAL_Driver/stm32f4xx_hal_hcd.o
LOAD ./Drivers/STM32F4xx_HAL_Driver/stm32f4xx_hal_i2c.o
LOAD ./Drivers/STM32F4xx_HAL_Driver/stm32f4xx_hal_i2c_ex.o
LOAD ./Drivers/STM32F4xx_HAL_Driver/stm32f4xx_hal_ltdc.o
LOAD ./Drivers/STM32F4xx_HAL_Driver/stm32f4xx_hal_ltdc_ex.o
LOAD ./Drivers/STM32F4xx_HAL_Driver/stm32f4xx_hal_nand.o
LOAD ./Drivers/STM32F4xx_HAL_Driver/stm32f4xx_hal_nor.o
LOAD ./Drivers/STM32F4xx_HAL_Driver/stm32f4xx_hal_pccard.o
LOAD ./Drivers/STM32F4xx_HAL_Driver/stm32f4xx_hal_pwr.o
LOAD ./Drivers/STM32F4xx_HAL_Driver/stm32f4xx_hal_pwr_ex.o
LOAD ./Drivers/STM32F4xx_HAL_Driver/stm32f4xx_hal_rcc.o
LOAD ./Drivers/STM32F4xx_HAL_Driver/stm32f4xx_hal_rcc_ex.o
LOAD ./Drivers/STM32F4xx_HAL_Driver/stm32f4xx_hal_sdram.o
LOAD ./Drivers/STM32F4xx_HAL_Driver/stm32f4xx_hal_spi.o
LOAD ./Drivers/STM32F4xx_HAL_Driver/stm32f4xx_hal_sram.o
LOAD ./Drivers/STM32F4xx_HAL_Driver/stm32f4xx_hal_tim.o
LOAD ./Drivers/STM32F4xx_HAL_Driver/stm32f4xx_hal_tim_ex.o
LOAD ./Drivers/STM32F4xx_HAL_Driver/stm32f4xx_hal_uart.o
LOAD ./Drivers/STM32F4xx_HAL_Driver/stm32f4xx_ll_fmc.o
LOAD ./Drivers/STM32F4xx_HAL_Driver/stm32f4xx_ll_usb.o
LOAD ./Middlewares/FreeRTOS/cmsis_os.o
LOAD ./Middlewares/FreeRTOS/croutine.o
LOAD ./Middlewares/FreeRTOS/event_groups.o
LOAD ./Middlewares/FreeRTOS/heap_4.o
LOAD ./Middlewares/FreeRTOS/list.o
LOAD ./Middlewares/FreeRTOS/port.o
LOAD ./Middlewares/FreeRTOS/queue.o
LOAD ./Middlewares/FreeRTOS/stream_buffer.o
LOAD ./Middlewares/FreeRTOS/tasks.o
LOAD ./Middlewares/FreeRTOS/timers.o
LOAD ./Middlewares/USB_Host_Library/usbh_cdc.o
LOAD ./Middlewares/USB_Host_Library/usbh_core.o
LOAD ./Middlewares/USB_Host_Library/usbh_ctlreq.o
LOAD ./Middlewares/USB_Host_Library/usbh_ioreq.o
LOAD ./Middlewares/USB_Host_Library/usbh_pipes.o
LOAD ./USB_HOST/App/usb_host.o
LOAD ./USB_HOST/Target/usbh_conf.o
LOAD ./USB_HOST/Target/usbh_platform.o
START GROUP
LOAD C:/ST/STM32CubeIDE_1.17.0/STM32CubeIDE/plugins/com.st.stm32cube.ide.mcu.externaltools.gnu-tools-for-stm32.12.3.rel1.win32_1.1.0.202410251130/tools/bin/../lib/gcc/arm-none-eabi/12.3.1/../../../../arm-none-eabi/lib/thumb/v7e-m+fp/hard\libc_nano.a
LOAD C:/ST/STM32CubeIDE_1.17.0/STM32CubeIDE/plugins/com.st.stm32cube.ide.mcu.externaltools.gnu-tools-for-stm32.12.3.rel1.win32_1.1.0.202410251130/tools/bin/../lib/gcc/arm-none-eabi/12.3.1/../../../../arm-none-eabi/lib/thumb/v7e-m+fp/hard\libm.a
END GROUP
START GROUP
LOAD C:/ST/STM32CubeIDE_1.17.0/STM32CubeIDE/plugins/com.st.stm32cube.ide.mcu.externaltools.gnu-tools-for-stm32.12.3.rel1.win32_1.1.0.202410251130/tools/bin/../lib/gcc/arm-none-eabi/12.3.1/thumb/v7e-m+fp/hard\libgcc.a
LOAD C:/ST/STM32CubeIDE_1.17.0/STM32CubeIDE/plugins/com.st.stm32cube.ide.mcu.externaltools.gnu-tools-for-stm32.12.3.rel1.win32_1.1.0.202410251130/tools/bin/../lib/gcc/arm-none-eabi/12.3.1/../../../../arm-none-eabi/lib/thumb/v7e-m+fp/hard\libc_nano.a
END GROUP
START GROUP
LOAD C:/ST/STM32CubeIDE_1.17.0/STM32CubeIDE/plugins/com.st.stm32cube.ide.mcu.externaltools.gnu-tools-for-stm32.12.3.rel1.win32_1.1.0.202410251130/tools/bin/../lib/gcc/arm-none-eabi/12.3.1/thumb/v7e-m+fp/hard\libgcc.a
LOAD C:/ST/STM32CubeIDE_1.17.0/STM32CubeIDE/plugins/com.st.stm32cube.ide.mcu.externaltools.gnu-tools-for-stm32.12.3.rel1.win32_1.1.0.202410251130/tools/bin/../lib/gcc/arm-none-eabi/12.3.1/../../../../arm-none-eabi/lib/thumb/v7e-m+fp/hard\libc_nano.a
LOAD C:/ST/STM32CubeIDE_1.17.0/STM32CubeIDE/plugins/com.st.stm32cube.ide.mcu.externaltools.gnu-tools-for-stm32.12.3.rel1.win32_1.1.0.202410251130/tools/bin/../lib/gcc/arm-none-eabi/12.3.1/../../../../arm-none-eabi/lib/thumb/v7e-m+fp/hard\libnosys.a
END GROUP
START GROUP
LOAD C:/ST/STM32CubeIDE_1.17.0/STM32CubeIDE/plugins/com.st.stm32cube.ide.mcu.externaltools.gnu-tools-for-stm32.12.3.rel1.win32_1.1.0.202410251130/tools/bin/../lib/gcc/arm-none-eabi/12.3.1/thumb/v7e-m+fp/hard\libgcc.a
LOAD C:/ST/STM32CubeIDE_1.17.0/STM32CubeIDE/plugins/com.st.stm32cube.ide.mcu.externaltools.gnu-tools-for-stm32.12.3.rel1.win32_1.1.0.202410251130/tools/bin/../lib/gcc/arm-none-eabi/12.3.1/../../../../arm-none-eabi/lib/thumb/v7e-m+fp/hard\libc_nano.a
LOAD C:/ST/STM32CubeIDE_1.17.0/STM32CubeIDE/plugins/com.st.stm32cube.ide.mcu.externaltools.gnu-tools-for-stm32.12.3.rel1.win32_1.1.0.202410251130/tools/bin/../lib/gcc/arm-none-eabi/12.3.1/../../../../arm-none-eabi/lib/thumb/v7e-m+fp/hard\libnosys.a
END GROUP
LOAD C:/ST/STM32CubeIDE_1.17.0/STM32CubeIDE/plugins/com.st.stm32cube.ide.mcu.externaltools.gnu-tools-for-stm32.12.3.rel1.win32_1.1.0.202410251130/tools/bin/../lib/gcc/arm-none-eabi/12.3.1/thumb/v7e-m+fp/hard/crtend.o
LOAD C:/ST/STM32CubeIDE_1.17.0/STM32CubeIDE/plugins/com.st.stm32cube.ide.mcu.externaltools.gnu-tools-for-stm32.12.3.rel1.win32_1.1.0.202410251130/tools/bin/../lib/gcc/arm-none-eabi/12.3.1/thumb/v7e-m+fp/hard/crtn.o
                0x20030000                        _estack = (ORIGIN (RAM) + LENGTH (RAM))
                0x00000200                        _Min_Heap_Size = 0x200
                0x00000400                        _Min_Stack_Size = 0x400

.isr_vector     0x08000000      0x1ac
                0x08000000                        . = ALIGN (0x4)
 *(.isr_vector)
 .isr_vector    0x08000000      0x1ac ./Core/Startup/startup_stm32f429zitx.o
                0x08000000                g_pfnVectors
                0x080001ac                        . = ALIGN (0x4)

.text           0x080001b0     0xd100
                0x080001b0                        . = ALIGN (0x4)
 *(.text)
 .text          0x080001b0       0x40 C:/ST/STM32CubeIDE_1.17.0/STM32CubeIDE/plugins/com.st.stm32cube.ide.mcu.externaltools.gnu-tools-for-stm32.12.3.rel1.win32_1.1.0.202410251130/tools/bin/../lib/gcc/arm-none-eabi/12.3.1/thumb/v7e-m+fp/hard/crtbegin.o
 .text          0x080001f0       0x30 C:/ST/STM32CubeIDE_1.17.0/STM32CubeIDE/plugins/com.st.stm32cube.ide.mcu.externaltools.gnu-tools-for-stm32.12.3.rel1.win32_1.1.0.202410251130/tools/bin/../lib/gcc/arm-none-eabi/12.3.1/thumb/v7e-m+fp/hard\libgcc.a(_aeabi_uldivmod.o)
                0x080001f0                __aeabi_uldivmod
 .text          0x08000220      0x2bc C:/ST/STM32CubeIDE_1.17.0/STM32CubeIDE/plugins/com.st.stm32cube.ide.mcu.externaltools.gnu-tools-for-stm32.12.3.rel1.win32_1.1.0.202410251130/tools/bin/../lib/gcc/arm-none-eabi/12.3.1/thumb/v7e-m+fp/hard\libgcc.a(_udivmoddi4.o)
                0x08000220                __udivmoddi4
 .text          0x080004dc        0x4 C:/ST/STM32CubeIDE_1.17.0/STM32CubeIDE/plugins/com.st.stm32cube.ide.mcu.externaltools.gnu-tools-for-stm32.12.3.rel1.win32_1.1.0.202410251130/tools/bin/../lib/gcc/arm-none-eabi/12.3.1/thumb/v7e-m+fp/hard\libgcc.a(_dvmd_tls.o)
                0x080004dc                __aeabi_idiv0
                0x080004dc                __aeabi_ldiv0
 *(.text*)
 .text.MX_CRC_Init
                0x080004e0       0x28 ./Core/Src/crc.o
                0x080004e0                MX_CRC_Init
 .text.HAL_CRC_MspInit
                0x08000508       0x44 ./Core/Src/crc.o
                0x08000508                HAL_CRC_MspInit
 .text.MX_DMA2D_Init
                0x0800054c       0x64 ./Core/Src/dma2d.o
                0x0800054c                MX_DMA2D_Init
 .text.HAL_DMA2D_MspInit
                0x080005b0       0x50 ./Core/Src/dma2d.o
                0x080005b0                HAL_DMA2D_MspInit
 .text.MX_FMC_Init
                0x08000600       0xa0 ./Core/Src/fmc.o
                0x08000600                MX_FMC_Init
 .text.HAL_FMC_MspInit
                0x080006a0      0x124 ./Core/Src/fmc.o
 .text.HAL_SDRAM_MspInit
                0x080007c4       0x14 ./Core/Src/fmc.o
                0x080007c4                HAL_SDRAM_MspInit
 .text.vApplicationIdleHook
                0x080007d8        0xe ./Core/Src/freertos.o
                0x080007d8                vApplicationIdleHook
 .text.vApplicationStackOverflowHook
                0x080007e6       0x16 ./Core/Src/freertos.o
                0x080007e6                vApplicationStackOverflowHook
 .text.vApplicationMallocFailedHook
                0x080007fc        0xe ./Core/Src/freertos.o
                0x080007fc                vApplicationMallocFailedHook
 *fill*         0x0800080a        0x2 
 .text.vApplicationGetIdleTaskMemory
                0x0800080c       0x34 ./Core/Src/freertos.o
                0x0800080c                vApplicationGetIdleTaskMemory
 .text.MX_FREERTOS_Init
                0x08000840       0x38 ./Core/Src/freertos.o
                0x08000840                MX_FREERTOS_Init
 .text.StartDefaultTask
                0x08000878       0x14 ./Core/Src/freertos.o
                0x08000878                StartDefaultTask
 .text.MX_GPIO_Init
                0x0800088c      0x220 ./Core/Src/gpio.o
                0x0800088c                MX_GPIO_Init
 .text.MX_I2C3_Init
                0x08000aac       0x80 ./Core/Src/i2c.o
                0x08000aac                MX_I2C3_Init
 .text.HAL_I2C_MspInit
                0x08000b2c       0xd4 ./Core/Src/i2c.o
                0x08000b2c                HAL_I2C_MspInit
 .text.MX_LTDC_Init
                0x08000c00      0x100 ./Core/Src/ltdc.o
                0x08000c00                MX_LTDC_Init
 .text.HAL_LTDC_MspInit
                0x08000d00      0x260 ./Core/Src/ltdc.o
                0x08000d00                HAL_LTDC_MspInit
 .text.main     0x08000f60       0x3c ./Core/Src/main.o
                0x08000f60                main
 .text.SystemClock_Config
                0x08000f9c       0xd4 ./Core/Src/main.o
                0x08000f9c                SystemClock_Config
 .text.HAL_TIM_PeriodElapsedCallback
                0x08001070       0x24 ./Core/Src/main.o
                0x08001070                HAL_TIM_PeriodElapsedCallback
 .text.Error_Handler
                0x08001094        0xc ./Core/Src/main.o
                0x08001094                Error_Handler
 .text.MX_SPI5_Init
                0x080010a0       0x6c ./Core/Src/spi.o
                0x080010a0                MX_SPI5_Init
 .text.HAL_SPI_MspInit
                0x0800110c       0x90 ./Core/Src/spi.o
                0x0800110c                HAL_SPI_MspInit
 .text.HAL_MspInit
                0x0800119c       0x58 ./Core/Src/stm32f4xx_hal_msp.o
                0x0800119c                HAL_MspInit
 .text.HAL_InitTick
                0x080011f4       0xf8 ./Core/Src/stm32f4xx_hal_timebase_tim.o
                0x080011f4                HAL_InitTick
 .text.NMI_Handler
                0x080012ec        0x8 ./Core/Src/stm32f4xx_it.o
                0x080012ec                NMI_Handler
 .text.HardFault_Handler
                0x080012f4        0x8 ./Core/Src/stm32f4xx_it.o
                0x080012f4                HardFault_Handler
 .text.MemManage_Handler
                0x080012fc        0x8 ./Core/Src/stm32f4xx_it.o
                0x080012fc                MemManage_Handler
 .text.BusFault_Handler
                0x08001304        0x8 ./Core/Src/stm32f4xx_it.o
                0x08001304                BusFault_Handler
 .text.UsageFault_Handler
                0x0800130c        0x8 ./Core/Src/stm32f4xx_it.o
                0x0800130c                UsageFault_Handler
 .text.DebugMon_Handler
                0x08001314        0xe ./Core/Src/stm32f4xx_it.o
                0x08001314                DebugMon_Handler
 *fill*         0x08001322        0x2 
 .text.TIM6_DAC_IRQHandler
                0x08001324       0x14 ./Core/Src/stm32f4xx_it.o
                0x08001324                TIM6_DAC_IRQHandler
 .text.OTG_HS_IRQHandler
                0x08001338       0x14 ./Core/Src/stm32f4xx_it.o
                0x08001338                OTG_HS_IRQHandler
 .text.LTDC_IRQHandler
                0x0800134c       0x14 ./Core/Src/stm32f4xx_it.o
                0x0800134c                LTDC_IRQHandler
 .text.DMA2D_IRQHandler
                0x08001360       0x14 ./Core/Src/stm32f4xx_it.o
                0x08001360                DMA2D_IRQHandler
 .text._sbrk    0x08001374       0x6c ./Core/Src/sysmem.o
                0x08001374                _sbrk
 .text.SystemInit
                0x080013e0       0x24 ./Core/Src/system_stm32f4xx.o
                0x080013e0                SystemInit
 .text.MX_TIM1_Init
                0x08001404       0xa0 ./Core/Src/tim.o
                0x08001404                MX_TIM1_Init
 .text.HAL_TIM_Base_MspInit
                0x080014a4       0x44 ./Core/Src/tim.o
                0x080014a4                HAL_TIM_Base_MspInit
 .text.MX_USART1_UART_Init
                0x080014e8       0x54 ./Core/Src/usart.o
                0x080014e8                MX_USART1_UART_Init
 .text.HAL_UART_MspInit
                0x0800153c       0x90 ./Core/Src/usart.o
                0x0800153c                HAL_UART_MspInit
 .text.Reset_Handler
                0x080015cc       0x50 ./Core/Startup/startup_stm32f429zitx.o
                0x080015cc                Reset_Handler
 .text.Default_Handler
                0x0800161c        0x2 ./Core/Startup/startup_stm32f429zitx.o
                0x0800161c                RTC_Alarm_IRQHandler
                0x0800161c                HASH_RNG_IRQHandler
                0x0800161c                EXTI2_IRQHandler
                0x0800161c                TIM8_CC_IRQHandler
                0x0800161c                UART8_IRQHandler
                0x0800161c                SPI4_IRQHandler
                0x0800161c                TIM1_CC_IRQHandler
                0x0800161c                DMA2_Stream5_IRQHandler
                0x0800161c                DMA1_Stream5_IRQHandler
                0x0800161c                PVD_IRQHandler
                0x0800161c                SDIO_IRQHandler
                0x0800161c                TAMP_STAMP_IRQHandler
                0x0800161c                CAN2_RX1_IRQHandler
                0x0800161c                EXTI3_IRQHandler
                0x0800161c                TIM8_TRG_COM_TIM14_IRQHandler
                0x0800161c                TIM1_UP_TIM10_IRQHandler
                0x0800161c                TIM8_UP_TIM13_IRQHandler
                0x0800161c                I2C3_ER_IRQHandler
                0x0800161c                EXTI0_IRQHandler
                0x0800161c                I2C2_EV_IRQHandler
                0x0800161c                DMA1_Stream2_IRQHandler
                0x0800161c                CAN1_RX0_IRQHandler
                0x0800161c                FPU_IRQHandler
                0x0800161c                OTG_HS_WKUP_IRQHandler
                0x0800161c                LTDC_ER_IRQHandler
                0x0800161c                CAN2_SCE_IRQHandler
                0x0800161c                DMA2_Stream2_IRQHandler
                0x0800161c                SPI1_IRQHandler
                0x0800161c                TIM1_BRK_TIM9_IRQHandler
                0x0800161c                DCMI_IRQHandler
                0x0800161c                CAN2_RX0_IRQHandler
                0x0800161c                DMA2_Stream3_IRQHandler
                0x0800161c                USART6_IRQHandler
                0x0800161c                USART3_IRQHandler
                0x0800161c                CAN1_RX1_IRQHandler
                0x0800161c                UART5_IRQHandler
                0x0800161c                DMA2_Stream0_IRQHandler
                0x0800161c                TIM4_IRQHandler
                0x0800161c                I2C1_EV_IRQHandler
                0x0800161c                DMA1_Stream6_IRQHandler
                0x0800161c                DMA1_Stream1_IRQHandler
                0x0800161c                UART4_IRQHandler
                0x0800161c                TIM3_IRQHandler
                0x0800161c                RCC_IRQHandler
                0x0800161c                TIM8_BRK_TIM12_IRQHandler
                0x0800161c                Default_Handler
                0x0800161c                EXTI15_10_IRQHandler
                0x0800161c                ADC_IRQHandler
                0x0800161c                DMA1_Stream7_IRQHandler
                0x0800161c                SPI5_IRQHandler
                0x0800161c                TIM7_IRQHandler
                0x0800161c                CAN2_TX_IRQHandler
                0x0800161c                TIM5_IRQHandler
                0x0800161c                DMA2_Stream7_IRQHandler
                0x0800161c                I2C3_EV_IRQHandler
                0x0800161c                EXTI9_5_IRQHandler
                0x0800161c                RTC_WKUP_IRQHandler
                0x0800161c                ETH_WKUP_IRQHandler
                0x0800161c                SPI2_IRQHandler
                0x0800161c                OTG_HS_EP1_IN_IRQHandler
                0x0800161c                DMA1_Stream0_IRQHandler
                0x0800161c                CAN1_TX_IRQHandler
                0x0800161c                EXTI4_IRQHandler
                0x0800161c                ETH_IRQHandler
                0x0800161c                OTG_HS_EP1_OUT_IRQHandler
                0x0800161c                WWDG_IRQHandler
                0x0800161c                SPI6_IRQHandler
                0x0800161c                TIM2_IRQHandler
                0x0800161c                OTG_FS_WKUP_IRQHandler
                0x0800161c                TIM1_TRG_COM_TIM11_IRQHandler
                0x0800161c                EXTI1_IRQHandler
                0x0800161c                UART7_IRQHandler
                0x0800161c                USART2_IRQHandler
                0x0800161c                I2C2_ER_IRQHandler
                0x0800161c                DMA2_Stream1_IRQHandler
                0x0800161c                CAN1_SCE_IRQHandler
                0x0800161c                FLASH_IRQHandler
                0x0800161c                DMA2_Stream4_IRQHandler
                0x0800161c                USART1_IRQHandler
                0x0800161c                OTG_FS_IRQHandler
                0x0800161c                SPI3_IRQHandler
                0x0800161c                DMA1_Stream4_IRQHandler
                0x0800161c                I2C1_ER_IRQHandler
                0x0800161c                FMC_IRQHandler
                0x0800161c                DMA2_Stream6_IRQHandler
                0x0800161c                SAI1_IRQHandler
                0x0800161c                DMA1_Stream3_IRQHandler
 *fill*         0x0800161e        0x2 
 .text.HAL_Init
                0x08001620       0x44 ./Drivers/STM32F4xx_HAL_Driver/stm32f4xx_hal.o
                0x08001620                HAL_Init
 .text.HAL_IncTick
                0x08001664       0x28 ./Drivers/STM32F4xx_HAL_Driver/stm32f4xx_hal.o
                0x08001664                HAL_IncTick
 .text.HAL_GetTick
                0x0800168c       0x18 ./Drivers/STM32F4xx_HAL_Driver/stm32f4xx_hal.o
                0x0800168c                HAL_GetTick
 .text.HAL_Delay
                0x080016a4       0x48 ./Drivers/STM32F4xx_HAL_Driver/stm32f4xx_hal.o
                0x080016a4                HAL_Delay
 .text.__NVIC_SetPriorityGrouping
                0x080016ec       0x48 ./Drivers/STM32F4xx_HAL_Driver/stm32f4xx_hal_cortex.o
 .text.__NVIC_GetPriorityGrouping
                0x08001734       0x1c ./Drivers/STM32F4xx_HAL_Driver/stm32f4xx_hal_cortex.o
 .text.__NVIC_EnableIRQ
                0x08001750       0x3c ./Drivers/STM32F4xx_HAL_Driver/stm32f4xx_hal_cortex.o
 .text.__NVIC_SetPriority
                0x0800178c       0x54 ./Drivers/STM32F4xx_HAL_Driver/stm32f4xx_hal_cortex.o
 .text.NVIC_EncodePriority
                0x080017e0       0x66 ./Drivers/STM32F4xx_HAL_Driver/stm32f4xx_hal_cortex.o
 .text.HAL_NVIC_SetPriorityGrouping
                0x08001846       0x16 ./Drivers/STM32F4xx_HAL_Driver/stm32f4xx_hal_cortex.o
                0x08001846                HAL_NVIC_SetPriorityGrouping
 .text.HAL_NVIC_SetPriority
                0x0800185c       0x38 ./Drivers/STM32F4xx_HAL_Driver/stm32f4xx_hal_cortex.o
                0x0800185c                HAL_NVIC_SetPriority
 .text.HAL_NVIC_EnableIRQ
                0x08001894       0x1c ./Drivers/STM32F4xx_HAL_Driver/stm32f4xx_hal_cortex.o
                0x08001894                HAL_NVIC_EnableIRQ
 .text.HAL_CRC_Init
                0x080018b0       0x38 ./Drivers/STM32F4xx_HAL_Driver/stm32f4xx_hal_crc.o
                0x080018b0                HAL_CRC_Init
 .text.HAL_DMA2D_Init
                0x080018e8       0x92 ./Drivers/STM32F4xx_HAL_Driver/stm32f4xx_hal_dma2d.o
                0x080018e8                HAL_DMA2D_Init
 .text.HAL_DMA2D_IRQHandler
                0x0800197a      0x1f8 ./Drivers/STM32F4xx_HAL_Driver/stm32f4xx_hal_dma2d.o
                0x0800197a                HAL_DMA2D_IRQHandler
 .text.HAL_DMA2D_LineEventCallback
                0x08001b72       0x14 ./Drivers/STM32F4xx_HAL_Driver/stm32f4xx_hal_dma2d.o
                0x08001b72                HAL_DMA2D_LineEventCallback
 .text.HAL_DMA2D_CLUTLoadingCpltCallback
                0x08001b86       0x14 ./Drivers/STM32F4xx_HAL_Driver/stm32f4xx_hal_dma2d.o
                0x08001b86                HAL_DMA2D_CLUTLoadingCpltCallback
 *fill*         0x08001b9a        0x2 
 .text.HAL_DMA2D_ConfigLayer
                0x08001b9c      0x124 ./Drivers/STM32F4xx_HAL_Driver/stm32f4xx_hal_dma2d.o
                0x08001b9c                HAL_DMA2D_ConfigLayer
 .text.HAL_GPIO_Init
                0x08001cc0      0x358 ./Drivers/STM32F4xx_HAL_Driver/stm32f4xx_hal_gpio.o
                0x08001cc0                HAL_GPIO_Init
 .text.HAL_GPIO_WritePin
                0x08002018       0x32 ./Drivers/STM32F4xx_HAL_Driver/stm32f4xx_hal_gpio.o
                0x08002018                HAL_GPIO_WritePin
 .text.HAL_HCD_Init
                0x0800204a       0xce ./Drivers/STM32F4xx_HAL_Driver/stm32f4xx_hal_hcd.o
                0x0800204a                HAL_HCD_Init
 .text.HAL_HCD_HC_Init
                0x08002118      0x170 ./Drivers/STM32F4xx_HAL_Driver/stm32f4xx_hal_hcd.o
                0x08002118                HAL_HCD_HC_Init
 .text.HAL_HCD_HC_Halt
                0x08002288       0x46 ./Drivers/STM32F4xx_HAL_Driver/stm32f4xx_hal_hcd.o
                0x08002288                HAL_HCD_HC_Halt
 *fill*         0x080022ce        0x2 
 .text.HAL_HCD_HC_SubmitRequest
                0x080022d0      0x33c ./Drivers/STM32F4xx_HAL_Driver/stm32f4xx_hal_hcd.o
                0x080022d0                HAL_HCD_HC_SubmitRequest
 .text.HAL_HCD_IRQHandler
                0x0800260c      0x220 ./Drivers/STM32F4xx_HAL_Driver/stm32f4xx_hal_hcd.o
                0x0800260c                HAL_HCD_IRQHandler
 .text.HAL_HCD_Start
                0x0800282c       0x46 ./Drivers/STM32F4xx_HAL_Driver/stm32f4xx_hal_hcd.o
                0x0800282c                HAL_HCD_Start
 .text.HAL_HCD_Stop
                0x08002872       0x3a ./Drivers/STM32F4xx_HAL_Driver/stm32f4xx_hal_hcd.o
                0x08002872                HAL_HCD_Stop
 .text.HAL_HCD_ResetPort
                0x080028ac       0x1c ./Drivers/STM32F4xx_HAL_Driver/stm32f4xx_hal_hcd.o
                0x080028ac                HAL_HCD_ResetPort
 .text.HAL_HCD_HC_GetURBState
                0x080028c8       0x2a ./Drivers/STM32F4xx_HAL_Driver/stm32f4xx_hal_hcd.o
                0x080028c8                HAL_HCD_HC_GetURBState
 .text.HAL_HCD_HC_GetXferCount
                0x080028f2       0x2a ./Drivers/STM32F4xx_HAL_Driver/stm32f4xx_hal_hcd.o
                0x080028f2                HAL_HCD_HC_GetXferCount
 .text.HAL_HCD_GetCurrentFrame
                0x0800291c       0x1c ./Drivers/STM32F4xx_HAL_Driver/stm32f4xx_hal_hcd.o
                0x0800291c                HAL_HCD_GetCurrentFrame
 .text.HAL_HCD_GetCurrentSpeed
                0x08002938       0x1c ./Drivers/STM32F4xx_HAL_Driver/stm32f4xx_hal_hcd.o
                0x08002938                HAL_HCD_GetCurrentSpeed
 .text.HAL_HCD_HC_ClearHubInfo
                0x08002954       0x6a ./Drivers/STM32F4xx_HAL_Driver/stm32f4xx_hal_hcd.o
                0x08002954                HAL_HCD_HC_ClearHubInfo
 .text.HCD_HC_IN_IRQHandler
                0x080029be      0xcd2 ./Drivers/STM32F4xx_HAL_Driver/stm32f4xx_hal_hcd.o
 .text.HCD_HC_OUT_IRQHandler
                0x08003690      0x97e ./Drivers/STM32F4xx_HAL_Driver/stm32f4xx_hal_hcd.o
 .text.HCD_RXQLVL_IRQHandler
                0x0800400e      0x1be ./Drivers/STM32F4xx_HAL_Driver/stm32f4xx_hal_hcd.o
 .text.HCD_Port_IRQHandler
                0x080041cc       0xe6 ./Drivers/STM32F4xx_HAL_Driver/stm32f4xx_hal_hcd.o
 *fill*         0x080042b2        0x2 
 .text.HAL_I2C_Init
                0x080042b4      0x288 ./Drivers/STM32F4xx_HAL_Driver/stm32f4xx_hal_i2c.o
                0x080042b4                HAL_I2C_Init
 .text.HAL_I2CEx_ConfigAnalogFilter
                0x0800453c       0x78 ./Drivers/STM32F4xx_HAL_Driver/stm32f4xx_hal_i2c_ex.o
                0x0800453c                HAL_I2CEx_ConfigAnalogFilter
 .text.HAL_I2CEx_ConfigDigitalFilter
                0x080045b4       0x7e ./Drivers/STM32F4xx_HAL_Driver/stm32f4xx_hal_i2c_ex.o
                0x080045b4                HAL_I2CEx_ConfigDigitalFilter
 *fill*         0x08004632        0x2 
 .text.HAL_LTDC_Init
                0x08004634      0x1a0 ./Drivers/STM32F4xx_HAL_Driver/stm32f4xx_hal_ltdc.o
                0x08004634                HAL_LTDC_Init
 .text.HAL_LTDC_IRQHandler
                0x080047d4      0x148 ./Drivers/STM32F4xx_HAL_Driver/stm32f4xx_hal_ltdc.o
                0x080047d4                HAL_LTDC_IRQHandler
 .text.HAL_LTDC_ErrorCallback
                0x0800491c       0x14 ./Drivers/STM32F4xx_HAL_Driver/stm32f4xx_hal_ltdc.o
                0x0800491c                HAL_LTDC_ErrorCallback
 .text.HAL_LTDC_LineEventCallback
                0x08004930       0x14 ./Drivers/STM32F4xx_HAL_Driver/stm32f4xx_hal_ltdc.o
                0x08004930                HAL_LTDC_LineEventCallback
 .text.HAL_LTDC_ReloadEventCallback
                0x08004944       0x14 ./Drivers/STM32F4xx_HAL_Driver/stm32f4xx_hal_ltdc.o
                0x08004944                HAL_LTDC_ReloadEventCallback
 .text.HAL_LTDC_ConfigLayer
                0x08004958       0x7c ./Drivers/STM32F4xx_HAL_Driver/stm32f4xx_hal_ltdc.o
                0x08004958                HAL_LTDC_ConfigLayer
 .text.LTDC_SetConfig
                0x080049d4      0x32e ./Drivers/STM32F4xx_HAL_Driver/stm32f4xx_hal_ltdc.o
 *fill*         0x08004d02        0x2 
 .text.HAL_RCC_OscConfig
                0x08004d04      0x4f0 ./Drivers/STM32F4xx_HAL_Driver/stm32f4xx_hal_rcc.o
                0x08004d04                HAL_RCC_OscConfig
 .text.HAL_RCC_ClockConfig
                0x080051f4      0x1cc ./Drivers/STM32F4xx_HAL_Driver/stm32f4xx_hal_rcc.o
                0x080051f4                HAL_RCC_ClockConfig
 .text.HAL_RCC_GetSysClockFreq
                0x080053c0      0x20c ./Drivers/STM32F4xx_HAL_Driver/stm32f4xx_hal_rcc.o
                0x080053c0                HAL_RCC_GetSysClockFreq
 .text.HAL_RCC_GetHCLKFreq
                0x080055cc       0x18 ./Drivers/STM32F4xx_HAL_Driver/stm32f4xx_hal_rcc.o
                0x080055cc                HAL_RCC_GetHCLKFreq
 .text.HAL_RCC_GetPCLK1Freq
                0x080055e4       0x28 ./Drivers/STM32F4xx_HAL_Driver/stm32f4xx_hal_rcc.o
                0x080055e4                HAL_RCC_GetPCLK1Freq
 .text.HAL_RCC_GetPCLK2Freq
                0x0800560c       0x28 ./Drivers/STM32F4xx_HAL_Driver/stm32f4xx_hal_rcc.o
                0x0800560c                HAL_RCC_GetPCLK2Freq
 .text.HAL_RCC_GetClockConfig
                0x08005634       0x64 ./Drivers/STM32F4xx_HAL_Driver/stm32f4xx_hal_rcc.o
                0x08005634                HAL_RCC_GetClockConfig
 .text.HAL_RCCEx_PeriphCLKConfig
                0x08005698      0x380 ./Drivers/STM32F4xx_HAL_Driver/stm32f4xx_hal_rcc_ex.o
                0x08005698                HAL_RCCEx_PeriphCLKConfig
 .text.HAL_SDRAM_Init
                0x08005a18       0x68 ./Drivers/STM32F4xx_HAL_Driver/stm32f4xx_hal_sdram.o
                0x08005a18                HAL_SDRAM_Init
 .text.HAL_SPI_Init
                0x08005a80      0x112 ./Drivers/STM32F4xx_HAL_Driver/stm32f4xx_hal_spi.o
                0x08005a80                HAL_SPI_Init
 .text.HAL_TIM_Base_Init
                0x08005b92       0x9e ./Drivers/STM32F4xx_HAL_Driver/stm32f4xx_hal_tim.o
                0x08005b92                HAL_TIM_Base_Init
 .text.HAL_TIM_Base_Start_IT
                0x08005c30       0xe0 ./Drivers/STM32F4xx_HAL_Driver/stm32f4xx_hal_tim.o
                0x08005c30                HAL_TIM_Base_Start_IT
 .text.HAL_TIM_IRQHandler
                0x08005d10      0x1e0 ./Drivers/STM32F4xx_HAL_Driver/stm32f4xx_hal_tim.o
                0x08005d10                HAL_TIM_IRQHandler
 .text.HAL_TIM_ConfigClockSource
                0x08005ef0      0x18e ./Drivers/STM32F4xx_HAL_Driver/stm32f4xx_hal_tim.o
                0x08005ef0                HAL_TIM_ConfigClockSource
 .text.HAL_TIM_OC_DelayElapsedCallback
                0x0800607e       0x14 ./Drivers/STM32F4xx_HAL_Driver/stm32f4xx_hal_tim.o
                0x0800607e                HAL_TIM_OC_DelayElapsedCallback
 .text.HAL_TIM_IC_CaptureCallback
                0x08006092       0x14 ./Drivers/STM32F4xx_HAL_Driver/stm32f4xx_hal_tim.o
                0x08006092                HAL_TIM_IC_CaptureCallback
 .text.HAL_TIM_PWM_PulseFinishedCallback
                0x080060a6       0x14 ./Drivers/STM32F4xx_HAL_Driver/stm32f4xx_hal_tim.o
                0x080060a6                HAL_TIM_PWM_PulseFinishedCallback
 .text.HAL_TIM_TriggerCallback
                0x080060ba       0x14 ./Drivers/STM32F4xx_HAL_Driver/stm32f4xx_hal_tim.o
                0x080060ba                HAL_TIM_TriggerCallback
 *fill*         0x080060ce        0x2 
 .text.TIM_Base_SetConfig
                0x080060d0      0x158 ./Drivers/STM32F4xx_HAL_Driver/stm32f4xx_hal_tim.o
                0x080060d0                TIM_Base_SetConfig
 .text.TIM_TI1_ConfigInputStage
                0x08006228       0x5e ./Drivers/STM32F4xx_HAL_Driver/stm32f4xx_hal_tim.o
 .text.TIM_TI2_ConfigInputStage
                0x08006286       0x60 ./Drivers/STM32F4xx_HAL_Driver/stm32f4xx_hal_tim.o
 .text.TIM_ITRx_SetConfig
                0x080062e6       0x36 ./Drivers/STM32F4xx_HAL_Driver/stm32f4xx_hal_tim.o
 .text.TIM_ETR_SetConfig
                0x0800631c       0x40 ./Drivers/STM32F4xx_HAL_Driver/stm32f4xx_hal_tim.o
                0x0800631c                TIM_ETR_SetConfig
 .text.HAL_TIMEx_MasterConfigSynchronization
                0x0800635c       0xf8 ./Drivers/STM32F4xx_HAL_Driver/stm32f4xx_hal_tim_ex.o
                0x0800635c                HAL_TIMEx_MasterConfigSynchronization
 .text.HAL_TIMEx_CommutCallback
                0x08006454       0x14 ./Drivers/STM32F4xx_HAL_Driver/stm32f4xx_hal_tim_ex.o
                0x08006454                HAL_TIMEx_CommutCallback
 .text.HAL_TIMEx_BreakCallback
                0x08006468       0x14 ./Drivers/STM32F4xx_HAL_Driver/stm32f4xx_hal_tim_ex.o
                0x08006468                HAL_TIMEx_BreakCallback
 .text.HAL_UART_Init
                0x0800647c       0xa0 ./Drivers/STM32F4xx_HAL_Driver/stm32f4xx_hal_uart.o
                0x0800647c                HAL_UART_Init
 .text.UART_SetConfig
                0x0800651c      0x4e8 ./Drivers/STM32F4xx_HAL_Driver/stm32f4xx_hal_uart.o
 .text.FMC_SDRAM_Init
                0x08006a04       0xba ./Drivers/STM32F4xx_HAL_Driver/stm32f4xx_ll_fmc.o
                0x08006a04                FMC_SDRAM_Init
 .text.FMC_SDRAM_Timing_Init
                0x08006abe       0xd2 ./Drivers/STM32F4xx_HAL_Driver/stm32f4xx_ll_fmc.o
                0x08006abe                FMC_SDRAM_Timing_Init
 .text.USB_CoreInit
                0x08006b90       0xc8 ./Drivers/STM32F4xx_HAL_Driver/stm32f4xx_ll_usb.o
                0x08006b90                USB_CoreInit
 .text.USB_EnableGlobalInt
                0x08006c58       0x22 ./Drivers/STM32F4xx_HAL_Driver/stm32f4xx_ll_usb.o
                0x08006c58                USB_EnableGlobalInt
 .text.USB_DisableGlobalInt
                0x08006c7a       0x22 ./Drivers/STM32F4xx_HAL_Driver/stm32f4xx_ll_usb.o
                0x08006c7a                USB_DisableGlobalInt
 .text.USB_SetCurrentMode
                0x08006c9c       0x98 ./Drivers/STM32F4xx_HAL_Driver/stm32f4xx_ll_usb.o
                0x08006c9c                USB_SetCurrentMode
 .text.USB_FlushTxFifo
                0x08006d34       0x64 ./Drivers/STM32F4xx_HAL_Driver/stm32f4xx_ll_usb.o
                0x08006d34                USB_FlushTxFifo
 .text.USB_FlushRxFifo
                0x08006d98       0x5c ./Drivers/STM32F4xx_HAL_Driver/stm32f4xx_ll_usb.o
                0x08006d98                USB_FlushRxFifo
 .text.USB_WritePacket
                0x08006df4       0x7c ./Drivers/STM32F4xx_HAL_Driver/stm32f4xx_ll_usb.o
                0x08006df4                USB_WritePacket
 .text.USB_ReadPacket
                0x08006e70       0xb0 ./Drivers/STM32F4xx_HAL_Driver/stm32f4xx_ll_usb.o
                0x08006e70                USB_ReadPacket
 .text.USB_ReadInterrupts
                0x08006f20       0x26 ./Drivers/STM32F4xx_HAL_Driver/stm32f4xx_ll_usb.o
                0x08006f20                USB_ReadInterrupts
 .text.USB_ReadChInterrupts
                0x08006f46       0x42 ./Drivers/STM32F4xx_HAL_Driver/stm32f4xx_ll_usb.o
                0x08006f46                USB_ReadChInterrupts
 .text.USB_GetMode
                0x08006f88       0x1c ./Drivers/STM32F4xx_HAL_Driver/stm32f4xx_ll_usb.o
                0x08006f88                USB_GetMode
 .text.USB_CoreReset
                0x08006fa4       0x62 ./Drivers/STM32F4xx_HAL_Driver/stm32f4xx_ll_usb.o
 *fill*         0x08007006        0x2 
 .text.USB_HostInit
                0x08007008      0x188 ./Drivers/STM32F4xx_HAL_Driver/stm32f4xx_ll_usb.o
                0x08007008                USB_HostInit
 .text.USB_InitFSLSPClkSel
                0x08007190       0x7a ./Drivers/STM32F4xx_HAL_Driver/stm32f4xx_ll_usb.o
                0x08007190                USB_InitFSLSPClkSel
 .text.USB_ResetPort
                0x0800720a       0x54 ./Drivers/STM32F4xx_HAL_Driver/stm32f4xx_ll_usb.o
                0x0800720a                USB_ResetPort
 .text.USB_DriveVbus
                0x0800725e       0x72 ./Drivers/STM32F4xx_HAL_Driver/stm32f4xx_ll_usb.o
                0x0800725e                USB_DriveVbus
 .text.USB_GetHostSpeed
                0x080072d0       0x2e ./Drivers/STM32F4xx_HAL_Driver/stm32f4xx_ll_usb.o
                0x080072d0                USB_GetHostSpeed
 .text.USB_GetCurrentFrame
                0x080072fe       0x22 ./Drivers/STM32F4xx_HAL_Driver/stm32f4xx_ll_usb.o
                0x080072fe                USB_GetCurrentFrame
 .text.USB_HC_Init
                0x08007320      0x258 ./Drivers/STM32F4xx_HAL_Driver/stm32f4xx_ll_usb.o
                0x08007320                USB_HC_Init
 .text.USB_HC_StartXfer
                0x08007578      0x4f4 ./Drivers/STM32F4xx_HAL_Driver/stm32f4xx_ll_usb.o
                0x08007578                USB_HC_StartXfer
 .text.USB_HC_ReadInterrupt
                0x08007a6c       0x22 ./Drivers/STM32F4xx_HAL_Driver/stm32f4xx_ll_usb.o
                0x08007a6c                USB_HC_ReadInterrupt
 .text.USB_HC_Halt
                0x08007a8e      0x240 ./Drivers/STM32F4xx_HAL_Driver/stm32f4xx_ll_usb.o
                0x08007a8e                USB_HC_Halt
 *fill*         0x08007cce        0x2 
 .text.USB_DoPing
                0x08007cd0       0x78 ./Drivers/STM32F4xx_HAL_Driver/stm32f4xx_ll_usb.o
                0x08007cd0                USB_DoPing
 .text.USB_StopHost
                0x08007d48      0x124 ./Drivers/STM32F4xx_HAL_Driver/stm32f4xx_ll_usb.o
                0x08007d48                USB_StopHost
 .text.makeFreeRtosPriority
                0x08007e6c       0x30 ./Middlewares/FreeRTOS/cmsis_os.o
 .text.inHandlerMode
                0x08007e9c       0x24 ./Middlewares/FreeRTOS/cmsis_os.o
 .text.osKernelStart
                0x08007ec0        0xe ./Middlewares/FreeRTOS/cmsis_os.o
                0x08007ec0                osKernelStart
 .text.osThreadCreate
                0x08007ece       0x98 ./Middlewares/FreeRTOS/cmsis_os.o
                0x08007ece                osThreadCreate
 .text.osDelay  0x08007f66       0x28 ./Middlewares/FreeRTOS/cmsis_os.o
                0x08007f66                osDelay
 .text.osMessageCreate
                0x08007f8e       0x50 ./Middlewares/FreeRTOS/cmsis_os.o
                0x08007f8e                osMessageCreate
 *fill*         0x08007fde        0x2 
 .text.osMessagePut
                0x08007fe0       0x80 ./Middlewares/FreeRTOS/cmsis_os.o
                0x08007fe0                osMessagePut
 .text.osMessageGet
                0x08008060       0xe8 ./Middlewares/FreeRTOS/cmsis_os.o
                0x08008060                osMessageGet
 .text.pvPortMalloc
                0x08008148      0x1a8 ./Middlewares/FreeRTOS/heap_4.o
                0x08008148                pvPortMalloc
 .text.vPortFree
                0x080082f0       0xc8 ./Middlewares/FreeRTOS/heap_4.o
                0x080082f0                vPortFree
 .text.prvHeapInit
                0x080083b8       0xc4 ./Middlewares/FreeRTOS/heap_4.o
 .text.prvInsertBlockIntoFreeList
                0x0800847c       0xb4 ./Middlewares/FreeRTOS/heap_4.o
 .text.vListInitialise
                0x08008530       0x40 ./Middlewares/FreeRTOS/list.o
                0x08008530                vListInitialise
 .text.vListInitialiseItem
                0x08008570       0x1a ./Middlewares/FreeRTOS/list.o
                0x08008570                vListInitialiseItem
 .text.vListInsertEnd
                0x0800858a       0x48 ./Middlewares/FreeRTOS/list.o
                0x0800858a                vListInsertEnd
 .text.vListInsert
                0x080085d2       0x72 ./Middlewares/FreeRTOS/list.o
                0x080085d2                vListInsert
 .text.uxListRemove
                0x08008644       0x54 ./Middlewares/FreeRTOS/list.o
                0x08008644                uxListRemove
 .text.pxPortInitialiseStack
                0x08008698       0x68 ./Middlewares/FreeRTOS/port.o
                0x08008698                pxPortInitialiseStack
 .text.prvTaskExitError
                0x08008700       0x5c ./Middlewares/FreeRTOS/port.o
 *fill*         0x0800875c        0x4 
 .text.SVC_Handler
                0x08008760       0x28 ./Middlewares/FreeRTOS/port.o
                0x08008760                SVC_Handler
 .text.prvPortStartFirstTask
                0x08008788       0x28 ./Middlewares/FreeRTOS/port.o
 .text.xPortStartScheduler
                0x080087b0      0x148 ./Middlewares/FreeRTOS/port.o
                0x080087b0                xPortStartScheduler
 .text.vPortEnterCritical
                0x080088f8       0x64 ./Middlewares/FreeRTOS/port.o
                0x080088f8                vPortEnterCritical
 .text.vPortExitCritical
                0x0800895c       0x54 ./Middlewares/FreeRTOS/port.o
                0x0800895c                vPortExitCritical
 .text.PendSV_Handler
                0x080089b0       0x68 ./Middlewares/FreeRTOS/port.o
                0x080089b0                PendSV_Handler
 .text.SysTick_Handler
                0x08008a18       0x44 ./Middlewares/FreeRTOS/port.o
                0x08008a18                SysTick_Handler
 .text.vPortSetupTimerInterrupt
                0x08008a5c       0x48 ./Middlewares/FreeRTOS/port.o
                0x08008a5c                vPortSetupTimerInterrupt
 .text.vPortEnableVFP
                0x08008aa4       0x14 ./Middlewares/FreeRTOS/port.o
 .text.vPortValidateInterruptPriority
                0x08008ab8       0x84 ./Middlewares/FreeRTOS/port.o
                0x08008ab8                vPortValidateInterruptPriority
 .text.xQueueGenericReset
                0x08008b3c       0xd4 ./Middlewares/FreeRTOS/queue.o
                0x08008b3c                xQueueGenericReset
 .text.xQueueGenericCreateStatic
                0x08008c10       0xfa ./Middlewares/FreeRTOS/queue.o
                0x08008c10                xQueueGenericCreateStatic
 .text.xQueueGenericCreate
                0x08008d0a       0x76 ./Middlewares/FreeRTOS/queue.o
                0x08008d0a                xQueueGenericCreate
 .text.prvInitialiseNewQueue
                0x08008d80       0x3e ./Middlewares/FreeRTOS/queue.o
 *fill*         0x08008dbe        0x2 
 .text.xQueueGenericSend
                0x08008dc0      0x204 ./Middlewares/FreeRTOS/queue.o
                0x08008dc0                xQueueGenericSend
 .text.xQueueGenericSendFromISR
                0x08008fc4      0x13c ./Middlewares/FreeRTOS/queue.o
                0x08008fc4                xQueueGenericSendFromISR
 .text.xQueueReceive
                0x08009100      0x1c4 ./Middlewares/FreeRTOS/queue.o
                0x08009100                xQueueReceive
 .text.xQueueReceiveFromISR
                0x080092c4      0x104 ./Middlewares/FreeRTOS/queue.o
                0x080092c4                xQueueReceiveFromISR
 .text.prvCopyDataToQueue
                0x080093c8       0xd4 ./Middlewares/FreeRTOS/queue.o
 .text.prvCopyDataFromQueue
                0x0800949c       0x4c ./Middlewares/FreeRTOS/queue.o
 .text.prvUnlockQueue
                0x080094e8       0xa4 ./Middlewares/FreeRTOS/queue.o
 .text.prvIsQueueEmpty
                0x0800958c       0x2c ./Middlewares/FreeRTOS/queue.o
 .text.prvIsQueueFull
                0x080095b8       0x30 ./Middlewares/FreeRTOS/queue.o
 .text.xTaskCreateStatic
                0x080095e8       0xc0 ./Middlewares/FreeRTOS/tasks.o
                0x080095e8                xTaskCreateStatic
 .text.xTaskCreate
                0x080096a8       0x8a ./Middlewares/FreeRTOS/tasks.o
                0x080096a8                xTaskCreate
 .text.prvInitialiseNewTask
                0x08009732      0x126 ./Middlewares/FreeRTOS/tasks.o
 .text.prvAddNewTaskToReadyList
                0x08009858       0xd4 ./Middlewares/FreeRTOS/tasks.o
 .text.vTaskDelay
                0x0800992c       0x6c ./Middlewares/FreeRTOS/tasks.o
                0x0800992c                vTaskDelay
 .text.vTaskStartScheduler
                0x08009998       0xc4 ./Middlewares/FreeRTOS/tasks.o
                0x08009998                vTaskStartScheduler
 .text.vTaskSuspendAll
                0x08009a5c       0x1c ./Middlewares/FreeRTOS/tasks.o
                0x08009a5c                vTaskSuspendAll
 .text.xTaskResumeAll
                0x08009a78      0x13c ./Middlewares/FreeRTOS/tasks.o
                0x08009a78                xTaskResumeAll
 .text.xTaskIncrementTick
                0x08009bb4      0x174 ./Middlewares/FreeRTOS/tasks.o
                0x08009bb4                xTaskIncrementTick
 .text.vTaskSwitchContext
                0x08009d28      0x104 ./Middlewares/FreeRTOS/tasks.o
                0x08009d28                vTaskSwitchContext
 .text.vTaskPlaceOnEventList
                0x08009e2c       0x4c ./Middlewares/FreeRTOS/tasks.o
                0x08009e2c                vTaskPlaceOnEventList
 .text.xTaskRemoveFromEventList
                0x08009e78       0xc8 ./Middlewares/FreeRTOS/tasks.o
                0x08009e78                xTaskRemoveFromEventList
 .text.vTaskInternalSetTimeOutState
                0x08009f40       0x2c ./Middlewares/FreeRTOS/tasks.o
                0x08009f40                vTaskInternalSetTimeOutState
 .text.xTaskCheckForTimeOut
                0x08009f6c       0xc8 ./Middlewares/FreeRTOS/tasks.o
                0x08009f6c                xTaskCheckForTimeOut
 .text.vTaskMissedYield
                0x0800a034       0x18 ./Middlewares/FreeRTOS/tasks.o
                0x0800a034                vTaskMissedYield
 .text.prvIdleTask
                0x0800a04c       0x34 ./Middlewares/FreeRTOS/tasks.o
 .text.prvInitialiseTaskLists
                0x0800a080       0x80 ./Middlewares/FreeRTOS/tasks.o
 .text.prvCheckTasksWaitingTermination
                0x0800a100       0x5c ./Middlewares/FreeRTOS/tasks.o
 .text.prvDeleteTCB
                0x0800a15c       0x60 ./Middlewares/FreeRTOS/tasks.o
 .text.prvResetNextTaskUnblockTime
                0x0800a1bc       0x40 ./Middlewares/FreeRTOS/tasks.o
 .text.xTaskGetSchedulerState
                0x0800a1fc       0x3c ./Middlewares/FreeRTOS/tasks.o
                0x0800a1fc                xTaskGetSchedulerState
 .text.xTaskPriorityDisinherit
                0x0800a238      0x110 ./Middlewares/FreeRTOS/tasks.o
                0x0800a238                xTaskPriorityDisinherit
 .text.prvAddCurrentTaskToDelayedList
                0x0800a348       0xcc ./Middlewares/FreeRTOS/tasks.o
 .text.USBH_CDC_InterfaceInit
                0x0800a414      0x2ac ./Middlewares/USB_Host_Library/usbh_cdc.o
 .text.USBH_CDC_InterfaceDeInit
                0x0800a6c0       0xb2 ./Middlewares/USB_Host_Library/usbh_cdc.o
 .text.USBH_CDC_ClassRequest
                0x0800a772       0x3e ./Middlewares/USB_Host_Library/usbh_cdc.o
 .text.USBH_CDC_Process
                0x0800a7b0      0x12c ./Middlewares/USB_Host_Library/usbh_cdc.o
 .text.USBH_CDC_SOFProcess
                0x0800a8dc       0x16 ./Middlewares/USB_Host_Library/usbh_cdc.o
 .text.GetLineCoding
                0x0800a8f2       0x3e ./Middlewares/USB_Host_Library/usbh_cdc.o
 .text.SetLineCoding
                0x0800a930       0x3e ./Middlewares/USB_Host_Library/usbh_cdc.o
 .text.CDC_ProcessTransmission
                0x0800a96e      0x124 ./Middlewares/USB_Host_Library/usbh_cdc.o
 .text.CDC_ProcessReception
                0x0800aa92       0xd2 ./Middlewares/USB_Host_Library/usbh_cdc.o
 .text.USBH_CDC_TransmitCallback
                0x0800ab64       0x14 ./Middlewares/USB_Host_Library/usbh_cdc.o
                0x0800ab64                USBH_CDC_TransmitCallback
 .text.USBH_CDC_ReceiveCallback
                0x0800ab78       0x14 ./Middlewares/USB_Host_Library/usbh_cdc.o
                0x0800ab78                USBH_CDC_ReceiveCallback
 .text.USBH_CDC_LineCodingChanged
                0x0800ab8c       0x14 ./Middlewares/USB_Host_Library/usbh_cdc.o
                0x0800ab8c                USBH_CDC_LineCodingChanged
 .text.USBH_Init
                0x0800aba0       0xc4 ./Middlewares/USB_Host_Library/usbh_core.o
                0x0800aba0                USBH_Init
 .text.DeInitStateMachine
                0x0800ac64       0xe6 ./Middlewares/USB_Host_Library/usbh_core.o
 .text.USBH_RegisterClass
                0x0800ad4a       0x54 ./Middlewares/USB_Host_Library/usbh_core.o
                0x0800ad4a                USBH_RegisterClass
 .text.USBH_SelectInterface
                0x0800ad9e       0x38 ./Middlewares/USB_Host_Library/usbh_core.o
                0x0800ad9e                USBH_SelectInterface
 .text.USBH_FindInterface
                0x0800add6       0x8c ./Middlewares/USB_Host_Library/usbh_core.o
                0x0800add6                USBH_FindInterface
 .text.USBH_Start
                0x0800ae62       0x20 ./Middlewares/USB_Host_Library/usbh_core.o
                0x0800ae62                USBH_Start
 *fill*         0x0800ae82        0x2 
 .text.USBH_Process
                0x0800ae84      0x4d4 ./Middlewares/USB_Host_Library/usbh_core.o
                0x0800ae84                USBH_Process
 .text.USBH_HandleEnum
                0x0800b358      0x450 ./Middlewares/USB_Host_Library/usbh_core.o
 .text.USBH_LL_SetTimer
                0x0800b7a8       0x1e ./Middlewares/USB_Host_Library/usbh_core.o
                0x0800b7a8                USBH_LL_SetTimer
 .text.USBH_LL_IncTimer
                0x0800b7c6       0x24 ./Middlewares/USB_Host_Library/usbh_core.o
                0x0800b7c6                USBH_LL_IncTimer
 .text.USBH_HandleSof
                0x0800b7ea       0x30 ./Middlewares/USB_Host_Library/usbh_core.o
 .text.USBH_LL_PortEnabled
                0x0800b81a       0x34 ./Middlewares/USB_Host_Library/usbh_core.o
                0x0800b81a                USBH_LL_PortEnabled
 .text.USBH_LL_PortDisabled
                0x0800b84e       0x1c ./Middlewares/USB_Host_Library/usbh_core.o
                0x0800b84e                USBH_LL_PortDisabled
 .text.USBH_LL_Connect
                0x0800b86a       0x46 ./Middlewares/USB_Host_Library/usbh_core.o
                0x0800b86a                USBH_LL_Connect
 .text.USBH_LL_Disconnect
                0x0800b8b0       0x64 ./Middlewares/USB_Host_Library/usbh_core.o
                0x0800b8b0                USBH_LL_Disconnect
 .text.USBH_Process_OS
                0x0800b914       0x2a ./Middlewares/USB_Host_Library/usbh_core.o
 .text.USBH_LL_NotifyURBChange
                0x0800b93e       0x2e ./Middlewares/USB_Host_Library/usbh_core.o
                0x0800b93e                USBH_LL_NotifyURBChange
 .text.USBH_Get_DevDesc
                0x0800b96c       0x58 ./Middlewares/USB_Host_Library/usbh_ctlreq.o
                0x0800b96c                USBH_Get_DevDesc
 .text.USBH_Get_CfgDesc
                0x0800b9c4       0x54 ./Middlewares/USB_Host_Library/usbh_ctlreq.o
                0x0800b9c4                USBH_Get_CfgDesc
 .text.USBH_Get_StringDesc
                0x0800ba18       0x68 ./Middlewares/USB_Host_Library/usbh_ctlreq.o
                0x0800ba18                USBH_Get_StringDesc
 .text.USBH_GetDescriptor
                0x0800ba80       0x6a ./Middlewares/USB_Host_Library/usbh_ctlreq.o
                0x0800ba80                USBH_GetDescriptor
 .text.USBH_SetAddress
                0x0800baea       0x48 ./Middlewares/USB_Host_Library/usbh_ctlreq.o
                0x0800baea                USBH_SetAddress
 .text.USBH_SetCfg
                0x0800bb32       0x46 ./Middlewares/USB_Host_Library/usbh_ctlreq.o
                0x0800bb32                USBH_SetCfg
 .text.USBH_SetFeature
                0x0800bb78       0x48 ./Middlewares/USB_Host_Library/usbh_ctlreq.o
                0x0800bb78                USBH_SetFeature
 .text.USBH_ClrFeature
                0x0800bbc0       0x48 ./Middlewares/USB_Host_Library/usbh_ctlreq.o
                0x0800bbc0                USBH_ClrFeature
 .text.USBH_ParseDevDesc
                0x0800bc08      0x160 ./Middlewares/USB_Host_Library/usbh_ctlreq.o
 .text.USBH_ParseCfgDesc
                0x0800bd68      0x1f0 ./Middlewares/USB_Host_Library/usbh_ctlreq.o
 .text.USBH_ParseInterfaceDesc
                0x0800bf58       0x68 ./Middlewares/USB_Host_Library/usbh_ctlreq.o
 .text.USBH_ParseEPDesc
                0x0800bfc0      0x1d0 ./Middlewares/USB_Host_Library/usbh_ctlreq.o
 .text.USBH_ParseStringDesc
                0x0800c190       0x66 ./Middlewares/USB_Host_Library/usbh_ctlreq.o
 .text.USBH_GetNextDesc
                0x0800c1f6       0x34 ./Middlewares/USB_Host_Library/usbh_ctlreq.o
                0x0800c1f6                USBH_GetNextDesc
 .text.USBH_CtlReq
                0x0800c22a       0xb2 ./Middlewares/USB_Host_Library/usbh_ctlreq.o
                0x0800c22a                USBH_CtlReq
 .text.USBH_HandleControl
                0x0800c2dc      0x490 ./Middlewares/USB_Host_Library/usbh_ctlreq.o
 .text.USBH_CtlSendSetup
                0x0800c76c       0x34 ./Middlewares/USB_Host_Library/usbh_ioreq.o
                0x0800c76c                USBH_CtlSendSetup
 .text.USBH_CtlSendData
                0x0800c7a0       0x4a ./Middlewares/USB_Host_Library/usbh_ioreq.o
                0x0800c7a0                USBH_CtlSendData
 .text.USBH_CtlReceiveData
                0x0800c7ea       0x3c ./Middlewares/USB_Host_Library/usbh_ioreq.o
                0x0800c7ea                USBH_CtlReceiveData
 .text.USBH_BulkSendData
                0x0800c826       0x4a ./Middlewares/USB_Host_Library/usbh_ioreq.o
                0x0800c826                USBH_BulkSendData
 .text.USBH_BulkReceiveData
                0x0800c870       0x3c ./Middlewares/USB_Host_Library/usbh_ioreq.o
                0x0800c870                USBH_BulkReceiveData
 .text.USBH_OpenPipe
                0x0800c8ac       0x3e ./Middlewares/USB_Host_Library/usbh_pipes.o
                0x0800c8ac                USBH_OpenPipe
 .text.USBH_ClosePipe
                0x0800c8ea       0x20 ./Middlewares/USB_Host_Library/usbh_pipes.o
                0x0800c8ea                USBH_ClosePipe
 .text.USBH_AllocPipe
                0x0800c90a       0x42 ./Middlewares/USB_Host_Library/usbh_pipes.o
                0x0800c90a                USBH_AllocPipe
 .text.USBH_FreePipe
                0x0800c94c       0x3c ./Middlewares/USB_Host_Library/usbh_pipes.o
                0x0800c94c                USBH_FreePipe
 .text.USBH_GetFreePipe
                0x0800c988       0x48 ./Middlewares/USB_Host_Library/usbh_pipes.o
 .text.MX_USB_HOST_Init
                0x0800c9d0       0x4c ./USB_HOST/App/usb_host.o
                0x0800c9d0                MX_USB_HOST_Init
 .text.USBH_UserProcess
                0x0800ca1c       0x5c ./USB_HOST/App/usb_host.o
 .text.HAL_HCD_MspInit
                0x0800ca78       0xbc ./USB_HOST/Target/usbh_conf.o
                0x0800ca78                HAL_HCD_MspInit
 .text.HAL_HCD_SOF_Callback
                0x0800cb34       0x1c ./USB_HOST/Target/usbh_conf.o
                0x0800cb34                HAL_HCD_SOF_Callback
 .text.HAL_HCD_Connect_Callback
                0x0800cb50       0x1c ./USB_HOST/Target/usbh_conf.o
                0x0800cb50                HAL_HCD_Connect_Callback
 .text.HAL_HCD_Disconnect_Callback
                0x0800cb6c       0x1c ./USB_HOST/Target/usbh_conf.o
                0x0800cb6c                HAL_HCD_Disconnect_Callback
 .text.HAL_HCD_HC_NotifyURBChange_Callback
                0x0800cb88       0x24 ./USB_HOST/Target/usbh_conf.o
                0x0800cb88                HAL_HCD_HC_NotifyURBChange_Callback
 .text.HAL_HCD_PortEnabled_Callback
                0x0800cbac       0x1c ./USB_HOST/Target/usbh_conf.o
                0x0800cbac                HAL_HCD_PortEnabled_Callback
 .text.HAL_HCD_PortDisabled_Callback
                0x0800cbc8       0x1c ./USB_HOST/Target/usbh_conf.o
                0x0800cbc8                HAL_HCD_PortDisabled_Callback
 .text.USBH_LL_Init
                0x0800cbe4       0x8c ./USB_HOST/Target/usbh_conf.o
                0x0800cbe4                USBH_LL_Init
 .text.USBH_LL_Start
                0x0800cc70       0x36 ./USB_HOST/Target/usbh_conf.o
                0x0800cc70                USBH_LL_Start
 .text.USBH_LL_Stop
                0x0800cca6       0x36 ./USB_HOST/Target/usbh_conf.o
                0x0800cca6                USBH_LL_Stop
 .text.USBH_LL_GetSpeed
                0x0800ccdc       0x4e ./USB_HOST/Target/usbh_conf.o
                0x0800ccdc                USBH_LL_GetSpeed
 .text.USBH_LL_ResetPort
                0x0800cd2a       0x36 ./USB_HOST/Target/usbh_conf.o
                0x0800cd2a                USBH_LL_ResetPort
 .text.USBH_LL_GetLastXferSize
                0x0800cd60       0x26 ./USB_HOST/Target/usbh_conf.o
                0x0800cd60                USBH_LL_GetLastXferSize
 .text.USBH_LL_OpenPipe
                0x0800cd86       0x5e ./USB_HOST/Target/usbh_conf.o
                0x0800cd86                USBH_LL_OpenPipe
 .text.USBH_LL_ClosePipe
                0x0800cde4       0x3e ./USB_HOST/Target/usbh_conf.o
                0x0800cde4                USBH_LL_ClosePipe
 .text.USBH_LL_SubmitURB
                0x0800ce22       0x62 ./USB_HOST/Target/usbh_conf.o
                0x0800ce22                USBH_LL_SubmitURB
 .text.USBH_LL_GetURBState
                0x0800ce84       0x26 ./USB_HOST/Target/usbh_conf.o
                0x0800ce84                USBH_LL_GetURBState
 .text.USBH_LL_DriverVBUS
                0x0800ceaa       0x2e ./USB_HOST/Target/usbh_conf.o
                0x0800ceaa                USBH_LL_DriverVBUS
 .text.USBH_LL_SetToggle
                0x0800ced8       0x66 ./USB_HOST/Target/usbh_conf.o
                0x0800ced8                USBH_LL_SetToggle
 .text.USBH_Delay
                0x0800cf3e       0x16 ./USB_HOST/Target/usbh_conf.o
                0x0800cf3e                USBH_Delay
 .text.USBH_Get_USB_Status
                0x0800cf54       0x58 ./USB_HOST/Target/usbh_conf.o
                0x0800cf54                USBH_Get_USB_Status
 .text.MX_DriverVbusHS
                0x0800cfac       0x38 ./USB_HOST/Target/usbh_platform.o
                0x0800cfac                MX_DriverVbusHS
 .text.malloc   0x0800cfe4       0x10 C:/ST/STM32CubeIDE_1.17.0/STM32CubeIDE/plugins/com.st.stm32cube.ide.mcu.externaltools.gnu-tools-for-stm32.12.3.rel1.win32_1.1.0.202410251130/tools/bin/../lib/gcc/arm-none-eabi/12.3.1/../../../../arm-none-eabi/lib/thumb/v7e-m+fp/hard\libc_nano.a(libc_a-malloc.o)
                0x0800cfe4                malloc
 .text.free     0x0800cff4       0x10 C:/ST/STM32CubeIDE_1.17.0/STM32CubeIDE/plugins/com.st.stm32cube.ide.mcu.externaltools.gnu-tools-for-stm32.12.3.rel1.win32_1.1.0.202410251130/tools/bin/../lib/gcc/arm-none-eabi/12.3.1/../../../../arm-none-eabi/lib/thumb/v7e-m+fp/hard\libc_nano.a(libc_a-malloc.o)
                0x0800cff4                free
 .text.sbrk_aligned
                0x0800d004       0x44 C:/ST/STM32CubeIDE_1.17.0/STM32CubeIDE/plugins/com.st.stm32cube.ide.mcu.externaltools.gnu-tools-for-stm32.12.3.rel1.win32_1.1.0.202410251130/tools/bin/../lib/gcc/arm-none-eabi/12.3.1/../../../../arm-none-eabi/lib/thumb/v7e-m+fp/hard\libc_nano.a(libc_a-mallocr.o)
 .text._malloc_r
                0x0800d048      0x100 C:/ST/STM32CubeIDE_1.17.0/STM32CubeIDE/plugins/com.st.stm32cube.ide.mcu.externaltools.gnu-tools-for-stm32.12.3.rel1.win32_1.1.0.202410251130/tools/bin/../lib/gcc/arm-none-eabi/12.3.1/../../../../arm-none-eabi/lib/thumb/v7e-m+fp/hard\libc_nano.a(libc_a-mallocr.o)
                0x0800d048                _malloc_r
 .text.__malloc_lock
                0x0800d148        0xc C:/ST/STM32CubeIDE_1.17.0/STM32CubeIDE/plugins/com.st.stm32cube.ide.mcu.externaltools.gnu-tools-for-stm32.12.3.rel1.win32_1.1.0.202410251130/tools/bin/../lib/gcc/arm-none-eabi/12.3.1/../../../../arm-none-eabi/lib/thumb/v7e-m+fp/hard\libc_nano.a(libc_a-mlock.o)
                0x0800d148                __malloc_lock
 .text.__malloc_unlock
                0x0800d154        0xc C:/ST/STM32CubeIDE_1.17.0/STM32CubeIDE/plugins/com.st.stm32cube.ide.mcu.externaltools.gnu-tools-for-stm32.12.3.rel1.win32_1.1.0.202410251130/tools/bin/../lib/gcc/arm-none-eabi/12.3.1/../../../../arm-none-eabi/lib/thumb/v7e-m+fp/hard\libc_nano.a(libc_a-mlock.o)
                0x0800d154                __malloc_unlock
 .text.memset   0x0800d160       0x10 C:/ST/STM32CubeIDE_1.17.0/STM32CubeIDE/plugins/com.st.stm32cube.ide.mcu.externaltools.gnu-tools-for-stm32.12.3.rel1.win32_1.1.0.202410251130/tools/bin/../lib/gcc/arm-none-eabi/12.3.1/../../../../arm-none-eabi/lib/thumb/v7e-m+fp/hard\libc_nano.a(libc_a-memset.o)
                0x0800d160                memset
 .text._sbrk_r  0x0800d170       0x20 C:/ST/STM32CubeIDE_1.17.0/STM32CubeIDE/plugins/com.st.stm32cube.ide.mcu.externaltools.gnu-tools-for-stm32.12.3.rel1.win32_1.1.0.202410251130/tools/bin/../lib/gcc/arm-none-eabi/12.3.1/../../../../arm-none-eabi/lib/thumb/v7e-m+fp/hard\libc_nano.a(libc_a-sbrkr.o)
                0x0800d170                _sbrk_r
 .text.__errno  0x0800d190        0xc C:/ST/STM32CubeIDE_1.17.0/STM32CubeIDE/plugins/com.st.stm32cube.ide.mcu.externaltools.gnu-tools-for-stm32.12.3.rel1.win32_1.1.0.202410251130/tools/bin/../lib/gcc/arm-none-eabi/12.3.1/../../../../arm-none-eabi/lib/thumb/v7e-m+fp/hard\libc_nano.a(libc_a-errno.o)
                0x0800d190                __errno
 .text.__libc_init_array
                0x0800d19c       0x48 C:/ST/STM32CubeIDE_1.17.0/STM32CubeIDE/plugins/com.st.stm32cube.ide.mcu.externaltools.gnu-tools-for-stm32.12.3.rel1.win32_1.1.0.202410251130/tools/bin/../lib/gcc/arm-none-eabi/12.3.1/../../../../arm-none-eabi/lib/thumb/v7e-m+fp/hard\libc_nano.a(libc_a-init.o)
                0x0800d19c                __libc_init_array
 .text.__retarget_lock_acquire_recursive
                0x0800d1e4        0x2 C:/ST/STM32CubeIDE_1.17.0/STM32CubeIDE/plugins/com.st.stm32cube.ide.mcu.externaltools.gnu-tools-for-stm32.12.3.rel1.win32_1.1.0.202410251130/tools/bin/../lib/gcc/arm-none-eabi/12.3.1/../../../../arm-none-eabi/lib/thumb/v7e-m+fp/hard\libc_nano.a(libc_a-lock.o)
                0x0800d1e4                __retarget_lock_acquire_recursive
 .text.__retarget_lock_release_recursive
                0x0800d1e6        0x2 C:/ST/STM32CubeIDE_1.17.0/STM32CubeIDE/plugins/com.st.stm32cube.ide.mcu.externaltools.gnu-tools-for-stm32.12.3.rel1.win32_1.1.0.202410251130/tools/bin/../lib/gcc/arm-none-eabi/12.3.1/../../../../arm-none-eabi/lib/thumb/v7e-m+fp/hard\libc_nano.a(libc_a-lock.o)
                0x0800d1e6                __retarget_lock_release_recursive
 .text.memcpy   0x0800d1e8       0x1c C:/ST/STM32CubeIDE_1.17.0/STM32CubeIDE/plugins/com.st.stm32cube.ide.mcu.externaltools.gnu-tools-for-stm32.12.3.rel1.win32_1.1.0.202410251130/tools/bin/../lib/gcc/arm-none-eabi/12.3.1/../../../../arm-none-eabi/lib/thumb/v7e-m+fp/hard\libc_nano.a(libc_a-memcpy-stub.o)
                0x0800d1e8                memcpy
 .text._free_r  0x0800d204       0x94 C:/ST/STM32CubeIDE_1.17.0/STM32CubeIDE/plugins/com.st.stm32cube.ide.mcu.externaltools.gnu-tools-for-stm32.12.3.rel1.win32_1.1.0.202410251130/tools/bin/../lib/gcc/arm-none-eabi/12.3.1/../../../../arm-none-eabi/lib/thumb/v7e-m+fp/hard\libc_nano.a(libc_a-freer.o)
                0x0800d204                _free_r
 *(.glue_7)
 .glue_7        0x0800d298        0x0 linker stubs
 *(.glue_7t)
 .glue_7t       0x0800d298        0x0 linker stubs
 *(.eh_frame)
 .eh_frame      0x0800d298        0x0 C:/ST/STM32CubeIDE_1.17.0/STM32CubeIDE/plugins/com.st.stm32cube.ide.mcu.externaltools.gnu-tools-for-stm32.12.3.rel1.win32_1.1.0.202410251130/tools/bin/../lib/gcc/arm-none-eabi/12.3.1/thumb/v7e-m+fp/hard/crtbegin.o
 *(.init)
 .init          0x0800d298        0x4 C:/ST/STM32CubeIDE_1.17.0/STM32CubeIDE/plugins/com.st.stm32cube.ide.mcu.externaltools.gnu-tools-for-stm32.12.3.rel1.win32_1.1.0.202410251130/tools/bin/../lib/gcc/arm-none-eabi/12.3.1/thumb/v7e-m+fp/hard/crti.o
                0x0800d298                _init
 .init          0x0800d29c        0x8 C:/ST/STM32CubeIDE_1.17.0/STM32CubeIDE/plugins/com.st.stm32cube.ide.mcu.externaltools.gnu-tools-for-stm32.12.3.rel1.win32_1.1.0.202410251130/tools/bin/../lib/gcc/arm-none-eabi/12.3.1/thumb/v7e-m+fp/hard/crtn.o
 *(.fini)
 .fini          0x0800d2a4        0x4 C:/ST/STM32CubeIDE_1.17.0/STM32CubeIDE/plugins/com.st.stm32cube.ide.mcu.externaltools.gnu-tools-for-stm32.12.3.rel1.win32_1.1.0.202410251130/tools/bin/../lib/gcc/arm-none-eabi/12.3.1/thumb/v7e-m+fp/hard/crti.o
                0x0800d2a4                _fini
 .fini          0x0800d2a8        0x8 C:/ST/STM32CubeIDE_1.17.0/STM32CubeIDE/plugins/com.st.stm32cube.ide.mcu.externaltools.gnu-tools-for-stm32.12.3.rel1.win32_1.1.0.202410251130/tools/bin/../lib/gcc/arm-none-eabi/12.3.1/thumb/v7e-m+fp/hard/crtn.o
                0x0800d2b0                        . = ALIGN (0x4)
                0x0800d2b0                        _etext = .

.vfp11_veneer   0x0800d2b0        0x0
 .vfp11_veneer  0x0800d2b0        0x0 linker stubs

.v4_bx          0x0800d2b0        0x0
 .v4_bx         0x0800d2b0        0x0 linker stubs

.iplt           0x0800d2b0        0x0
 .iplt          0x0800d2b0        0x0 C:/ST/STM32CubeIDE_1.17.0/STM32CubeIDE/plugins/com.st.stm32cube.ide.mcu.externaltools.gnu-tools-for-stm32.12.3.rel1.win32_1.1.0.202410251130/tools/bin/../lib/gcc/arm-none-eabi/12.3.1/thumb/v7e-m+fp/hard/crtbegin.o

.rodata         0x0800d2b0       0x84
                0x0800d2b0                        . = ALIGN (0x4)
 *(.rodata)
 .rodata        0x0800d2b0       0x28 ./Core/Src/freertos.o
 .rodata        0x0800d2d8        0x5 ./Middlewares/FreeRTOS/tasks.o
 *fill*         0x0800d2dd        0x3 
 .rodata        0x0800d2e0        0x4 ./Middlewares/USB_Host_Library/usbh_cdc.o
 .rodata        0x0800d2e4       0x38 ./Middlewares/USB_Host_Library/usbh_core.o
 *(.rodata*)
 .rodata.AHBPrescTable
                0x0800d31c       0x10 ./Core/Src/system_stm32f4xx.o
                0x0800d31c                AHBPrescTable
 .rodata.APBPrescTable
                0x0800d32c        0x8 ./Core/Src/system_stm32f4xx.o
                0x0800d32c                APBPrescTable
                0x0800d334                        . = ALIGN (0x4)

.ARM.extab      0x0800d334        0x0
                0x0800d334                        . = ALIGN (0x4)
 *(.ARM.extab* .gnu.linkonce.armextab.*)
                0x0800d334                        . = ALIGN (0x4)

.ARM            0x0800d334        0x8
                0x0800d334                        . = ALIGN (0x4)
                0x0800d334                        __exidx_start = .
 *(.ARM.exidx*)
 .ARM.exidx     0x0800d334        0x8 C:/ST/STM32CubeIDE_1.17.0/STM32CubeIDE/plugins/com.st.stm32cube.ide.mcu.externaltools.gnu-tools-for-stm32.12.3.rel1.win32_1.1.0.202410251130/tools/bin/../lib/gcc/arm-none-eabi/12.3.1/thumb/v7e-m+fp/hard\libgcc.a(_udivmoddi4.o)
                0x0800d33c                        __exidx_end = .
                0x0800d33c                        . = ALIGN (0x4)

.preinit_array  0x0800d33c        0x0
                0x0800d33c                        . = ALIGN (0x4)
                0x0800d33c                        PROVIDE (__preinit_array_start = .)
 *(.preinit_array*)
                0x0800d33c                        PROVIDE (__preinit_array_end = .)
                0x0800d33c                        . = ALIGN (0x4)

.init_array     0x0800d33c        0x4
                0x0800d33c                        . = ALIGN (0x4)
                0x0800d33c                        PROVIDE (__init_array_start = .)
 *(SORT_BY_NAME(.init_array.*))
 *(.init_array*)
 .init_array    0x0800d33c        0x4 C:/ST/STM32CubeIDE_1.17.0/STM32CubeIDE/plugins/com.st.stm32cube.ide.mcu.externaltools.gnu-tools-for-stm32.12.3.rel1.win32_1.1.0.202410251130/tools/bin/../lib/gcc/arm-none-eabi/12.3.1/thumb/v7e-m+fp/hard/crtbegin.o
                0x0800d340                        PROVIDE (__init_array_end = .)
                0x0800d340                        . = ALIGN (0x4)

.fini_array     0x0800d340        0x4
                0x0800d340                        . = ALIGN (0x4)
                [!provide]                        PROVIDE (__fini_array_start = .)
 *(SORT_BY_NAME(.fini_array.*))
 *(.fini_array*)
 .fini_array    0x0800d340        0x4 C:/ST/STM32CubeIDE_1.17.0/STM32CubeIDE/plugins/com.st.stm32cube.ide.mcu.externaltools.gnu-tools-for-stm32.12.3.rel1.win32_1.1.0.202410251130/tools/bin/../lib/gcc/arm-none-eabi/12.3.1/thumb/v7e-m+fp/hard/crtbegin.o
                [!provide]                        PROVIDE (__fini_array_end = .)
                0x0800d344                        . = ALIGN (0x4)
                0x0800d344                        _sidata = LOADADDR (.data)

.rel.dyn        0x0800d344        0x0
 .rel.iplt      0x0800d344        0x0 C:/ST/STM32CubeIDE_1.17.0/STM32CubeIDE/plugins/com.st.stm32cube.ide.mcu.externaltools.gnu-tools-for-stm32.12.3.rel1.win32_1.1.0.202410251130/tools/bin/../lib/gcc/arm-none-eabi/12.3.1/thumb/v7e-m+fp/hard/crtbegin.o

.data           0x20000000       0x80 load address 0x0800d344
                0x20000000                        . = ALIGN (0x4)
                0x20000000                        _sdata = .
 *(.data)
 *(.data*)
 .data.SystemCoreClock
                0x20000000        0x4 ./Core/Src/system_stm32f4xx.o
                0x20000000                SystemCoreClock
 .data.uwTickPrio
                0x20000004        0x4 ./Drivers/STM32F4xx_HAL_Driver/stm32f4xx_hal.o
                0x20000004                uwTickPrio
 .data.uwTickFreq
                0x20000008        0x1 ./Drivers/STM32F4xx_HAL_Driver/stm32f4xx_hal.o
                0x20000008                uwTickFreq
 *fill*         0x20000009        0x3 
 .data.uxCriticalNesting
                0x2000000c        0x4 ./Middlewares/FreeRTOS/port.o
 .data.CDC_Class
                0x20000010       0x20 ./Middlewares/USB_Host_Library/usbh_cdc.o
                0x20000010                CDC_Class
 .data._impure_ptr
                0x20000030        0x4 C:/ST/STM32CubeIDE_1.17.0/STM32CubeIDE/plugins/com.st.stm32cube.ide.mcu.externaltools.gnu-tools-for-stm32.12.3.rel1.win32_1.1.0.202410251130/tools/bin/../lib/gcc/arm-none-eabi/12.3.1/../../../../arm-none-eabi/lib/thumb/v7e-m+fp/hard\libc_nano.a(libc_a-impure.o)
                0x20000030                _impure_ptr
 .data._impure_data
                0x20000034       0x4c C:/ST/STM32CubeIDE_1.17.0/STM32CubeIDE/plugins/com.st.stm32cube.ide.mcu.externaltools.gnu-tools-for-stm32.12.3.rel1.win32_1.1.0.202410251130/tools/bin/../lib/gcc/arm-none-eabi/12.3.1/../../../../arm-none-eabi/lib/thumb/v7e-m+fp/hard\libc_nano.a(libc_a-impure.o)
                0x20000034                _impure_data
 *(.RamFunc)
 *(.RamFunc*)
                0x20000080                        . = ALIGN (0x4)
                0x20000080                        _edata = .
                0x0800d3c4                        _siccmram = LOADADDR (.ccmram)

.igot.plt       0x20000080        0x0 load address 0x0800d3c4
 .igot.plt      0x20000080        0x0 C:/ST/STM32CubeIDE_1.17.0/STM32CubeIDE/plugins/com.st.stm32cube.ide.mcu.externaltools.gnu-tools-for-stm32.12.3.rel1.win32_1.1.0.202410251130/tools/bin/../lib/gcc/arm-none-eabi/12.3.1/thumb/v7e-m+fp/hard/crtbegin.o

.ccmram         0x10000000        0x0 load address 0x0800d3c4
                0x10000000                        . = ALIGN (0x4)
                0x10000000                        _sccmram = .
 *(.ccmram)
 *(.ccmram*)
                0x10000000                        . = ALIGN (0x4)
                0x10000000                        _eccmram = .
                0x10000000                        . = ALIGN (0x4)

.bss            0x20000080     0x8f90
                0x20000080                        _sbss = .
                0x20000080                        __bss_start__ = _sbss
 *(.bss)
 .bss           0x20000080       0x1c C:/ST/STM32CubeIDE_1.17.0/STM32CubeIDE/plugins/com.st.stm32cube.ide.mcu.externaltools.gnu-tools-for-stm32.12.3.rel1.win32_1.1.0.202410251130/tools/bin/../lib/gcc/arm-none-eabi/12.3.1/thumb/v7e-m+fp/hard/crtbegin.o
 *(.bss*)
 .bss.hcrc      0x2000009c        0x8 ./Core/Src/crc.o
                0x2000009c                hcrc
 .bss.hdma2d    0x200000a4       0x40 ./Core/Src/dma2d.o
                0x200000a4                hdma2d
 .bss.hsdram1   0x200000e4       0x34 ./Core/Src/fmc.o
                0x200000e4                hsdram1
 .bss.FMC_Initialized
                0x20000118        0x4 ./Core/Src/fmc.o
 .bss.defaultTaskHandle
                0x2000011c        0x4 ./Core/Src/freertos.o
                0x2000011c                defaultTaskHandle
 .bss.xIdleTaskTCBBuffer
                0x20000120       0x58 ./Core/Src/freertos.o
 .bss.xIdleStack
                0x20000178      0x200 ./Core/Src/freertos.o
 .bss.hi2c3     0x20000378       0x54 ./Core/Src/i2c.o
                0x20000378                hi2c3
 .bss.hltdc     0x200003cc       0xa8 ./Core/Src/ltdc.o
                0x200003cc                hltdc
 .bss.hspi5     0x20000474       0x58 ./Core/Src/spi.o
                0x20000474                hspi5
 .bss.htim6     0x200004cc       0x48 ./Core/Src/stm32f4xx_hal_timebase_tim.o
                0x200004cc                htim6
 .bss.__sbrk_heap_end
                0x20000514        0x4 ./Core/Src/sysmem.o
 .bss.htim1     0x20000518       0x48 ./Core/Src/tim.o
                0x20000518                htim1
 .bss.huart1    0x20000560       0x48 ./Core/Src/usart.o
                0x20000560                huart1
 .bss.uwTick    0x200005a8        0x4 ./Drivers/STM32F4xx_HAL_Driver/stm32f4xx_hal.o
                0x200005a8                uwTick
 .bss.ucHeap    0x200005ac     0x8000 ./Middlewares/FreeRTOS/heap_4.o
 .bss.xStart    0x200085ac        0x8 ./Middlewares/FreeRTOS/heap_4.o
 .bss.pxEnd     0x200085b4        0x4 ./Middlewares/FreeRTOS/heap_4.o
 .bss.xFreeBytesRemaining
                0x200085b8        0x4 ./Middlewares/FreeRTOS/heap_4.o
 .bss.xMinimumEverFreeBytesRemaining
                0x200085bc        0x4 ./Middlewares/FreeRTOS/heap_4.o
 .bss.xNumberOfSuccessfulAllocations
                0x200085c0        0x4 ./Middlewares/FreeRTOS/heap_4.o
 .bss.xNumberOfSuccessfulFrees
                0x200085c4        0x4 ./Middlewares/FreeRTOS/heap_4.o
 .bss.xBlockAllocatedBit
                0x200085c8        0x4 ./Middlewares/FreeRTOS/heap_4.o
 .bss.ucMaxSysCallPriority
                0x200085cc        0x1 ./Middlewares/FreeRTOS/port.o
 *fill*         0x200085cd        0x3 
 .bss.ulMaxPRIGROUPValue
                0x200085d0        0x4 ./Middlewares/FreeRTOS/port.o
 .bss.pxCurrentTCB
                0x200085d4        0x4 ./Middlewares/FreeRTOS/tasks.o
                0x200085d4                pxCurrentTCB
 .bss.pxReadyTasksLists
                0x200085d8       0x8c ./Middlewares/FreeRTOS/tasks.o
 .bss.xDelayedTaskList1
                0x20008664       0x14 ./Middlewares/FreeRTOS/tasks.o
 .bss.xDelayedTaskList2
                0x20008678       0x14 ./Middlewares/FreeRTOS/tasks.o
 .bss.pxDelayedTaskList
                0x2000868c        0x4 ./Middlewares/FreeRTOS/tasks.o
 .bss.pxOverflowDelayedTaskList
                0x20008690        0x4 ./Middlewares/FreeRTOS/tasks.o
 .bss.xPendingReadyList
                0x20008694       0x14 ./Middlewares/FreeRTOS/tasks.o
 .bss.xTasksWaitingTermination
                0x200086a8       0x14 ./Middlewares/FreeRTOS/tasks.o
 .bss.uxDeletedTasksWaitingCleanUp
                0x200086bc        0x4 ./Middlewares/FreeRTOS/tasks.o
 .bss.xSuspendedTaskList
                0x200086c0       0x14 ./Middlewares/FreeRTOS/tasks.o
 .bss.uxCurrentNumberOfTasks
                0x200086d4        0x4 ./Middlewares/FreeRTOS/tasks.o
 .bss.xTickCount
                0x200086d8        0x4 ./Middlewares/FreeRTOS/tasks.o
 .bss.uxTopReadyPriority
                0x200086dc        0x4 ./Middlewares/FreeRTOS/tasks.o
 .bss.xSchedulerRunning
                0x200086e0        0x4 ./Middlewares/FreeRTOS/tasks.o
 .bss.xPendedTicks
                0x200086e4        0x4 ./Middlewares/FreeRTOS/tasks.o
 .bss.xYieldPending
                0x200086e8        0x4 ./Middlewares/FreeRTOS/tasks.o
 .bss.xNumOfOverflows
                0x200086ec        0x4 ./Middlewares/FreeRTOS/tasks.o
 .bss.uxTaskNumber
                0x200086f0        0x4 ./Middlewares/FreeRTOS/tasks.o
 .bss.xNextTaskUnblockTime
                0x200086f4        0x4 ./Middlewares/FreeRTOS/tasks.o
 .bss.xIdleTaskHandle
                0x200086f8        0x4 ./Middlewares/FreeRTOS/tasks.o
 .bss.uxSchedulerSuspended
                0x200086fc        0x4 ./Middlewares/FreeRTOS/tasks.o
 .bss.hUsbHostHS
                0x20008700      0x3e4 ./USB_HOST/App/usb_host.o
                0x20008700                hUsbHostHS
 .bss.Appli_state
                0x20008ae4        0x1 ./USB_HOST/App/usb_host.o
                0x20008ae4                Appli_state
 *fill*         0x20008ae5        0x3 
 .bss.hhcd_USB_OTG_HS
                0x20008ae8      0x3e0 ./USB_HOST/Target/usbh_conf.o
                0x20008ae8                hhcd_USB_OTG_HS
 .bss.__malloc_sbrk_start
                0x20008ec8        0x4 C:/ST/STM32CubeIDE_1.17.0/STM32CubeIDE/plugins/com.st.stm32cube.ide.mcu.externaltools.gnu-tools-for-stm32.12.3.rel1.win32_1.1.0.202410251130/tools/bin/../lib/gcc/arm-none-eabi/12.3.1/../../../../arm-none-eabi/lib/thumb/v7e-m+fp/hard\libc_nano.a(libc_a-mallocr.o)
                0x20008ec8                __malloc_sbrk_start
 .bss.__malloc_free_list
                0x20008ecc        0x4 C:/ST/STM32CubeIDE_1.17.0/STM32CubeIDE/plugins/com.st.stm32cube.ide.mcu.externaltools.gnu-tools-for-stm32.12.3.rel1.win32_1.1.0.202410251130/tools/bin/../lib/gcc/arm-none-eabi/12.3.1/../../../../arm-none-eabi/lib/thumb/v7e-m+fp/hard\libc_nano.a(libc_a-mallocr.o)
                0x20008ecc                __malloc_free_list
 .bss.__sf      0x20008ed0      0x138 C:/ST/STM32CubeIDE_1.17.0/STM32CubeIDE/plugins/com.st.stm32cube.ide.mcu.externaltools.gnu-tools-for-stm32.12.3.rel1.win32_1.1.0.202410251130/tools/bin/../lib/gcc/arm-none-eabi/12.3.1/../../../../arm-none-eabi/lib/thumb/v7e-m+fp/hard\libc_nano.a(libc_a-findfp.o)
                0x20008ed0                __sf
 .bss.errno     0x20009008        0x4 C:/ST/STM32CubeIDE_1.17.0/STM32CubeIDE/plugins/com.st.stm32cube.ide.mcu.externaltools.gnu-tools-for-stm32.12.3.rel1.win32_1.1.0.202410251130/tools/bin/../lib/gcc/arm-none-eabi/12.3.1/../../../../arm-none-eabi/lib/thumb/v7e-m+fp/hard\libc_nano.a(libc_a-reent.o)
                0x20009008                errno
 .bss.__lock___malloc_recursive_mutex
                0x2000900c        0x1 C:/ST/STM32CubeIDE_1.17.0/STM32CubeIDE/plugins/com.st.stm32cube.ide.mcu.externaltools.gnu-tools-for-stm32.12.3.rel1.win32_1.1.0.202410251130/tools/bin/../lib/gcc/arm-none-eabi/12.3.1/../../../../arm-none-eabi/lib/thumb/v7e-m+fp/hard\libc_nano.a(libc_a-lock.o)
                0x2000900c                __lock___malloc_recursive_mutex
 *(COMMON)
                0x20009010                        . = ALIGN (0x4)
 *fill*         0x2000900d        0x3 
                0x20009010                        _ebss = .
                0x20009010                        __bss_end__ = _ebss

._user_heap_stack
                0x20009010      0x600
                0x20009010                        . = ALIGN (0x8)
                [!provide]                        PROVIDE (end = .)
                0x20009010                        PROVIDE (_end = .)
                0x20009210                        . = (. + _Min_Heap_Size)
 *fill*         0x20009010      0x200 
                0x20009610                        . = (. + _Min_Stack_Size)
 *fill*         0x20009210      0x400 
                0x20009610                        . = ALIGN (0x8)

/DISCARD/
 libc.a(*)
 libm.a(*)
 libgcc.a(*)

.ARM.attributes
                0x00000000       0x30
 *(.ARM.attributes)
 .ARM.attributes
                0x00000000       0x22 C:/ST/STM32CubeIDE_1.17.0/STM32CubeIDE/plugins/com.st.stm32cube.ide.mcu.externaltools.gnu-tools-for-stm32.12.3.rel1.win32_1.1.0.202410251130/tools/bin/../lib/gcc/arm-none-eabi/12.3.1/thumb/v7e-m+fp/hard/crti.o
 .ARM.attributes
                0x00000022       0x34 C:/ST/STM32CubeIDE_1.17.0/STM32CubeIDE/plugins/com.st.stm32cube.ide.mcu.externaltools.gnu-tools-for-stm32.12.3.rel1.win32_1.1.0.202410251130/tools/bin/../lib/gcc/arm-none-eabi/12.3.1/thumb/v7e-m+fp/hard/crtbegin.o
 .ARM.attributes
                0x00000056       0x34 ./Core/Src/crc.o
 .ARM.attributes
                0x0000008a       0x34 ./Core/Src/dma2d.o
 .ARM.attributes
                0x000000be       0x34 ./Core/Src/fmc.o
 .ARM.attributes
                0x000000f2       0x34 ./Core/Src/freertos.o
 .ARM.attributes
                0x00000126       0x34 ./Core/Src/gpio.o
 .ARM.attributes
                0x0000015a       0x34 ./Core/Src/i2c.o
 .ARM.attributes
                0x0000018e       0x34 ./Core/Src/ltdc.o
 .ARM.attributes
                0x000001c2       0x34 ./Core/Src/main.o
 .ARM.attributes
                0x000001f6       0x34 ./Core/Src/spi.o
 .ARM.attributes
                0x0000022a       0x34 ./Core/Src/stm32f4xx_hal_msp.o
 .ARM.attributes
                0x0000025e       0x34 ./Core/Src/stm32f4xx_hal_timebase_tim.o
 .ARM.attributes
                0x00000292       0x34 ./Core/Src/stm32f4xx_it.o
 .ARM.attributes
                0x000002c6       0x34 ./Core/Src/sysmem.o
 .ARM.attributes
                0x000002fa       0x34 ./Core/Src/system_stm32f4xx.o
 .ARM.attributes
                0x0000032e       0x34 ./Core/Src/tim.o
 .ARM.attributes
                0x00000362       0x34 ./Core/Src/usart.o
 .ARM.attributes
                0x00000396       0x21 ./Core/Startup/startup_stm32f429zitx.o
 .ARM.attributes
                0x000003b7       0x34 ./Drivers/STM32F4xx_HAL_Driver/stm32f4xx_hal.o
 .ARM.attributes
                0x000003eb       0x34 ./Drivers/STM32F4xx_HAL_Driver/stm32f4xx_hal_cortex.o
 .ARM.attributes
                0x0000041f       0x34 ./Drivers/STM32F4xx_HAL_Driver/stm32f4xx_hal_crc.o
 .ARM.attributes
                0x00000453       0x34 ./Drivers/STM32F4xx_HAL_Driver/stm32f4xx_hal_dma2d.o
 .ARM.attributes
                0x00000487       0x34 ./Drivers/STM32F4xx_HAL_Driver/stm32f4xx_hal_gpio.o
 .ARM.attributes
                0x000004bb       0x34 ./Drivers/STM32F4xx_HAL_Driver/stm32f4xx_hal_hcd.o
 .ARM.attributes
                0x000004ef       0x34 ./Drivers/STM32F4xx_HAL_Driver/stm32f4xx_hal_i2c.o
 .ARM.attributes
                0x00000523       0x34 ./Drivers/STM32F4xx_HAL_Driver/stm32f4xx_hal_i2c_ex.o
 .ARM.attributes
                0x00000557       0x34 ./Drivers/STM32F4xx_HAL_Driver/stm32f4xx_hal_ltdc.o
 .ARM.attributes
                0x0000058b       0x34 ./Drivers/STM32F4xx_HAL_Driver/stm32f4xx_hal_rcc.o
 .ARM.attributes
                0x000005bf       0x34 ./Drivers/STM32F4xx_HAL_Driver/stm32f4xx_hal_rcc_ex.o
 .ARM.attributes
                0x000005f3       0x34 ./Drivers/STM32F4xx_HAL_Driver/stm32f4xx_hal_sdram.o
 .ARM.attributes
                0x00000627       0x34 ./Drivers/STM32F4xx_HAL_Driver/stm32f4xx_hal_spi.o
 .ARM.attributes
                0x0000065b       0x34 ./Drivers/STM32F4xx_HAL_Driver/stm32f4xx_hal_tim.o
 .ARM.attributes
                0x0000068f       0x34 ./Drivers/STM32F4xx_HAL_Driver/stm32f4xx_hal_tim_ex.o
 .ARM.attributes
                0x000006c3       0x34 ./Drivers/STM32F4xx_HAL_Driver/stm32f4xx_hal_uart.o
 .ARM.attributes
                0x000006f7       0x34 ./Drivers/STM32F4xx_HAL_Driver/stm32f4xx_ll_fmc.o
 .ARM.attributes
                0x0000072b       0x34 ./Drivers/STM32F4xx_HAL_Driver/stm32f4xx_ll_usb.o
 .ARM.attributes
                0x0000075f       0x34 ./Middlewares/FreeRTOS/cmsis_os.o
 .ARM.attributes
                0x00000793       0x34 ./Middlewares/FreeRTOS/heap_4.o
 .ARM.attributes
                0x000007c7       0x34 ./Middlewares/FreeRTOS/list.o
 .ARM.attributes
                0x000007fb       0x34 ./Middlewares/FreeRTOS/port.o
 .ARM.attributes
                0x0000082f       0x34 ./Middlewares/FreeRTOS/queue.o
 .ARM.attributes
                0x00000863       0x34 ./Middlewares/FreeRTOS/tasks.o
 .ARM.attributes
                0x00000897       0x34 ./Middlewares/USB_Host_Library/usbh_cdc.o
 .ARM.attributes
                0x000008cb       0x34 ./Middlewares/USB_Host_Library/usbh_core.o
 .ARM.attributes
                0x000008ff       0x34 ./Middlewares/USB_Host_Library/usbh_ctlreq.o
 .ARM.attributes
                0x00000933       0x34 ./Middlewares/USB_Host_Library/usbh_ioreq.o
 .ARM.attributes
                0x00000967       0x34 ./Middlewares/USB_Host_Library/usbh_pipes.o
 .ARM.attributes
                0x0000099b       0x34 ./USB_HOST/App/usb_host.o
 .ARM.attributes
                0x000009cf       0x34 ./USB_HOST/Target/usbh_conf.o
 .ARM.attributes
                0x00000a03       0x34 ./USB_HOST/Target/usbh_platform.o
 .ARM.attributes
                0x00000a37       0x34 C:/ST/STM32CubeIDE_1.17.0/STM32CubeIDE/plugins/com.st.stm32cube.ide.mcu.externaltools.gnu-tools-for-stm32.12.3.rel1.win32_1.1.0.202410251130/tools/bin/../lib/gcc/arm-none-eabi/12.3.1/../../../../arm-none-eabi/lib/thumb/v7e-m+fp/hard\libc_nano.a(libc_a-malloc.o)
 .ARM.attributes
                0x00000a6b       0x34 C:/ST/STM32CubeIDE_1.17.0/STM32CubeIDE/plugins/com.st.stm32cube.ide.mcu.externaltools.gnu-tools-for-stm32.12.3.rel1.win32_1.1.0.202410251130/tools/bin/../lib/gcc/arm-none-eabi/12.3.1/../../../../arm-none-eabi/lib/thumb/v7e-m+fp/hard\libc_nano.a(libc_a-mallocr.o)
 .ARM.attributes
                0x00000a9f       0x34 C:/ST/STM32CubeIDE_1.17.0/STM32CubeIDE/plugins/com.st.stm32cube.ide.mcu.externaltools.gnu-tools-for-stm32.12.3.rel1.win32_1.1.0.202410251130/tools/bin/../lib/gcc/arm-none-eabi/12.3.1/../../../../arm-none-eabi/lib/thumb/v7e-m+fp/hard\libc_nano.a(libc_a-mlock.o)
 .ARM.attributes
                0x00000ad3       0x34 C:/ST/STM32CubeIDE_1.17.0/STM32CubeIDE/plugins/com.st.stm32cube.ide.mcu.externaltools.gnu-tools-for-stm32.12.3.rel1.win32_1.1.0.202410251130/tools/bin/../lib/gcc/arm-none-eabi/12.3.1/../../../../arm-none-eabi/lib/thumb/v7e-m+fp/hard\libc_nano.a(libc_a-findfp.o)
 .ARM.attributes
                0x00000b07       0x34 C:/ST/STM32CubeIDE_1.17.0/STM32CubeIDE/plugins/com.st.stm32cube.ide.mcu.externaltools.gnu-tools-for-stm32.12.3.rel1.win32_1.1.0.202410251130/tools/bin/../lib/gcc/arm-none-eabi/12.3.1/../../../../arm-none-eabi/lib/thumb/v7e-m+fp/hard\libc_nano.a(libc_a-memset.o)
 .ARM.attributes
                0x00000b3b       0x34 C:/ST/STM32CubeIDE_1.17.0/STM32CubeIDE/plugins/com.st.stm32cube.ide.mcu.externaltools.gnu-tools-for-stm32.12.3.rel1.win32_1.1.0.202410251130/tools/bin/../lib/gcc/arm-none-eabi/12.3.1/../../../../arm-none-eabi/lib/thumb/v7e-m+fp/hard\libc_nano.a(libc_a-reent.o)
 .ARM.attributes
                0x00000b6f       0x34 C:/ST/STM32CubeIDE_1.17.0/STM32CubeIDE/plugins/com.st.stm32cube.ide.mcu.externaltools.gnu-tools-for-stm32.12.3.rel1.win32_1.1.0.202410251130/tools/bin/../lib/gcc/arm-none-eabi/12.3.1/../../../../arm-none-eabi/lib/thumb/v7e-m+fp/hard\libc_nano.a(libc_a-impure.o)
 .ARM.attributes
                0x00000ba3       0x34 C:/ST/STM32CubeIDE_1.17.0/STM32CubeIDE/plugins/com.st.stm32cube.ide.mcu.externaltools.gnu-tools-for-stm32.12.3.rel1.win32_1.1.0.202410251130/tools/bin/../lib/gcc/arm-none-eabi/12.3.1/../../../../arm-none-eabi/lib/thumb/v7e-m+fp/hard\libc_nano.a(libc_a-sbrkr.o)
 .ARM.attributes
                0x00000bd7       0x34 C:/ST/STM32CubeIDE_1.17.0/STM32CubeIDE/plugins/com.st.stm32cube.ide.mcu.externaltools.gnu-tools-for-stm32.12.3.rel1.win32_1.1.0.202410251130/tools/bin/../lib/gcc/arm-none-eabi/12.3.1/../../../../arm-none-eabi/lib/thumb/v7e-m+fp/hard\libc_nano.a(libc_a-errno.o)
 .ARM.attributes
                0x00000c0b       0x34 C:/ST/STM32CubeIDE_1.17.0/STM32CubeIDE/plugins/com.st.stm32cube.ide.mcu.externaltools.gnu-tools-for-stm32.12.3.rel1.win32_1.1.0.202410251130/tools/bin/../lib/gcc/arm-none-eabi/12.3.1/../../../../arm-none-eabi/lib/thumb/v7e-m+fp/hard\libc_nano.a(libc_a-init.o)
 .ARM.attributes
                0x00000c3f       0x34 C:/ST/STM32CubeIDE_1.17.0/STM32CubeIDE/plugins/com.st.stm32cube.ide.mcu.externaltools.gnu-tools-for-stm32.12.3.rel1.win32_1.1.0.202410251130/tools/bin/../lib/gcc/arm-none-eabi/12.3.1/../../../../arm-none-eabi/lib/thumb/v7e-m+fp/hard\libc_nano.a(libc_a-lock.o)
 .ARM.attributes
                0x00000c73       0x34 C:/ST/STM32CubeIDE_1.17.0/STM32CubeIDE/plugins/com.st.stm32cube.ide.mcu.externaltools.gnu-tools-for-stm32.12.3.rel1.win32_1.1.0.202410251130/tools/bin/../lib/gcc/arm-none-eabi/12.3.1/../../../../arm-none-eabi/lib/thumb/v7e-m+fp/hard\libc_nano.a(libc_a-memcpy-stub.o)
 .ARM.attributes
                0x00000ca7       0x34 C:/ST/STM32CubeIDE_1.17.0/STM32CubeIDE/plugins/com.st.stm32cube.ide.mcu.externaltools.gnu-tools-for-stm32.12.3.rel1.win32_1.1.0.202410251130/tools/bin/../lib/gcc/arm-none-eabi/12.3.1/../../../../arm-none-eabi/lib/thumb/v7e-m+fp/hard\libc_nano.a(libc_a-freer.o)
 .ARM.attributes
                0x00000cdb       0x22 C:/ST/STM32CubeIDE_1.17.0/STM32CubeIDE/plugins/com.st.stm32cube.ide.mcu.externaltools.gnu-tools-for-stm32.12.3.rel1.win32_1.1.0.202410251130/tools/bin/../lib/gcc/arm-none-eabi/12.3.1/thumb/v7e-m+fp/hard\libgcc.a(_aeabi_uldivmod.o)
 .ARM.attributes
                0x00000cfd       0x34 C:/ST/STM32CubeIDE_1.17.0/STM32CubeIDE/plugins/com.st.stm32cube.ide.mcu.externaltools.gnu-tools-for-stm32.12.3.rel1.win32_1.1.0.202410251130/tools/bin/../lib/gcc/arm-none-eabi/12.3.1/thumb/v7e-m+fp/hard\libgcc.a(_udivmoddi4.o)
 .ARM.attributes
                0x00000d31       0x22 C:/ST/STM32CubeIDE_1.17.0/STM32CubeIDE/plugins/com.st.stm32cube.ide.mcu.externaltools.gnu-tools-for-stm32.12.3.rel1.win32_1.1.0.202410251130/tools/bin/../lib/gcc/arm-none-eabi/12.3.1/thumb/v7e-m+fp/hard\libgcc.a(_dvmd_tls.o)
 .ARM.attributes
                0x00000d53       0x22 C:/ST/STM32CubeIDE_1.17.0/STM32CubeIDE/plugins/com.st.stm32cube.ide.mcu.externaltools.gnu-tools-for-stm32.12.3.rel1.win32_1.1.0.202410251130/tools/bin/../lib/gcc/arm-none-eabi/12.3.1/thumb/v7e-m+fp/hard/crtn.o
OUTPUT(STM32F429Discovery.elf elf32-littlearm)
LOAD linker stubs
LOAD C:/ST/STM32CubeIDE_1.17.0/STM32CubeIDE/plugins/com.st.stm32cube.ide.mcu.externaltools.gnu-tools-for-stm32.12.3.rel1.win32_1.1.0.202410251130/tools/bin/../lib/gcc/arm-none-eabi/12.3.1/../../../../arm-none-eabi/lib/thumb/v7e-m+fp/hard\libc.a
LOAD C:/ST/STM32CubeIDE_1.17.0/STM32CubeIDE/plugins/com.st.stm32cube.ide.mcu.externaltools.gnu-tools-for-stm32.12.3.rel1.win32_1.1.0.202410251130/tools/bin/../lib/gcc/arm-none-eabi/12.3.1/../../../../arm-none-eabi/lib/thumb/v7e-m+fp/hard\libm.a
LOAD C:/ST/STM32CubeIDE_1.17.0/STM32CubeIDE/plugins/com.st.stm32cube.ide.mcu.externaltools.gnu-tools-for-stm32.12.3.rel1.win32_1.1.0.202410251130/tools/bin/../lib/gcc/arm-none-eabi/12.3.1/thumb/v7e-m+fp/hard\libgcc.a

.debug_info     0x00000000    0x2aec2
 .debug_info    0x00000000      0x437 ./Core/Src/crc.o
 .debug_info    0x00000437      0x8ac ./Core/Src/dma2d.o
 .debug_info    0x00000ce3      0x9a2 ./Core/Src/fmc.o
 .debug_info    0x00001685      0x522 ./Core/Src/freertos.o
 .debug_info    0x00001ba7      0x491 ./Core/Src/gpio.o
 .debug_info    0x00002038      0x9da ./Core/Src/i2c.o
 .debug_info    0x00002a12      0xd1d ./Core/Src/ltdc.o
 .debug_info    0x0000372f      0xb8d ./Core/Src/main.o
 .debug_info    0x000042bc      0x965 ./Core/Src/spi.o
 .debug_info    0x00004c21      0x505 ./Core/Src/stm32f4xx_hal_msp.o
 .debug_info    0x00005126      0xc40 ./Core/Src/stm32f4xx_hal_timebase_tim.o
 .debug_info    0x00005d66     0x12cf ./Core/Src/stm32f4xx_it.o
 .debug_info    0x00007035      0x168 ./Core/Src/sysmem.o
 .debug_info    0x0000719d      0x52e ./Core/Src/system_stm32f4xx.o
 .debug_info    0x000076cb      0x9b0 ./Core/Src/tim.o
 .debug_info    0x0000807b      0x935 ./Core/Src/usart.o
 .debug_info    0x000089b0       0x30 ./Core/Startup/startup_stm32f429zitx.o
 .debug_info    0x000089e0      0x9ba ./Drivers/STM32F4xx_HAL_Driver/stm32f4xx_hal.o
 .debug_info    0x0000939a      0xdc2 ./Drivers/STM32F4xx_HAL_Driver/stm32f4xx_hal_cortex.o
 .debug_info    0x0000a15c      0x37f ./Drivers/STM32F4xx_HAL_Driver/stm32f4xx_hal_crc.o
 .debug_info    0x0000a4db      0xe6e ./Drivers/STM32F4xx_HAL_Driver/stm32f4xx_hal_dma2d.o
 .debug_info    0x0000b349      0x6db ./Drivers/STM32F4xx_HAL_Driver/stm32f4xx_hal_gpio.o
 .debug_info    0x0000ba24     0x114c ./Drivers/STM32F4xx_HAL_Driver/stm32f4xx_hal_hcd.o
 .debug_info    0x0000cb70     0x2421 ./Drivers/STM32F4xx_HAL_Driver/stm32f4xx_hal_i2c.o
 .debug_info    0x0000ef91      0x672 ./Drivers/STM32F4xx_HAL_Driver/stm32f4xx_hal_i2c_ex.o
 .debug_info    0x0000f603     0x1022 ./Drivers/STM32F4xx_HAL_Driver/stm32f4xx_hal_ltdc.o
 .debug_info    0x00010625      0x8c7 ./Drivers/STM32F4xx_HAL_Driver/stm32f4xx_hal_rcc.o
 .debug_info    0x00010eec      0x64c ./Drivers/STM32F4xx_HAL_Driver/stm32f4xx_hal_rcc_ex.o
 .debug_info    0x00011538      0xeb4 ./Drivers/STM32F4xx_HAL_Driver/stm32f4xx_hal_sdram.o
 .debug_info    0x000123ec     0x1525 ./Drivers/STM32F4xx_HAL_Driver/stm32f4xx_hal_spi.o
 .debug_info    0x00013911     0x299d ./Drivers/STM32F4xx_HAL_Driver/stm32f4xx_hal_tim.o
 .debug_info    0x000162ae     0x14db ./Drivers/STM32F4xx_HAL_Driver/stm32f4xx_hal_tim_ex.o
 .debug_info    0x00017789     0x2f4f ./Drivers/STM32F4xx_HAL_Driver/stm32f4xx_hal_uart.o
 .debug_info    0x0001a6d8      0xe08 ./Drivers/STM32F4xx_HAL_Driver/stm32f4xx_ll_fmc.o
 .debug_info    0x0001b4e0     0x1993 ./Drivers/STM32F4xx_HAL_Driver/stm32f4xx_ll_usb.o
 .debug_info    0x0001ce73     0x1bfc ./Middlewares/FreeRTOS/cmsis_os.o
 .debug_info    0x0001ea6f      0x4f7 ./Middlewares/FreeRTOS/heap_4.o
 .debug_info    0x0001ef66      0x2af ./Middlewares/FreeRTOS/list.o
 .debug_info    0x0001f215      0x4de ./Middlewares/FreeRTOS/port.o
 .debug_info    0x0001f6f3     0x19b5 ./Middlewares/FreeRTOS/queue.o
 .debug_info    0x000210a8     0x1ee2 ./Middlewares/FreeRTOS/tasks.o
 .debug_info    0x00022f8a     0x15ac ./Middlewares/USB_Host_Library/usbh_cdc.o
 .debug_info    0x00024536     0x16f5 ./Middlewares/USB_Host_Library/usbh_core.o
 .debug_info    0x00025c2b     0x10e6 ./Middlewares/USB_Host_Library/usbh_ctlreq.o
 .debug_info    0x00026d11      0xca7 ./Middlewares/USB_Host_Library/usbh_ioreq.o
 .debug_info    0x000279b8      0xb0a ./Middlewares/USB_Host_Library/usbh_pipes.o
 .debug_info    0x000284c2      0xa6a ./USB_HOST/App/usb_host.o
 .debug_info    0x00028f2c     0x1dbe ./USB_HOST/Target/usbh_conf.o
 .debug_info    0x0002acea      0x1d8 ./USB_HOST/Target/usbh_platform.o

.debug_abbrev   0x00000000     0x6baa